#
# There is insufficient memory for the Java Runtime Environment to continue.
# Native memory allocation (malloc) failed to allocate 1810704 bytes. Error detail: Chunk::new
# Possible reasons:
#   The system is out of physical RAM or swap space
#   This process is running with CompressedOops enabled, and the Java Heap may be blocking the growth of the native heap
# Possible solutions:
#   Reduce memory load on the system
#   Increase physical memory or swap space
#   Check if swap backing store is full
#   Decrease Java heap size (-Xmx/-Xms)
#   Decrease number of Java threads
#   Decrease Java thread stack sizes (-Xss)
#   Set larger code cache with -XX:ReservedCodeCacheSize=
#   JVM is running with Unscaled Compressed Oops mode in which the Java heap is
#     placed in the first 4GB address space. The Java Heap base address is the
#     maximum limit for the native heap growth. Please use -XX:HeapBaseMinAddress
#     to set the Java Heap base and to place the Java Heap above 4GB virtual address.
# This output file may be truncated or incomplete.
#
#  Out of Memory Error (arena.cpp:150), pid=5160, tid=32844
#
# JRE version: Java(TM) SE Runtime Environment (22.0.1+8) (build 22.0.1+8-16)
# Java VM: Java HotSpot(TM) 64-Bit Server VM (22.0.1+8-16, mixed mode, sharing, tiered, compressed oops, compressed class ptrs, g1 gc, windows-amd64)
# No core dump will be written. Minidumps are not enabled by default on client versions of Windows
#

---------------  S U M M A R Y ------------

Command Line: C:\Users\Jay\.cache\opencode\bin\jdtls\plugins\org.eclipse.equinox.launcher_1.7.100.v20251111-0406.jar -configuration C:\Users\Jay\.cache\opencode\bin\jdtls\config_win -data C:\Users\Jay\AppData\Local\Temp\opencode-jdtls-dataecpLi2 -Declipse.application=org.eclipse.jdt.ls.core.id1 -Dosgi.bundles.defaultStartLevel=4 -Declipse.product=org.eclipse.jdt.ls.core.product -Dlog.level=ALL --add-modules=ALL-SYSTEM --add-opens java.base/java.util=ALL-UNNAMED --add-opens java.base/java.lang=ALL-UNNAMED

Host: AMD Ryzen 5 5600H with Radeon Graphics         , 12 cores, 7G,  Windows 11 , 64 bit Build 26100 (10.0.26100.7920)
Time: Wed Apr  8 12:23:41 2026 India Standard Time elapsed time: 9.597709 seconds (0d 0h 0m 9s)

---------------  T H R E A D  ---------------

Current thread (0x000002897f192ec0):  JavaThread "C2 CompilerThread0" daemon [_thread_in_native, id=32844, stack(0x000000c727800000,0x000000c727900000) (1024K)]


Current CompileTask:
C2:9597 9239 %     4       org.eclipse.jdt.internal.core.search.indexing.BinaryIndexer::extractReferenceFromConstantPool @ 15 (358 bytes)

Stack: [0x000000c727800000,0x000000c727900000]
Native frames: (J=compiled Java code, j=interpreted, Vv=VM code, C=native code)
V  [jvm.dll+0x6e2279]  (no source info available)
V  [jvm.dll+0x874e33]  (no source info available)
V  [jvm.dll+0x87725e]  (no source info available)
V  [jvm.dll+0x877933]  (no source info available)
V  [jvm.dll+0x27fd76]  (no source info available)
V  [jvm.dll+0xc3d0f]  (no source info available)
V  [jvm.dll+0xc3f6b]  (no source info available)
V  [jvm.dll+0x3bb10c]  (no source info available)
V  [jvm.dll+0x1df67c]  (no source info available)
V  [jvm.dll+0x247a5c]  (no source info available)
V  [jvm.dll+0x246fbf]  (no source info available)
V  [jvm.dll+0x1c4e90]  (no source info available)
V  [jvm.dll+0x2569fe]  (no source info available)
V  [jvm.dll+0x254cba]  (no source info available)
V  [jvm.dll+0x3f5336]  (no source info available)
V  [jvm.dll+0x81d44b]  (no source info available)
V  [jvm.dll+0x6e0915]  (no source info available)
C  [ucrtbase.dll+0x37b0]  (no source info available)
C  [KERNEL32.DLL+0x2e8d7]  (no source info available)
C  [ntdll.dll+0x8c48c]  (no source info available)


---------------  P R O C E S S  ---------------

Threads class SMR info:
_java_thread_list=0x000002894ca90160, length=31, elements={
0x000002896450f830, 0x000002897f16fc60, 0x000002897f1706c0, 0x000002897f17eaa0,
0x000002897f17f470, 0x000002897f17fc90, 0x000002897f1823a0, 0x000002897f192ec0,
0x000002897f194000, 0x0000028949169140, 0x000002894916ffe0, 0x00000289496ebb60,
0x0000028949cd0c10, 0x0000028949a63e40, 0x00000289499d47f0, 0x000002894a4cf880,
0x0000028949b0d490, 0x0000028949b10280, 0x0000028949b0e840, 0x0000028949b0ce00,
0x0000028949b0eed0, 0x0000028949297540, 0x0000028949b0f560, 0x0000028949b0db20,
0x0000028949b0fbf0, 0x000002894bbb6440, 0x000002894bbb7e80, 0x000002894bbb7160,
0x000002894bbb6ad0, 0x000002894bbb5090, 0x000002894bbb77f0
}

Java Threads: ( => current thread )
  0x000002896450f830 JavaThread "main"                              [_thread_blocked, id=23696, stack(0x000000c726a00000,0x000000c726b00000) (1024K)]
  0x000002897f16fc60 JavaThread "Reference Handler"          daemon [_thread_blocked, id=28960, stack(0x000000c727200000,0x000000c727300000) (1024K)]
  0x000002897f1706c0 JavaThread "Finalizer"                  daemon [_thread_blocked, id=34080, stack(0x000000c727300000,0x000000c727400000) (1024K)]
  0x000002897f17eaa0 JavaThread "Signal Dispatcher"          daemon [_thread_blocked, id=12600, stack(0x000000c727400000,0x000000c727500000) (1024K)]
  0x000002897f17f470 JavaThread "Attach Listener"            daemon [_thread_blocked, id=28100, stack(0x000000c727500000,0x000000c727600000) (1024K)]
  0x000002897f17fc90 JavaThread "Service Thread"             daemon [_thread_blocked, id=29500, stack(0x000000c727600000,0x000000c727700000) (1024K)]
  0x000002897f1823a0 JavaThread "Monitor Deflation Thread"   daemon [_thread_blocked, id=15420, stack(0x000000c727700000,0x000000c727800000) (1024K)]
=>0x000002897f192ec0 JavaThread "C2 CompilerThread0"         daemon [_thread_in_native, id=32844, stack(0x000000c727800000,0x000000c727900000) (1024K)]
  0x000002897f194000 JavaThread "C1 CompilerThread0"         daemon [_thread_blocked, id=34228, stack(0x000000c727900000,0x000000c727a00000) (1024K)]
  0x0000028949169140 JavaThread "Notification Thread"        daemon [_thread_blocked, id=19632, stack(0x000000c727a00000,0x000000c727b00000) (1024K)]
  0x000002894916ffe0 JavaThread "Common-Cleaner"             daemon [_thread_blocked, id=20028, stack(0x000000c727b00000,0x000000c727c00000) (1024K)]
  0x00000289496ebb60 JavaThread "Active Thread: Equinox Container: f6469bce-4307-4f84-b851-b30c65a73092"        [_thread_blocked, id=33428, stack(0x000000c727d00000,0x000000c727e00000) (1024K)]
  0x0000028949cd0c10 JavaThread "Refresh Thread: Equinox Container: f6469bce-4307-4f84-b851-b30c65a73092" daemon [_thread_blocked, id=33256, stack(0x000000c728400000,0x000000c728500000) (1024K)]
  0x0000028949a63e40 JavaThread "Framework Event Dispatcher: Equinox Container: f6469bce-4307-4f84-b851-b30c65a73092" daemon [_thread_blocked, id=18608, stack(0x000000c728500000,0x000000c728600000) (1024K)]
  0x00000289499d47f0 JavaThread "Start Level: Equinox Container: f6469bce-4307-4f84-b851-b30c65a73092" daemon [_thread_blocked, id=31360, stack(0x000000c728600000,0x000000c728700000) (1024K)]
  0x000002894a4cf880 JavaThread "Bundle File Closer"         daemon [_thread_blocked, id=30416, stack(0x000000c728700000,0x000000c728800000) (1024K)]
  0x0000028949b0d490 JavaThread "SCR Component Actor"        daemon [_thread_blocked, id=19296, stack(0x000000c728b00000,0x000000c728c00000) (1024K)]
  0x0000028949b10280 JavaThread "Worker-JM"                         [_thread_blocked, id=15340, stack(0x000000c728c00000,0x000000c728d00000) (1024K)]
  0x0000028949b0e840 JavaThread "Worker-0"                          [_thread_blocked, id=30484, stack(0x000000c728d00000,0x000000c728e00000) (1024K)]
  0x0000028949b0ce00 JavaThread "Worker-1: Initialize Workspace"        [_thread_in_Java, id=33268, stack(0x000000c728e00000,0x000000c728f00000) (1024K)]
  0x0000028949b0eed0 JavaThread "Java indexing"              daemon [_thread_in_Java, id=14220, stack(0x000000c729100000,0x000000c729200000) (1024K)]
  0x0000028949297540 JavaThread "C2 CompilerThread1"         daemon [_thread_in_native, id=24552, stack(0x000000c727c00000,0x000000c727d00000) (1024K)]
  0x0000028949b0f560 JavaThread "JNA Cleaner"                daemon [_thread_blocked, id=30136, stack(0x000000c729200000,0x000000c729300000) (1024K)]
  0x0000028949b0db20 JavaThread "Worker-2: Java indexing... "        [_thread_blocked, id=22568, stack(0x000000c729500000,0x000000c729600000) (1024K)]
  0x0000028949b0fbf0 JavaThread "Worker-3"                          [_thread_blocked, id=28836, stack(0x000000c729600000,0x000000c729700000) (1024K)]
  0x000002894bbb6440 JavaThread "pool-2-thread-1"                   [_thread_blocked, id=28228, stack(0x000000c729700000,0x000000c729800000) (1024K)]
  0x000002894bbb7e80 JavaThread "Worker-4"                          [_thread_blocked, id=24400, stack(0x000000c729800000,0x000000c729900000) (1024K)]
  0x000002894bbb7160 JavaThread "Worker-5"                          [_thread_blocked, id=2204, stack(0x000000c729900000,0x000000c729a00000) (1024K)]
  0x000002894bbb6ad0 JavaThread "WorkspaceEventsHandler"            [_thread_blocked, id=24656, stack(0x000000c729b00000,0x000000c729c00000) (1024K)]
  0x000002894bbb5090 JavaThread "pool-1-thread-1"                   [_thread_blocked, id=24172, stack(0x000000c729c00000,0x000000c729d00000) (1024K)]
  0x000002894bbb77f0 JavaThread "Keep-Alive-Timer"           daemon [_thread_blocked, id=33348, stack(0x000000c729d00000,0x000000c729e00000) (1024K)]
Total: 31

Other Threads:
  0x000002897f1503c0 VMThread "VM Thread"                           [id=34508, stack(0x000000c727100000,0x000000c727200000) (1024K)]
  0x000002897f134810 WatcherThread "VM Periodic Task Thread"        [id=34840, stack(0x000000c727000000,0x000000c727100000) (1024K)]
  0x000002896455e920 WorkerThread "GC Thread#0"                     [id=27620, stack(0x000000c726b00000,0x000000c726c00000) (1024K)]
  0x0000028949f32560 WorkerThread "GC Thread#1"                     [id=27712, stack(0x000000c727e00000,0x000000c727f00000) (1024K)]
  0x0000028949f32910 WorkerThread "GC Thread#2"                     [id=34860, stack(0x000000c727f00000,0x000000c728000000) (1024K)]
  0x0000028949f32cc0 WorkerThread "GC Thread#3"                     [id=6304, stack(0x000000c728000000,0x000000c728100000) (1024K)]
  0x0000028949bd38d0 WorkerThread "GC Thread#4"                     [id=27284, stack(0x000000c728100000,0x000000c728200000) (1024K)]
  0x0000028949bd2dc0 WorkerThread "GC Thread#5"                     [id=15928, stack(0x000000c728200000,0x000000c728300000) (1024K)]
  0x0000028949bd3170 WorkerThread "GC Thread#6"                     [id=1696, stack(0x000000c728300000,0x000000c728400000) (1024K)]
  0x0000028949bd3520 WorkerThread "GC Thread#7"                     [id=30460, stack(0x000000c728800000,0x000000c728900000) (1024K)]
  0x0000028949bd3c80 WorkerThread "GC Thread#8"                     [id=17052, stack(0x000000c728900000,0x000000c728a00000) (1024K)]
  0x0000028949bd4030 WorkerThread "GC Thread#9"                     [id=31668, stack(0x000000c728a00000,0x000000c728b00000) (1024K)]
  0x000002896456f370 ConcurrentGCThread "G1 Main Marker"            [id=30756, stack(0x000000c726c00000,0x000000c726d00000) (1024K)]
  0x0000028964570cb0 WorkerThread "G1 Conc#0"                       [id=22548, stack(0x000000c726d00000,0x000000c726e00000) (1024K)]
  0x000002894ada3a90 WorkerThread "G1 Conc#1"                       [id=23868, stack(0x000000c728f00000,0x000000c729000000) (1024K)]
  0x000002894ada4950 WorkerThread "G1 Conc#2"                       [id=30240, stack(0x000000c729000000,0x000000c729100000) (1024K)]
  0x00000289645ce9e0 ConcurrentGCThread "G1 Refine#0"               [id=23928, stack(0x000000c726e00000,0x000000c726f00000) (1024K)]
  0x000002897f0085b0 ConcurrentGCThread "G1 Service"                [id=16452, stack(0x000000c726f00000,0x000000c727000000) (1024K)]
Total: 18

Threads with active compile tasks:
C2 CompilerThread0  9732 9239 %     4       org.eclipse.jdt.internal.core.search.indexing.BinaryIndexer::extractReferenceFromConstantPool @ 15 (358 bytes)
C2 CompilerThread1  9732 9192   !   4       org.eclipse.jdt.internal.compiler.classfmt.ClassFileReader::<init> (1968 bytes)
Total: 2

VM state: not at safepoint (normal execution)

VM Mutex/Monitor currently owned by a thread: None

Heap address: 0x000000008a600000, size: 1882 MB, Compressed Oops mode: 32-bit

CDS archive(s) mapped at: [0x0000028904000000-0x0000028904c60000-0x0000028904c60000), size 12976128, SharedBaseAddress: 0x0000028904000000, ArchiveRelocationMode: 1.
Compressed class space mapped at: 0x0000028905000000-0x0000028945000000, reserved size: 1073741824
Narrow klass base: 0x0000028904000000, Narrow klass shift: 0, Narrow klass range: 0x41000000

GC Precious Log:
 CardTable entry size: 512
 Card Set container configuration: InlinePtr #cards 5 size 8 Array Of Cards #cards 12 size 40 Howl #buckets 4 coarsen threshold 1843 Howl Bitmap #cards 512 size 80 coarsen threshold 460 Card regions per heap region 1 cards per card region 2048
 CPUs: 12 total, 12 available
 Memory: 7521M
 Large Page Support: Disabled
 NUMA Support: Disabled
 Compressed Oops: Enabled (32-bit)
 Heap Region Size: 1M
 Heap Min Capacity: 8M
 Heap Initial Capacity: 118M
 Heap Max Capacity: 1882M
 Pre-touch: Disabled
 Parallel Workers: 10
 Concurrent Workers: 3
 Concurrent Refinement Workers: 10
 Periodic GC: Disabled

Heap:
 garbage-first heap   total reserved 1927168K, committed 210944K, used 162691K [0x000000008a600000, 0x0000000100000000)
  region size 1024K, 51 young (52224K), 10 survivors (10240K)
 Metaspace       used 55588K, committed 56832K, reserved 1114112K
  class space    used 6047K, committed 6592K, reserved 1048576K

Heap Regions: E=young(eden), S=young(survivor), O=old, HS=humongous(starts), HC=humongous(continues), CS=collection set, F=free, TAMS=top-at-mark-start, PB=parsable bottom
|   0|0x000000008a600000, 0x000000008a700000, 0x000000008a700000|100%| O|  |TAMS 0x000000008a600000| PB 0x000000008a600000| Untracked |  0
|   1|0x000000008a700000, 0x000000008a800000, 0x000000008a800000|100%| O|  |TAMS 0x000000008a700000| PB 0x000000008a700000| Untracked |  0
|   2|0x000000008a800000, 0x000000008a900000, 0x000000008a900000|100%| O|  |TAMS 0x000000008a800000| PB 0x000000008a800000| Untracked |  0
|   3|0x000000008a900000, 0x000000008aa00000, 0x000000008aa00000|100%| O|  |TAMS 0x000000008a900000| PB 0x000000008a900000| Untracked |  0
|   4|0x000000008aa00000, 0x000000008ab00000, 0x000000008ab00000|100%| O|  |TAMS 0x000000008aa00000| PB 0x000000008aa00000| Untracked |  0
|   5|0x000000008ab00000, 0x000000008ac00000, 0x000000008ac00000|100%| O|  |TAMS 0x000000008ab00000| PB 0x000000008ab00000| Untracked |  0
|   6|0x000000008ac00000, 0x000000008ad00000, 0x000000008ad00000|100%|HS|  |TAMS 0x000000008ac00000| PB 0x000000008ac00000| Complete |  0
|   7|0x000000008ad00000, 0x000000008ae00000, 0x000000008ae00000|100%| O|  |TAMS 0x000000008ad00000| PB 0x000000008ad00000| Untracked |  0
|   8|0x000000008ae00000, 0x000000008af00000, 0x000000008af00000|100%| O|  |TAMS 0x000000008ae00000| PB 0x000000008ae00000| Untracked |  0
|   9|0x000000008af00000, 0x000000008b000000, 0x000000008b000000|100%| O|  |TAMS 0x000000008af00000| PB 0x000000008af00000| Untracked |  0
|  10|0x000000008b000000, 0x000000008b100000, 0x000000008b100000|100%| O|  |TAMS 0x000000008b000000| PB 0x000000008b000000| Untracked |  0
|  11|0x000000008b100000, 0x000000008b200000, 0x000000008b200000|100%| O|  |TAMS 0x000000008b100000| PB 0x000000008b100000| Untracked |  0
|  12|0x000000008b200000, 0x000000008b300000, 0x000000008b300000|100%| O|  |TAMS 0x000000008b200000| PB 0x000000008b200000| Untracked |  0
|  13|0x000000008b300000, 0x000000008b400000, 0x000000008b400000|100%| O|  |TAMS 0x000000008b300000| PB 0x000000008b300000| Untracked |  0
|  14|0x000000008b400000, 0x000000008b500000, 0x000000008b500000|100%| O|  |TAMS 0x000000008b400000| PB 0x000000008b400000| Untracked |  0
|  15|0x000000008b500000, 0x000000008b600000, 0x000000008b600000|100%|HS|  |TAMS 0x000000008b500000| PB 0x000000008b500000| Complete |  0
|  16|0x000000008b600000, 0x000000008b700000, 0x000000008b700000|100%| O|  |TAMS 0x000000008b600000| PB 0x000000008b600000| Untracked |  0
|  17|0x000000008b700000, 0x000000008b800000, 0x000000008b800000|100%| O|  |TAMS 0x000000008b700000| PB 0x000000008b700000| Untracked |  0
|  18|0x000000008b800000, 0x000000008b900000, 0x000000008b900000|100%| O|  |TAMS 0x000000008b800000| PB 0x000000008b800000| Untracked |  0
|  19|0x000000008b900000, 0x000000008ba00000, 0x000000008ba00000|100%| O|  |TAMS 0x000000008b900000| PB 0x000000008b900000| Untracked |  0
|  20|0x000000008ba00000, 0x000000008bb00000, 0x000000008bb00000|100%| O|  |TAMS 0x000000008ba00000| PB 0x000000008ba00000| Untracked |  0
|  21|0x000000008bb00000, 0x000000008bc00000, 0x000000008bc00000|100%| O|  |TAMS 0x000000008bb00000| PB 0x000000008bb00000| Untracked |  0
|  22|0x000000008bc00000, 0x000000008bd00000, 0x000000008bd00000|100%| O|  |TAMS 0x000000008bc00000| PB 0x000000008bc00000| Untracked |  0
|  23|0x000000008bd00000, 0x000000008be00000, 0x000000008be00000|100%| O|  |TAMS 0x000000008bd00000| PB 0x000000008bd00000| Untracked |  0
|  24|0x000000008be00000, 0x000000008bf00000, 0x000000008bf00000|100%| O|  |TAMS 0x000000008be00000| PB 0x000000008be00000| Untracked |  0
|  25|0x000000008bf00000, 0x000000008c000000, 0x000000008c000000|100%| O|  |TAMS 0x000000008bf00000| PB 0x000000008bf00000| Untracked |  0
|  26|0x000000008c000000, 0x000000008c100000, 0x000000008c100000|100%| O|  |TAMS 0x000000008c000000| PB 0x000000008c000000| Untracked |  0
|  27|0x000000008c100000, 0x000000008c200000, 0x000000008c200000|100%| O|  |TAMS 0x000000008c100000| PB 0x000000008c100000| Untracked |  0
|  28|0x000000008c200000, 0x000000008c300000, 0x000000008c300000|100%| O|  |TAMS 0x000000008c200000| PB 0x000000008c200000| Untracked |  0
|  29|0x000000008c300000, 0x000000008c400000, 0x000000008c400000|100%| O|  |TAMS 0x000000008c300000| PB 0x000000008c300000| Untracked |  0
|  30|0x000000008c400000, 0x000000008c500000, 0x000000008c500000|100%| O|  |TAMS 0x000000008c400000| PB 0x000000008c400000| Untracked |  0
|  31|0x000000008c500000, 0x000000008c600000, 0x000000008c600000|100%| O|  |TAMS 0x000000008c500000| PB 0x000000008c500000| Untracked |  0
|  32|0x000000008c600000, 0x000000008c700000, 0x000000008c700000|100%| O|  |TAMS 0x000000008c600000| PB 0x000000008c600000| Untracked |  0
|  33|0x000000008c700000, 0x000000008c800000, 0x000000008c800000|100%| O|  |TAMS 0x000000008c700000| PB 0x000000008c700000| Untracked |  0
|  34|0x000000008c800000, 0x000000008c900000, 0x000000008c900000|100%| O|  |TAMS 0x000000008c800000| PB 0x000000008c800000| Untracked |  0
|  35|0x000000008c900000, 0x000000008ca00000, 0x000000008ca00000|100%| O|  |TAMS 0x000000008c900000| PB 0x000000008c900000| Untracked |  0
|  36|0x000000008ca00000, 0x000000008cb00000, 0x000000008cb00000|100%| O|  |TAMS 0x000000008ca00000| PB 0x000000008ca00000| Untracked |  0
|  37|0x000000008cb00000, 0x000000008cc00000, 0x000000008cc00000|100%| O|  |TAMS 0x000000008cb00000| PB 0x000000008cb00000| Untracked |  0
|  38|0x000000008cc00000, 0x000000008cd00000, 0x000000008cd00000|100%| O|  |TAMS 0x000000008cc00000| PB 0x000000008cc00000| Untracked |  0
|  39|0x000000008cd00000, 0x000000008ce00000, 0x000000008ce00000|100%| O|  |TAMS 0x000000008cd00000| PB 0x000000008cd00000| Untracked |  0
|  40|0x000000008ce00000, 0x000000008cf00000, 0x000000008cf00000|100%| O|  |TAMS 0x000000008ce00000| PB 0x000000008ce00000| Untracked |  0
|  41|0x000000008cf00000, 0x000000008d000000, 0x000000008d000000|100%| O|  |TAMS 0x000000008cf00000| PB 0x000000008cf00000| Untracked |  0
|  42|0x000000008d000000, 0x000000008d100000, 0x000000008d100000|100%| O|  |TAMS 0x000000008d000000| PB 0x000000008d000000| Untracked |  0
|  43|0x000000008d100000, 0x000000008d200000, 0x000000008d200000|100%| O|  |TAMS 0x000000008d100000| PB 0x000000008d100000| Untracked |  0
|  44|0x000000008d200000, 0x000000008d300000, 0x000000008d300000|100%| O|  |TAMS 0x000000008d200000| PB 0x000000008d200000| Untracked |  0
|  45|0x000000008d300000, 0x000000008d400000, 0x000000008d400000|100%| O|  |TAMS 0x000000008d300000| PB 0x000000008d300000| Untracked |  0
|  46|0x000000008d400000, 0x000000008d500000, 0x000000008d500000|100%| O|  |TAMS 0x000000008d400000| PB 0x000000008d400000| Untracked |  0
|  47|0x000000008d500000, 0x000000008d600000, 0x000000008d600000|100%| O|  |TAMS 0x000000008d500000| PB 0x000000008d500000| Untracked |  0
|  48|0x000000008d600000, 0x000000008d700000, 0x000000008d700000|100%| O|  |TAMS 0x000000008d600000| PB 0x000000008d600000| Untracked |  0
|  49|0x000000008d700000, 0x000000008d800000, 0x000000008d800000|100%| O|  |TAMS 0x000000008d700000| PB 0x000000008d700000| Untracked |  0
|  50|0x000000008d800000, 0x000000008d900000, 0x000000008d900000|100%| O|  |TAMS 0x000000008d800000| PB 0x000000008d800000| Untracked |  0
|  51|0x000000008d900000, 0x000000008da00000, 0x000000008da00000|100%| O|  |TAMS 0x000000008d900000| PB 0x000000008d900000| Untracked |  0
|  52|0x000000008da00000, 0x000000008db00000, 0x000000008db00000|100%| O|  |TAMS 0x000000008da00000| PB 0x000000008da00000| Untracked |  0
|  53|0x000000008db00000, 0x000000008dc00000, 0x000000008dc00000|100%| O|  |TAMS 0x000000008db00000| PB 0x000000008db00000| Untracked |  0
|  54|0x000000008dc00000, 0x000000008dd00000, 0x000000008dd00000|100%| O|  |TAMS 0x000000008dc00000| PB 0x000000008dc00000| Untracked |  0
|  55|0x000000008dd00000, 0x000000008de00000, 0x000000008de00000|100%| O|  |TAMS 0x000000008dd00000| PB 0x000000008dd00000| Untracked |  0
|  56|0x000000008de00000, 0x000000008df00000, 0x000000008df00000|100%| O|  |TAMS 0x000000008de00000| PB 0x000000008de00000| Untracked |  0
|  57|0x000000008df00000, 0x000000008e000000, 0x000000008e000000|100%| O|  |TAMS 0x000000008df00000| PB 0x000000008df00000| Untracked |  0
|  58|0x000000008e000000, 0x000000008e100000, 0x000000008e100000|100%| O|  |TAMS 0x000000008e000000| PB 0x000000008e000000| Untracked |  0
|  59|0x000000008e100000, 0x000000008e200000, 0x000000008e200000|100%| O|  |TAMS 0x000000008e100000| PB 0x000000008e100000| Untracked |  0
|  60|0x000000008e200000, 0x000000008e300000, 0x000000008e300000|100%| O|  |TAMS 0x000000008e200000| PB 0x000000008e200000| Untracked |  0
|  61|0x000000008e300000, 0x000000008e400000, 0x000000008e400000|100%| O|  |TAMS 0x000000008e300000| PB 0x000000008e300000| Untracked |  0
|  62|0x000000008e400000, 0x000000008e500000, 0x000000008e500000|100%| O|  |TAMS 0x000000008e400000| PB 0x000000008e400000| Untracked |  0
|  63|0x000000008e500000, 0x000000008e600000, 0x000000008e600000|100%| O|  |TAMS 0x000000008e500000| PB 0x000000008e500000| Untracked |  0
|  64|0x000000008e600000, 0x000000008e700000, 0x000000008e700000|100%| O|  |TAMS 0x000000008e600000| PB 0x000000008e600000| Untracked |  0
|  65|0x000000008e700000, 0x000000008e800000, 0x000000008e800000|100%| O|  |TAMS 0x000000008e700000| PB 0x000000008e700000| Untracked |  0
|  66|0x000000008e800000, 0x000000008e900000, 0x000000008e900000|100%| O|  |TAMS 0x000000008e800000| PB 0x000000008e800000| Untracked |  0
|  67|0x000000008e900000, 0x000000008ea00000, 0x000000008ea00000|100%| O|  |TAMS 0x000000008e900000| PB 0x000000008e900000| Untracked |  0
|  68|0x000000008ea00000, 0x000000008eb00000, 0x000000008eb00000|100%| O|Cm|TAMS 0x000000008ea00000| PB 0x000000008ea00000| Complete |  0
|  69|0x000000008eb00000, 0x000000008ec00000, 0x000000008ec00000|100%| O|  |TAMS 0x000000008eb00000| PB 0x000000008eb00000| Untracked |  0
|  70|0x000000008ec00000, 0x000000008ed00000, 0x000000008ed00000|100%|HS|  |TAMS 0x000000008ec00000| PB 0x000000008ec00000| Complete |  0
|  71|0x000000008ed00000, 0x000000008ee00000, 0x000000008ee00000|100%| O|  |TAMS 0x000000008ed00000| PB 0x000000008ed00000| Untracked |  0
|  72|0x000000008ee00000, 0x000000008ef00000, 0x000000008ef00000|100%| O|  |TAMS 0x000000008ee00000| PB 0x000000008ee00000| Untracked |  0
|  73|0x000000008ef00000, 0x000000008f000000, 0x000000008f000000|100%| O|  |TAMS 0x000000008ef00000| PB 0x000000008ef00000| Untracked |  0
|  74|0x000000008f000000, 0x000000008f100000, 0x000000008f100000|100%| O|Cm|TAMS 0x000000008f000000| PB 0x000000008f000000| Complete |  0
|  75|0x000000008f100000, 0x000000008f200000, 0x000000008f200000|100%| O|  |TAMS 0x000000008f100000| PB 0x000000008f100000| Untracked |  0
|  76|0x000000008f200000, 0x000000008f300000, 0x000000008f300000|100%| O|  |TAMS 0x000000008f200000| PB 0x000000008f200000| Untracked |  0
|  77|0x000000008f300000, 0x000000008f400000, 0x000000008f400000|100%| O|  |TAMS 0x000000008f300000| PB 0x000000008f300000| Untracked |  0
|  78|0x000000008f400000, 0x000000008f500000, 0x000000008f500000|100%| O|  |TAMS 0x000000008f400000| PB 0x000000008f400000| Untracked |  0
|  79|0x000000008f500000, 0x000000008f600000, 0x000000008f600000|100%| O|  |TAMS 0x000000008f500000| PB 0x000000008f500000| Untracked |  0
|  80|0x000000008f600000, 0x000000008f700000, 0x000000008f700000|100%| O|  |TAMS 0x000000008f600000| PB 0x000000008f600000| Untracked |  0
|  81|0x000000008f700000, 0x000000008f800000, 0x000000008f800000|100%| O|  |TAMS 0x000000008f700000| PB 0x000000008f700000| Untracked |  0
|  82|0x000000008f800000, 0x000000008f900000, 0x000000008f900000|100%| O|  |TAMS 0x000000008f800000| PB 0x000000008f800000| Untracked |  0
|  83|0x000000008f900000, 0x000000008fa00000, 0x000000008fa00000|100%| O|  |TAMS 0x000000008f900000| PB 0x000000008f900000| Untracked |  0
|  84|0x000000008fa00000, 0x000000008fb00000, 0x000000008fb00000|100%| O|Cm|TAMS 0x000000008fa00000| PB 0x000000008fa00000| Complete |  0
|  85|0x000000008fb00000, 0x000000008fc00000, 0x000000008fc00000|100%| O|  |TAMS 0x000000008fb00000| PB 0x000000008fb00000| Untracked |  0
|  86|0x000000008fc00000, 0x000000008fd00000, 0x000000008fd00000|100%| O|  |TAMS 0x000000008fc00000| PB 0x000000008fc00000| Untracked |  0
|  87|0x000000008fd00000, 0x000000008fe00000, 0x000000008fe00000|100%| O|  |TAMS 0x000000008fd00000| PB 0x000000008fd00000| Untracked |  0
|  88|0x000000008fe00000, 0x000000008ff00000, 0x000000008ff00000|100%| O|  |TAMS 0x000000008fe00000| PB 0x000000008fe00000| Untracked |  0
|  89|0x000000008ff00000, 0x0000000090000000, 0x0000000090000000|100%| O|  |TAMS 0x000000008ff00000| PB 0x000000008ff00000| Untracked |  0
|  90|0x0000000090000000, 0x0000000090100000, 0x0000000090100000|100%| O|  |TAMS 0x0000000090000000| PB 0x0000000090000000| Untracked |  0
|  91|0x0000000090100000, 0x0000000090200000, 0x0000000090200000|100%| O|Cm|TAMS 0x0000000090100000| PB 0x0000000090100000| Complete |  0
|  92|0x0000000090200000, 0x0000000090300000, 0x0000000090300000|100%| O|  |TAMS 0x0000000090200000| PB 0x0000000090200000| Untracked |  0
|  93|0x0000000090300000, 0x0000000090400000, 0x0000000090400000|100%| O|  |TAMS 0x0000000090300000| PB 0x0000000090300000| Untracked |  0
|  94|0x0000000090400000, 0x0000000090500000, 0x0000000090500000|100%| O|  |TAMS 0x0000000090400000| PB 0x0000000090400000| Untracked |  0
|  95|0x0000000090500000, 0x0000000090600000, 0x0000000090600000|100%| O|  |TAMS 0x0000000090500000| PB 0x0000000090500000| Untracked |  0
|  96|0x0000000090600000, 0x0000000090700000, 0x0000000090700000|100%| O|  |TAMS 0x0000000090600000| PB 0x0000000090600000| Untracked |  0
|  97|0x0000000090700000, 0x0000000090800000, 0x0000000090800000|100%| O|  |TAMS 0x0000000090700000| PB 0x0000000090700000| Untracked |  0
|  98|0x0000000090800000, 0x0000000090900000, 0x0000000090900000|100%| O|  |TAMS 0x0000000090800000| PB 0x0000000090800000| Untracked |  0
|  99|0x0000000090900000, 0x0000000090a00000, 0x0000000090a00000|100%| O|  |TAMS 0x0000000090900000| PB 0x0000000090900000| Untracked |  0
| 100|0x0000000090a00000, 0x0000000090b00000, 0x0000000090b00000|100%| O|  |TAMS 0x0000000090a00000| PB 0x0000000090a00000| Untracked |  0
| 101|0x0000000090b00000, 0x0000000090c00000, 0x0000000090c00000|100%| O|  |TAMS 0x0000000090b00000| PB 0x0000000090b00000| Untracked |  0
| 102|0x0000000090c00000, 0x0000000090d00000, 0x0000000090d00000|100%| O|  |TAMS 0x0000000090c00000| PB 0x0000000090c00000| Untracked |  0
| 103|0x0000000090d00000, 0x0000000090e00000, 0x0000000090e00000|100%| O|  |TAMS 0x0000000090d00000| PB 0x0000000090d00000| Untracked |  0
| 104|0x0000000090e00000, 0x0000000090f00000, 0x0000000090f00000|100%| O|  |TAMS 0x0000000090e00000| PB 0x0000000090e00000| Untracked |  0
| 105|0x0000000090f00000, 0x0000000090fe0d80, 0x0000000091000000| 87%| O|  |TAMS 0x0000000090f00000| PB 0x0000000090f00000| Untracked |  0
| 106|0x0000000091000000, 0x0000000091100000, 0x0000000091100000|100%|HS|  |TAMS 0x0000000091000000| PB 0x0000000091000000| Complete |  0
| 107|0x0000000091100000, 0x0000000091200000, 0x0000000091200000|100%|HC|  |TAMS 0x0000000091100000| PB 0x0000000091100000| Complete |  0
| 108|0x0000000091200000, 0x0000000091200000, 0x0000000091300000|  0%| F|  |TAMS 0x0000000091200000| PB 0x0000000091200000| Untracked |  0
| 109|0x0000000091300000, 0x0000000091300000, 0x0000000091400000|  0%| F|  |TAMS 0x0000000091300000| PB 0x0000000091300000| Untracked |  0
| 110|0x0000000091400000, 0x0000000091400000, 0x0000000091500000|  0%| F|  |TAMS 0x0000000091400000| PB 0x0000000091400000| Untracked |  0
| 111|0x0000000091500000, 0x0000000091500000, 0x0000000091600000|  0%| F|  |TAMS 0x0000000091500000| PB 0x0000000091500000| Untracked |  0
| 112|0x0000000091600000, 0x0000000091600000, 0x0000000091700000|  0%| F|  |TAMS 0x0000000091600000| PB 0x0000000091600000| Untracked |  0
| 113|0x0000000091700000, 0x0000000091700000, 0x0000000091800000|  0%| F|  |TAMS 0x0000000091700000| PB 0x0000000091700000| Untracked |  0
| 114|0x0000000091800000, 0x0000000091800000, 0x0000000091900000|  0%| F|  |TAMS 0x0000000091800000| PB 0x0000000091800000| Untracked |  0
| 115|0x0000000091900000, 0x0000000091900000, 0x0000000091a00000|  0%| F|  |TAMS 0x0000000091900000| PB 0x0000000091900000| Untracked |  0
| 116|0x0000000091a00000, 0x0000000091a00000, 0x0000000091b00000|  0%| F|  |TAMS 0x0000000091a00000| PB 0x0000000091a00000| Untracked |  0
| 117|0x0000000091b00000, 0x0000000091b00000, 0x0000000091c00000|  0%| F|  |TAMS 0x0000000091b00000| PB 0x0000000091b00000| Untracked |  0
| 118|0x0000000091c00000, 0x0000000091c00000, 0x0000000091d00000|  0%| F|  |TAMS 0x0000000091c00000| PB 0x0000000091c00000| Untracked |  0
| 119|0x0000000091d00000, 0x0000000091d00000, 0x0000000091e00000|  0%| F|  |TAMS 0x0000000091d00000| PB 0x0000000091d00000| Untracked |  0
| 120|0x0000000091e00000, 0x0000000091e00000, 0x0000000091f00000|  0%| F|  |TAMS 0x0000000091e00000| PB 0x0000000091e00000| Untracked |  0
| 121|0x0000000091f00000, 0x0000000091f00000, 0x0000000092000000|  0%| F|  |TAMS 0x0000000091f00000| PB 0x0000000091f00000| Untracked |  0
| 122|0x0000000092000000, 0x0000000092000000, 0x0000000092100000|  0%| F|  |TAMS 0x0000000092000000| PB 0x0000000092000000| Untracked |  0
| 123|0x0000000092100000, 0x0000000092100000, 0x0000000092200000|  0%| F|  |TAMS 0x0000000092100000| PB 0x0000000092100000| Untracked |  0
| 124|0x0000000092200000, 0x0000000092200000, 0x0000000092300000|  0%| F|  |TAMS 0x0000000092200000| PB 0x0000000092200000| Untracked |  0
| 125|0x0000000092300000, 0x0000000092300000, 0x0000000092400000|  0%| F|  |TAMS 0x0000000092300000| PB 0x0000000092300000| Untracked |  0
| 126|0x0000000092400000, 0x0000000092400000, 0x0000000092500000|  0%| F|  |TAMS 0x0000000092400000| PB 0x0000000092400000| Untracked |  0
| 127|0x0000000092500000, 0x0000000092500000, 0x0000000092600000|  0%| F|  |TAMS 0x0000000092500000| PB 0x0000000092500000| Untracked |  0
| 128|0x0000000092600000, 0x0000000092600000, 0x0000000092700000|  0%| F|  |TAMS 0x0000000092600000| PB 0x0000000092600000| Untracked |  0
| 129|0x0000000092700000, 0x0000000092700000, 0x0000000092800000|  0%| F|  |TAMS 0x0000000092700000| PB 0x0000000092700000| Untracked |  0
| 130|0x0000000092800000, 0x0000000092800000, 0x0000000092900000|  0%| F|  |TAMS 0x0000000092800000| PB 0x0000000092800000| Untracked |  0
| 131|0x0000000092900000, 0x0000000092a00000, 0x0000000092a00000|100%| S|CS|TAMS 0x0000000092900000| PB 0x0000000092900000| Complete |  0
| 132|0x0000000092a00000, 0x0000000092b00000, 0x0000000092b00000|100%| S|CS|TAMS 0x0000000092a00000| PB 0x0000000092a00000| Complete |  0
| 133|0x0000000092b00000, 0x0000000092c00000, 0x0000000092c00000|100%| S|CS|TAMS 0x0000000092b00000| PB 0x0000000092b00000| Complete |  0
| 134|0x0000000092c00000, 0x0000000092d00000, 0x0000000092d00000|100%| S|CS|TAMS 0x0000000092c00000| PB 0x0000000092c00000| Complete |  0
| 135|0x0000000092d00000, 0x0000000092e00000, 0x0000000092e00000|100%| S|CS|TAMS 0x0000000092d00000| PB 0x0000000092d00000| Complete |  0
| 136|0x0000000092e00000, 0x0000000092f00000, 0x0000000092f00000|100%| S|CS|TAMS 0x0000000092e00000| PB 0x0000000092e00000| Complete |  0
| 137|0x0000000092f00000, 0x0000000093000000, 0x0000000093000000|100%| S|CS|TAMS 0x0000000092f00000| PB 0x0000000092f00000| Complete |  0
| 138|0x0000000093000000, 0x0000000093100000, 0x0000000093100000|100%| S|CS|TAMS 0x0000000093000000| PB 0x0000000093000000| Complete |  0
| 139|0x0000000093100000, 0x0000000093200000, 0x0000000093200000|100%| S|CS|TAMS 0x0000000093100000| PB 0x0000000093100000| Complete |  0
| 140|0x0000000093200000, 0x0000000093300000, 0x0000000093300000|100%| S|CS|TAMS 0x0000000093200000| PB 0x0000000093200000| Complete |  0
| 141|0x0000000093300000, 0x0000000093300000, 0x0000000093400000|  0%| F|  |TAMS 0x0000000093300000| PB 0x0000000093300000| Untracked |  0
| 142|0x0000000093400000, 0x0000000093400000, 0x0000000093500000|  0%| F|  |TAMS 0x0000000093400000| PB 0x0000000093400000| Untracked |  0
| 143|0x0000000093500000, 0x0000000093500000, 0x0000000093600000|  0%| F|  |TAMS 0x0000000093500000| PB 0x0000000093500000| Untracked |  0
| 144|0x0000000093600000, 0x0000000093600000, 0x0000000093700000|  0%| F|  |TAMS 0x0000000093600000| PB 0x0000000093600000| Untracked |  0
| 145|0x0000000093700000, 0x0000000093700000, 0x0000000093800000|  0%| F|  |TAMS 0x0000000093700000| PB 0x0000000093700000| Untracked |  0
| 146|0x0000000093800000, 0x0000000093800000, 0x0000000093900000|  0%| F|  |TAMS 0x0000000093800000| PB 0x0000000093800000| Untracked |  0
| 147|0x0000000093900000, 0x0000000093900000, 0x0000000093a00000|  0%| F|  |TAMS 0x0000000093900000| PB 0x0000000093900000| Untracked |  0
| 148|0x0000000093a00000, 0x0000000093a00000, 0x0000000093b00000|  0%| F|  |TAMS 0x0000000093a00000| PB 0x0000000093a00000| Untracked |  0
| 149|0x0000000093b00000, 0x0000000093b00000, 0x0000000093c00000|  0%| F|  |TAMS 0x0000000093b00000| PB 0x0000000093b00000| Untracked |  0
| 150|0x0000000093c00000, 0x0000000093c00000, 0x0000000093d00000|  0%| F|  |TAMS 0x0000000093c00000| PB 0x0000000093c00000| Untracked |  0
| 151|0x0000000093d00000, 0x0000000093d00000, 0x0000000093e00000|  0%| F|  |TAMS 0x0000000093d00000| PB 0x0000000093d00000| Untracked |  0
| 152|0x0000000093e00000, 0x0000000093e00000, 0x0000000093f00000|  0%| F|  |TAMS 0x0000000093e00000| PB 0x0000000093e00000| Untracked |  0
| 153|0x0000000093f00000, 0x0000000093f00000, 0x0000000094000000|  0%| F|  |TAMS 0x0000000093f00000| PB 0x0000000093f00000| Untracked |  0
| 154|0x0000000094000000, 0x0000000094000000, 0x0000000094100000|  0%| F|  |TAMS 0x0000000094000000| PB 0x0000000094000000| Untracked |  0
| 155|0x0000000094100000, 0x0000000094100000, 0x0000000094200000|  0%| F|  |TAMS 0x0000000094100000| PB 0x0000000094100000| Untracked |  0
| 156|0x0000000094200000, 0x0000000094200000, 0x0000000094300000|  0%| F|  |TAMS 0x0000000094200000| PB 0x0000000094200000| Untracked |  0
| 157|0x0000000094300000, 0x0000000094300000, 0x0000000094400000|  0%| F|  |TAMS 0x0000000094300000| PB 0x0000000094300000| Untracked |  0
| 158|0x0000000094400000, 0x0000000094400000, 0x0000000094500000|  0%| F|  |TAMS 0x0000000094400000| PB 0x0000000094400000| Untracked |  0
| 159|0x0000000094500000, 0x0000000094500000, 0x0000000094600000|  0%| F|  |TAMS 0x0000000094500000| PB 0x0000000094500000| Untracked |  0
| 160|0x0000000094600000, 0x00000000946c6ee0, 0x0000000094700000| 77%| E|  |TAMS 0x0000000094600000| PB 0x0000000094600000| Complete |  0
| 161|0x0000000094700000, 0x0000000094800000, 0x0000000094800000|100%| E|CS|TAMS 0x0000000094700000| PB 0x0000000094700000| Complete |  0
| 162|0x0000000094800000, 0x0000000094900000, 0x0000000094900000|100%| E|CS|TAMS 0x0000000094800000| PB 0x0000000094800000| Complete |  0
| 163|0x0000000094900000, 0x0000000094a00000, 0x0000000094a00000|100%| E|CS|TAMS 0x0000000094900000| PB 0x0000000094900000| Complete |  0
| 164|0x0000000094a00000, 0x0000000094b00000, 0x0000000094b00000|100%| E|CS|TAMS 0x0000000094a00000| PB 0x0000000094a00000| Complete |  0
| 165|0x0000000094b00000, 0x0000000094c00000, 0x0000000094c00000|100%| E|CS|TAMS 0x0000000094b00000| PB 0x0000000094b00000| Complete |  0
| 166|0x0000000094c00000, 0x0000000094d00000, 0x0000000094d00000|100%| E|CS|TAMS 0x0000000094c00000| PB 0x0000000094c00000| Complete |  0
| 167|0x0000000094d00000, 0x0000000094e00000, 0x0000000094e00000|100%| E|CS|TAMS 0x0000000094d00000| PB 0x0000000094d00000| Complete |  0
| 168|0x0000000094e00000, 0x0000000094f00000, 0x0000000094f00000|100%| E|CS|TAMS 0x0000000094e00000| PB 0x0000000094e00000| Complete |  0
| 169|0x0000000094f00000, 0x0000000095000000, 0x0000000095000000|100%| E|CS|TAMS 0x0000000094f00000| PB 0x0000000094f00000| Complete |  0
| 170|0x0000000095000000, 0x0000000095100000, 0x0000000095100000|100%| E|CS|TAMS 0x0000000095000000| PB 0x0000000095000000| Complete |  0
| 171|0x0000000095100000, 0x0000000095200000, 0x0000000095200000|100%| E|CS|TAMS 0x0000000095100000| PB 0x0000000095100000| Complete |  0
| 172|0x0000000095200000, 0x0000000095300000, 0x0000000095300000|100%| E|CS|TAMS 0x0000000095200000| PB 0x0000000095200000| Complete |  0
| 173|0x0000000095300000, 0x0000000095400000, 0x0000000095400000|100%| E|CS|TAMS 0x0000000095300000| PB 0x0000000095300000| Complete |  0
| 174|0x0000000095400000, 0x0000000095500000, 0x0000000095500000|100%| E|CS|TAMS 0x0000000095400000| PB 0x0000000095400000| Complete |  0
| 175|0x0000000095500000, 0x0000000095600000, 0x0000000095600000|100%| E|CS|TAMS 0x0000000095500000| PB 0x0000000095500000| Complete |  0
| 176|0x0000000095600000, 0x0000000095700000, 0x0000000095700000|100%| E|CS|TAMS 0x0000000095600000| PB 0x0000000095600000| Complete |  0
| 177|0x0000000095700000, 0x0000000095800000, 0x0000000095800000|100%| E|CS|TAMS 0x0000000095700000| PB 0x0000000095700000| Complete |  0
| 178|0x0000000095800000, 0x0000000095900000, 0x0000000095900000|100%| E|CS|TAMS 0x0000000095800000| PB 0x0000000095800000| Complete |  0
| 179|0x0000000095900000, 0x0000000095a00000, 0x0000000095a00000|100%| E|CS|TAMS 0x0000000095900000| PB 0x0000000095900000| Complete |  0
| 180|0x0000000095a00000, 0x0000000095b00000, 0x0000000095b00000|100%| E|CS|TAMS 0x0000000095a00000| PB 0x0000000095a00000| Complete |  0
| 181|0x0000000095b00000, 0x0000000095c00000, 0x0000000095c00000|100%| E|CS|TAMS 0x0000000095b00000| PB 0x0000000095b00000| Complete |  0
| 182|0x0000000095c00000, 0x0000000095d00000, 0x0000000095d00000|100%| E|CS|TAMS 0x0000000095c00000| PB 0x0000000095c00000| Complete |  0
| 183|0x0000000095d00000, 0x0000000095e00000, 0x0000000095e00000|100%| E|CS|TAMS 0x0000000095d00000| PB 0x0000000095d00000| Complete |  0
| 184|0x0000000095e00000, 0x0000000095f00000, 0x0000000095f00000|100%| E|CS|TAMS 0x0000000095e00000| PB 0x0000000095e00000| Complete |  0
| 185|0x0000000095f00000, 0x0000000096000000, 0x0000000096000000|100%| E|CS|TAMS 0x0000000095f00000| PB 0x0000000095f00000| Complete |  0
| 186|0x0000000096000000, 0x0000000096100000, 0x0000000096100000|100%| E|CS|TAMS 0x0000000096000000| PB 0x0000000096000000| Complete |  0
| 187|0x0000000096100000, 0x0000000096200000, 0x0000000096200000|100%| E|CS|TAMS 0x0000000096100000| PB 0x0000000096100000| Complete |  0
| 188|0x0000000096200000, 0x0000000096300000, 0x0000000096300000|100%| E|CS|TAMS 0x0000000096200000| PB 0x0000000096200000| Complete |  0
| 189|0x0000000096300000, 0x0000000096400000, 0x0000000096400000|100%| E|CS|TAMS 0x0000000096300000| PB 0x0000000096300000| Complete |  0
| 190|0x0000000096400000, 0x0000000096500000, 0x0000000096500000|100%| E|CS|TAMS 0x0000000096400000| PB 0x0000000096400000| Complete |  0
| 191|0x0000000096500000, 0x0000000096600000, 0x0000000096600000|100%| E|CS|TAMS 0x0000000096500000| PB 0x0000000096500000| Complete |  0
| 192|0x0000000096600000, 0x0000000096700000, 0x0000000096700000|100%| E|CS|TAMS 0x0000000096600000| PB 0x0000000096600000| Complete |  0
| 193|0x0000000096700000, 0x0000000096800000, 0x0000000096800000|100%| E|CS|TAMS 0x0000000096700000| PB 0x0000000096700000| Complete |  0
| 194|0x0000000096800000, 0x0000000096900000, 0x0000000096900000|100%| E|CS|TAMS 0x0000000096800000| PB 0x0000000096800000| Complete |  0
| 195|0x0000000096900000, 0x0000000096a00000, 0x0000000096a00000|100%| E|CS|TAMS 0x0000000096900000| PB 0x0000000096900000| Complete |  0
| 196|0x0000000096a00000, 0x0000000096b00000, 0x0000000096b00000|100%| E|CS|TAMS 0x0000000096a00000| PB 0x0000000096a00000| Complete |  0
| 197|0x0000000096b00000, 0x0000000096c00000, 0x0000000096c00000|100%| E|CS|TAMS 0x0000000096b00000| PB 0x0000000096b00000| Complete |  0
| 198|0x0000000096c00000, 0x0000000096d00000, 0x0000000096d00000|100%| E|CS|TAMS 0x0000000096c00000| PB 0x0000000096c00000| Complete |  0
| 199|0x0000000096d00000, 0x0000000096e00000, 0x0000000096e00000|100%| E|CS|TAMS 0x0000000096d00000| PB 0x0000000096d00000| Complete |  0
| 200|0x0000000096e00000, 0x0000000096f00000, 0x0000000096f00000|100%| E|CS|TAMS 0x0000000096e00000| PB 0x0000000096e00000| Complete |  0
| 201|0x0000000096f00000, 0x0000000097000000, 0x0000000097000000|100%| E|CS|TAMS 0x0000000096f00000| PB 0x0000000096f00000| Complete |  0
| 202|0x0000000097000000, 0x0000000097100000, 0x0000000097100000|100%| E|CS|TAMS 0x0000000097000000| PB 0x0000000097000000| Complete |  0
| 203|0x0000000097100000, 0x0000000097200000, 0x0000000097200000|100%| E|CS|TAMS 0x0000000097100000| PB 0x0000000097100000| Complete |  0
| 204|0x0000000097200000, 0x0000000097300000, 0x0000000097300000|100%| E|CS|TAMS 0x0000000097200000| PB 0x0000000097200000| Complete |  0
|1881|0x00000000fff00000, 0x0000000100000000, 0x0000000100000000|100%| O|  |TAMS 0x00000000fff00000| PB 0x00000000fff00000| Untracked |  0

Card table byte_map: [0x000002897e0e0000,0x000002897e490000] _byte_map_base: 0x000002897dc8d000

Marking Bits: (CMBitMap*) 0x000002896455ef40
 Bits: [0x0000028900000000, 0x0000028901d68000)

Polling page: 0x00000289645d0000

Metaspace:

Usage:
  Non-class:     48.39 MB used.
      Class:      5.91 MB used.
       Both:     54.29 MB used.

Virtual space:
  Non-class space:       64.00 MB reserved,      49.06 MB ( 77%) committed,  1 nodes.
      Class space:        1.00 GB reserved,       6.44 MB ( <1%) committed,  1 nodes.
             Both:        1.06 GB reserved,      55.50 MB (  5%) committed. 

Chunk freelists:
   Non-Class:  14.75 MB
       Class:  9.55 MB
        Both:  24.30 MB

MaxMetaspaceSize: unlimited
CompressedClassSpaceSize: 1.00 GB
Initial GC threshold: 21.00 MB
Current GC threshold: 92.31 MB
CDS: on
 - commit_granule_bytes: 65536.
 - commit_granule_words: 8192.
 - virtual_space_node_default_size: 8388608.
 - enlarge_chunks_in_place: 1.
 - use_allocation_guard: 0.


Internal statistics:

num_allocs_failed_limit: 6.
num_arena_births: 844.
num_arena_deaths: 0.
num_vsnodes_births: 2.
num_vsnodes_deaths: 0.
num_space_committed: 888.
num_space_uncommitted: 0.
num_chunks_returned_to_freelist: 6.
num_chunks_taken_from_freelist: 3062.
num_chunk_merges: 6.
num_chunk_splits: 1939.
num_chunks_enlarged: 1195.
num_inconsistent_stats: 0.

CodeHeap 'non-profiled nmethods': size=120000Kb used=3906Kb max_used=3989Kb free=116093Kb
 bounds [0x0000028975b70000, 0x0000028975f80000, 0x000002897d0a0000]
CodeHeap 'profiled nmethods': size=120000Kb used=16389Kb max_used=16769Kb free=103610Kb
 bounds [0x000002896e0a0000, 0x000002896f120000, 0x00000289755d0000]
CodeHeap 'non-nmethods': size=5760Kb used=1720Kb max_used=1829Kb free=4039Kb
 bounds [0x00000289755d0000, 0x0000028975840000, 0x0000028975b70000]
 total_blobs=8631 nmethods=7888 adapters=647
 compilation: enabled
              stopped_count=0, restarted_count=0
 full_count=0

Compilation events (20 events):
Event: 9.293 Thread 0x000002897f194000 9447 %     3       org.eclipse.jdt.internal.core.util.Util::splitOn @ 37 (134 bytes)
Event: 9.294 Thread 0x000002897f194000 nmethod 9447% 0x000002896e8c0810 code [0x000002896e8c0ae0, 0x000002896e8c1e50]
Event: 9.294 Thread 0x000002897f194000 9448       3       java.util.ArrayList::equalsRange (85 bytes)
Event: 9.294 Thread 0x000002897f194000 nmethod 9448 0x000002896e8bfa10 code [0x000002896e8bfc60, 0x000002896e8c0550]
Event: 9.296 Thread 0x000002897f194000 9449       3       org.eclipse.jdt.internal.core.util.Util::splitOn (134 bytes)
Event: 9.297 Thread 0x000002897f194000 nmethod 9449 0x000002896e8bdb10 code [0x000002896e8bdde0, 0x000002896e8bf050]
Event: 9.298 Thread 0x000002897f194000 9450       2       org.eclipse.jdt.internal.core.search.indexing.AddJrtToIndex$JrtTraverser::visitFile (14 bytes)
Event: 9.298 Thread 0x000002897f194000 nmethod 9450 0x000002896e204f10 code [0x000002896e2050c0, 0x000002896e2052a0]
Event: 9.299 Thread 0x000002897f194000 9451       3       java.util.ArrayList::equals (62 bytes)
Event: 9.300 Thread 0x000002897f194000 nmethod 9451 0x000002896e204390 code [0x000002896e2045a0, 0x000002896e204d28]
Event: 9.300 Thread 0x000002897f194000 9452       3       java.util.ArrayList$SubList::hashCode (27 bytes)
Event: 9.300 Thread 0x000002897f194000 nmethod 9452 0x000002896e203c90 code [0x000002896e203e60, 0x000002896e2041c8]
Event: 9.301 Thread 0x000002897f194000 9453       3       java.util.ArrayList$SubList::equals (47 bytes)
Event: 9.301 Thread 0x000002897f194000 nmethod 9453 0x000002896e203310 code [0x000002896e203500, 0x000002896e203af8]
Event: 9.301 Thread 0x000002897f194000 9454       3       org.eclipse.jdt.internal.core.JrtPackageFragmentRoot$1::visitFile (14 bytes)
Event: 9.301 Thread 0x000002897f194000 nmethod 9454 0x000002896e202d10 code [0x000002896e202ec0, 0x000002896e2031f0]
Event: 9.302 Thread 0x000002897f194000 9457       3       org.eclipse.jdt.internal.core.JarPackageFragmentRoot::initRawPackageInfo (292 bytes)
Event: 9.305 Thread 0x000002897f194000 nmethod 9457 0x000002896ed3f710 code [0x000002896ed3fc80, 0x000002896ed42bf8]
Event: 9.312 Thread 0x000002897f194000 9458       1       org.eclipse.core.runtime.Status::getSeverity (5 bytes)
Event: 9.312 Thread 0x000002897f194000 nmethod 9458 0x0000028975d21610 code [0x0000028975d217a0, 0x0000028975d21868]

GC Heap History (20 events):
Event: 7.812 GC heap after
{Heap after GC invocations=21 (full 0):
 garbage-first heap   total reserved 1927168K, committed 79872K, used 46080K [0x000000008a600000, 0x0000000100000000)
  region size 1024K, 4 young (4096K), 4 survivors (4096K)
 Metaspace       used 54628K, committed 55936K, reserved 1114112K
  class space    used 5972K, committed 6528K, reserved 1048576K
}
Event: 7.893 GC heap before
{Heap before GC invocations=21 (full 0):
 garbage-first heap   total reserved 1927168K, committed 79872K, used 70656K [0x000000008a600000, 0x0000000100000000)
  region size 1024K, 28 young (28672K), 4 survivors (4096K)
 Metaspace       used 54685K, committed 56000K, reserved 1114112K
  class space    used 5972K, committed 6528K, reserved 1048576K
}
Event: 7.898 GC heap after
{Heap after GC invocations=22 (full 0):
 garbage-first heap   total reserved 1927168K, committed 80896K, used 49316K [0x000000008a600000, 0x0000000100000000)
  region size 1024K, 4 young (4096K), 4 survivors (4096K)
 Metaspace       used 54685K, committed 56000K, reserved 1114112K
  class space    used 5972K, committed 6528K, reserved 1048576K
}
Event: 7.961 GC heap before
{Heap before GC invocations=22 (full 0):
 garbage-first heap   total reserved 1927168K, committed 80896K, used 70820K [0x000000008a600000, 0x0000000100000000)
  region size 1024K, 25 young (25600K), 4 survivors (4096K)
 Metaspace       used 54690K, committed 56000K, reserved 1114112K
  class space    used 5972K, committed 6528K, reserved 1048576K
}
Event: 7.965 GC heap after
{Heap after GC invocations=23 (full 0):
 garbage-first heap   total reserved 1927168K, committed 80896K, used 53616K [0x000000008a600000, 0x0000000100000000)
  region size 1024K, 4 young (4096K), 4 survivors (4096K)
 Metaspace       used 54690K, committed 56000K, reserved 1114112K
  class space    used 5972K, committed 6528K, reserved 1048576K
}
Event: 8.041 GC heap before
{Heap before GC invocations=24 (full 0):
 garbage-first heap   total reserved 1927168K, committed 91136K, used 71024K [0x000000008a600000, 0x0000000100000000)
  region size 1024K, 21 young (21504K), 4 survivors (4096K)
 Metaspace       used 54712K, committed 56000K, reserved 1114112K
  class space    used 5972K, committed 6528K, reserved 1048576K
}
Event: 8.045 GC heap after
{Heap after GC invocations=25 (full 0):
 garbage-first heap   total reserved 1927168K, committed 91136K, used 56395K [0x000000008a600000, 0x0000000100000000)
  region size 1024K, 3 young (3072K), 3 survivors (3072K)
 Metaspace       used 54712K, committed 56000K, reserved 1114112K
  class space    used 5972K, committed 6528K, reserved 1048576K
}
Event: 8.128 GC heap before
{Heap before GC invocations=25 (full 0):
 garbage-first heap   total reserved 1927168K, committed 91136K, used 78923K [0x000000008a600000, 0x0000000100000000)
  region size 1024K, 26 young (26624K), 3 survivors (3072K)
 Metaspace       used 54739K, committed 56064K, reserved 1114112K
  class space    used 5973K, committed 6528K, reserved 1048576K
}
Event: 8.134 GC heap after
{Heap after GC invocations=26 (full 0):
 garbage-first heap   total reserved 1927168K, committed 152576K, used 60369K [0x000000008a600000, 0x0000000100000000)
  region size 1024K, 4 young (4096K), 4 survivors (4096K)
 Metaspace       used 54739K, committed 56064K, reserved 1114112K
  class space    used 5973K, committed 6528K, reserved 1048576K
}
Event: 8.363 GC heap before
{Heap before GC invocations=26 (full 0):
 garbage-first heap   total reserved 1927168K, committed 152576K, used 125905K [0x000000008a600000, 0x0000000100000000)
  region size 1024K, 69 young (70656K), 4 survivors (4096K)
 Metaspace       used 54842K, committed 56128K, reserved 1114112K
  class space    used 5973K, committed 6528K, reserved 1048576K
}
Event: 8.372 GC heap after
{Heap after GC invocations=27 (full 0):
 garbage-first heap   total reserved 1927168K, committed 152576K, used 72017K [0x000000008a600000, 0x0000000100000000)
  region size 1024K, 9 young (9216K), 9 survivors (9216K)
 Metaspace       used 54842K, committed 56128K, reserved 1114112K
  class space    used 5973K, committed 6528K, reserved 1048576K
}
Event: 8.417 GC heap before
{Heap before GC invocations=27 (full 0):
 garbage-first heap   total reserved 1927168K, committed 152576K, used 86353K [0x000000008a600000, 0x0000000100000000)
  region size 1024K, 24 young (24576K), 9 survivors (9216K)
 Metaspace       used 54850K, committed 56128K, reserved 1114112K
  class space    used 5973K, committed 6528K, reserved 1048576K
}
Event: 8.424 GC heap after
{Heap after GC invocations=28 (full 0):
 garbage-first heap   total reserved 1927168K, committed 152576K, used 75676K [0x000000008a600000, 0x0000000100000000)
  region size 1024K, 4 young (4096K), 4 survivors (4096K)
 Metaspace       used 54850K, committed 56128K, reserved 1114112K
  class space    used 5973K, committed 6528K, reserved 1048576K
}
Event: 8.629 GC heap before
{Heap before GC invocations=29 (full 0):
 garbage-first heap   total reserved 1927168K, committed 152576K, used 127900K [0x000000008a600000, 0x0000000100000000)
  region size 1024K, 54 young (55296K), 4 survivors (4096K)
 Metaspace       used 54927K, committed 56256K, reserved 1114112K
  class space    used 5973K, committed 6528K, reserved 1048576K
}
Event: 8.636 GC heap after
{Heap after GC invocations=30 (full 0):
 garbage-first heap   total reserved 1927168K, committed 152576K, used 84992K [0x000000008a600000, 0x0000000100000000)
  region size 1024K, 7 young (7168K), 7 survivors (7168K)
 Metaspace       used 54927K, committed 56256K, reserved 1114112K
  class space    used 5973K, committed 6528K, reserved 1048576K
}
Event: 8.782 GC heap before
{Heap before GC invocations=30 (full 0):
 garbage-first heap   total reserved 1927168K, committed 152576K, used 130048K [0x000000008a600000, 0x0000000100000000)
  region size 1024K, 52 young (53248K), 7 survivors (7168K)
 Metaspace       used 54951K, committed 56256K, reserved 1114112K
  class space    used 5973K, committed 6528K, reserved 1048576K
}
Event: 8.792 GC heap after
{Heap after GC invocations=31 (full 0):
 garbage-first heap   total reserved 1927168K, committed 210944K, used 92533K [0x000000008a600000, 0x0000000100000000)
  region size 1024K, 7 young (7168K), 7 survivors (7168K)
 Metaspace       used 54951K, committed 56256K, reserved 1114112K
  class space    used 5973K, committed 6528K, reserved 1048576K
}
Event: 9.091 GC heap before
{Heap before GC invocations=31 (full 0):
 garbage-first heap   total reserved 1927168K, committed 210944K, used 172405K [0x000000008a600000, 0x0000000100000000)
  region size 1024K, 85 young (87040K), 7 survivors (7168K)
 Metaspace       used 55071K, committed 56384K, reserved 1114112K
  class space    used 5981K, committed 6528K, reserved 1048576K
}
Event: 9.100 GC heap after
{Heap after GC invocations=32 (full 0):
 garbage-first heap   total reserved 1927168K, committed 210944K, used 106822K [0x000000008a600000, 0x0000000100000000)
  region size 1024K, 11 young (11264K), 11 survivors (11264K)
 Metaspace       used 55071K, committed 56384K, reserved 1114112K
  class space    used 5981K, committed 6528K, reserved 1048576K
}
Event: 9.318 GC heap before
{Heap before GC invocations=32 (full 0):
 garbage-first heap   total reserved 1927168K, committed 210944K, used 171334K [0x000000008a600000, 0x0000000100000000)
  region size 1024K, 75 young (76800K), 11 survivors (11264K)
 Metaspace       used 55350K, committed 56640K, reserved 1114112K
  class space    used 6013K, committed 6528K, reserved 1048576K
}

Dll operation events (13 events):
Event: 0.011 Loaded shared library C:\Program Files\Java\jdk-22\bin\java.dll
Event: 0.042 Loaded shared library C:\Program Files\Java\jdk-22\bin\jsvml.dll
Event: 0.058 Loaded shared library C:\Program Files\Java\jdk-22\bin\net.dll
Event: 0.062 Loaded shared library C:\Program Files\Java\jdk-22\bin\nio.dll
Event: 0.068 Loaded shared library C:\Program Files\Java\jdk-22\bin\zip.dll
Event: 0.189 Loaded shared library C:\Program Files\Java\jdk-22\bin\jimage.dll
Event: 0.985 Loaded shared library C:\Users\Jay\.cache\opencode\bin\jdtls\config_win\org.eclipse.equinox.launcher\org.eclipse.equinox.launcher.win32.win32.x86_64_1.3.0.v20260203-2149\eclipse_11919.dll
Event: 2.236 Loaded shared library C:\Program Files\Java\jdk-22\bin\management.dll
Event: 2.242 Loaded shared library C:\Program Files\Java\jdk-22\bin\management_ext.dll
Event: 2.353 Loaded shared library C:\Program Files\Java\jdk-22\bin\verify.dll
Event: 3.485 Loaded shared library C:\Users\Jay\AppData\Local\Temp\jna-74242\jna13107442832778547904.dll
Event: 3.813 Loaded shared library C:\Program Files\Java\jdk-22\bin\sunmscapi.dll
Event: 3.924 Loaded shared library C:\Program Files\Java\jdk-22\bin\extnet.dll

Deoptimization events (20 events):
Event: 9.283 Thread 0x0000028949b0eed0 DEOPT PACKING pc=0x000002896f1075bf sp=0x000000c7291fe950
Event: 9.283 Thread 0x0000028949b0eed0 DEOPT UNPACKING pc=0x0000028975624e42 sp=0x000000c7291fdec8 mode 0
Event: 9.288 Thread 0x0000028949b0eed0 DEOPT PACKING pc=0x000002896f1075bf sp=0x000000c7291fe950
Event: 9.288 Thread 0x0000028949b0eed0 DEOPT UNPACKING pc=0x0000028975624e42 sp=0x000000c7291fdec8 mode 0
Event: 9.290 Thread 0x0000028949b0eed0 DEOPT PACKING pc=0x000002896ef5bf33 sp=0x000000c7291fe980
Event: 9.290 Thread 0x0000028949b0eed0 DEOPT UNPACKING pc=0x0000028975624e42 sp=0x000000c7291fdee8 mode 0
Event: 9.292 Thread 0x0000028949b0eed0 DEOPT PACKING pc=0x000002896f1075bf sp=0x000000c7291fe950
Event: 9.292 Thread 0x0000028949b0eed0 DEOPT UNPACKING pc=0x0000028975624e42 sp=0x000000c7291fdec8 mode 0
Event: 9.292 Thread 0x0000028949b0eed0 DEOPT PACKING pc=0x000002896ef5bf33 sp=0x000000c7291fe980
Event: 9.292 Thread 0x0000028949b0eed0 DEOPT UNPACKING pc=0x0000028975624e42 sp=0x000000c7291fdee8 mode 0
Event: 9.296 Thread 0x0000028949b0ce00 DEOPT PACKING pc=0x000002896e8374f3 sp=0x000000c728efccf0
Event: 9.296 Thread 0x0000028949b0ce00 DEOPT UNPACKING pc=0x0000028975624e42 sp=0x000000c728efc1d8 mode 0
Event: 9.297 Thread 0x0000028949b0eed0 DEOPT PACKING pc=0x000002896ef5bf33 sp=0x000000c7291fe980
Event: 9.297 Thread 0x0000028949b0eed0 DEOPT UNPACKING pc=0x0000028975624e42 sp=0x000000c7291fdee8 mode 0
Event: 9.299 Thread 0x0000028949b0eed0 DEOPT PACKING pc=0x000002896f1075bf sp=0x000000c7291fe9b0
Event: 9.299 Thread 0x0000028949b0eed0 DEOPT UNPACKING pc=0x0000028975624e42 sp=0x000000c7291fdf28 mode 0
Event: 9.309 Thread 0x0000028949b0eed0 DEOPT PACKING pc=0x000002896f1075bf sp=0x000000c7291fe9b0
Event: 9.309 Thread 0x0000028949b0eed0 DEOPT UNPACKING pc=0x0000028975624e42 sp=0x000000c7291fdf28 mode 0
Event: 9.317 Thread 0x0000028949b0eed0 DEOPT PACKING pc=0x000002896f1075bf sp=0x000000c7291fe9b0
Event: 9.317 Thread 0x0000028949b0eed0 DEOPT UNPACKING pc=0x0000028975624e42 sp=0x000000c7291fdf28 mode 0

Classes loaded (20 events):
Event: 9.240 Loading class java/io/ObjectInputStream$HandleTable
Event: 9.240 Loading class java/io/ObjectInputStream$HandleTable done
Event: 9.241 Loading class java/io/ObjectInputStream$HandleTable$HandleList
Event: 9.241 Loading class java/io/ObjectInputStream$HandleTable$HandleList done
Event: 9.241 Loading class java/io/ObjectInputStream$ValidationList
Event: 9.241 Loading class java/io/ObjectInputStream$ValidationList done
Event: 9.241 Loading class java/io/ObjectInputFilter$Config
Event: 9.241 Loading class java/io/ObjectInputFilter$Config done
Event: 9.241 Loading class java/io/ObjectInputFilter
Event: 9.241 Loading class java/io/ObjectInputFilter done
Event: 9.242 Loading class java/io/ObjectInputFilter$Config$BuiltinFilterFactory
Event: 9.242 Loading class java/io/ObjectInputFilter$Config$BuiltinFilterFactory done
Event: 9.242 Loading class jdk/internal/access/JavaObjectInputFilterAccess
Event: 9.242 Loading class jdk/internal/access/JavaObjectInputFilterAccess done
Event: 9.243 Loading class jdk/internal/event/DeserializationEvent
Event: 9.244 Loading class jdk/internal/event/DeserializationEvent done
Event: 9.244 Loading class java/io/ObjectInputStream$FieldValues
Event: 9.244 Loading class java/io/ObjectInputStream$GetField
Event: 9.244 Loading class java/io/ObjectInputStream$GetField done
Event: 9.244 Loading class java/io/ObjectInputStream$FieldValues done

Classes unloaded (0 events):
No events

Classes redefined (0 events):
No events

Internal exceptions (20 events):
Event: 6.618 Thread 0x0000028949b0ce00 Exception <a 'java/lang/NoSuchMethodError'{0x000000008def8cc0}: 'java.lang.Object java.lang.invoke.DirectMethodHandle$Holder.invokeStatic(java.lang.Object, java.lang.Object, int, java.lang.Object, java.lang.Object)'> (0x000000008def8cc0) 
thrown [s\open\src\hotspot\share\interpreter\linkResolver.cpp, line 774]
Event: 6.618 Thread 0x0000028949b0ce00 Exception <a 'java/lang/NoSuchMethodError'{0x000000008deff3a8}: 'java.lang.Object java.lang.invoke.DirectMethodHandle$Holder.newInvokeSpecial(java.lang.Object, java.lang.Object, int)'> (0x000000008deff3a8) 
thrown [s\open\src\hotspot\share\interpreter\linkResolver.cpp, line 774]
Event: 6.630 Thread 0x0000028949b0ce00 Exception <a 'java/lang/NoSuchMethodError'{0x000000008dd6d108}: 'void java.lang.invoke.DirectMethodHandle$Holder.invokeStatic(java.lang.Object, int)'> (0x000000008dd6d108) 
thrown [s\open\src\hotspot\share\interpreter\linkResolver.cpp, line 774]
Event: 6.691 Thread 0x0000028949b0ce00 Exception <a 'java/io/FileNotFoundException'{0x000000008daf3220}> (0x000000008daf3220) 
thrown [s\open\src\hotspot\share\prims\jni.cpp, line 520]
Event: 6.777 Thread 0x0000028949b0ce00 Exception <a 'java/lang/NoSuchMethodError'{0x000000008d82f980}: 'int java.lang.invoke.DirectMethodHandle$Holder.invokeSpecialIFC(java.lang.Object, java.lang.Object, java.lang.Object)'> (0x000000008d82f980) 
thrown [s\open\src\hotspot\share\interpreter\linkResolver.cpp, line 774]
Event: 6.783 Thread 0x0000028949b0ce00 Exception <a 'java/lang/NoSuchMethodError'{0x000000008d886d28}: 'java.lang.Object java.lang.invoke.Invokers$Holder.invoker(java.lang.Object, java.lang.Object, java.lang.Object, java.lang.Object, java.lang.Object, java.lang.Object, java.lang.Object, java.lang.Object, java.lang.Object, java.lang.Object, java.lang.Object, java.lang.Object, java.lang.Object)'> (0x000000008d886d28) 
thrown [s\open\src\hotspot\share\interpreter\linkResolver.cpp, line 774]
Event: 6.783 Thread 0x0000028949b0ce00 Exception <a 'java/lang/NoSuchMethodError'{0x000000008d8901f0}: 'java.lang.Object java.lang.invoke.DelegatingMethodHandle$Holder.delegate(java.lang.Object, java.lang.Object, java.lang.Object, java.lang.Object, java.lang.Object, java.lang.Object, java.lang.Object, java.lang.Object, java.lang.Object, java.lang.Object, java.lang.Object, java.lang.Object, java.lang.Object)'> (0x000000008d8901f0) 
thrown [s\open\src\hotspot\share\interpreter\linkResolver.cpp, line 774]
Event: 6.807 Thread 0x0000028949b0ce00 Implicit null exception at 0x0000028975e96883 to 0x0000028975e96e68
Event: 6.826 Thread 0x0000028949b0ce00 Exception <a 'java/lang/NoSuchMethodError'{0x000000008d3a0020}: 'java.lang.Object java.lang.invoke.DirectMethodHandle$Holder.newInvokeSpecial(java.lang.Object, java.lang.Object, java.lang.Object, java.lang.Object, java.lang.Object, java.lang.Object, java.lang.Object)'> (0x000000008d3a0020) 
thrown [s\open\src\hotspot\share\interpreter\linkResolver.cpp, line 774]
Event: 6.851 Thread 0x000002894bbb7e80 Exception <a 'sun/nio/fs/WindowsException'{0x000000008d1808c0}> (0x000000008d1808c0) 
thrown [s\open\src\hotspot\share\prims\jni.cpp, line 520]
Event: 6.851 Thread 0x000002894bbb7e80 Exception <a 'sun/nio/fs/WindowsException'{0x000000008d1811a0}> (0x000000008d1811a0) 
thrown [s\open\src\hotspot\share\prims\jni.cpp, line 520]
Event: 6.859 Thread 0x000002894bbb7e80 Exception <a 'sun/nio/fs/WindowsException'{0x000000008d1e4520}> (0x000000008d1e4520) 
thrown [s\open\src\hotspot\share\prims\jni.cpp, line 520]
Event: 6.861 Thread 0x000002894bbb7e80 Exception <a 'sun/nio/fs/WindowsException'{0x000000008d1ea000}> (0x000000008d1ea000) 
thrown [s\open\src\hotspot\share\prims\jni.cpp, line 520]
Event: 6.863 Thread 0x000002894bbb7e80 Exception <a 'java/io/FileNotFoundException'{0x000000008d1f03d0}> (0x000000008d1f03d0) 
thrown [s\open\src\hotspot\share\prims\jni.cpp, line 520]
Event: 6.871 Thread 0x000002894bbb7e80 Exception <a 'java/io/FileNotFoundException'{0x0000000091ba7380}> (0x0000000091ba7380) 
thrown [s\open\src\hotspot\share\prims\jni.cpp, line 520]
Event: 6.872 Thread 0x000002894bbb7e80 Exception <a 'java/io/FileNotFoundException'{0x0000000091ba8440}> (0x0000000091ba8440) 
thrown [s\open\src\hotspot\share\prims\jni.cpp, line 520]
Event: 6.872 Thread 0x000002894bbb7e80 Exception <a 'java/io/FileNotFoundException'{0x0000000091ba9350}> (0x0000000091ba9350) 
thrown [s\open\src\hotspot\share\prims\jni.cpp, line 520]
Event: 7.416 Thread 0x0000028949b0eed0 Exception <a 'java/lang/NoSuchMethodError'{0x000000008d4685d8}: 'java.lang.Object java.lang.invoke.DelegatingMethodHandle$Holder.reinvoke_L(java.lang.Object, int, long, java.lang.Object, java.lang.Object, int, java.lang.Object)'> (0x000000008d4685d8) 
thrown [s\open\src\hotspot\share\interpreter\linkResolver.cpp, line 774]
Event: 7.787 Thread 0x0000028949b0eed0 Implicit null exception at 0x0000028975f550e5 to 0x0000028975f552e8
Event: 9.024 Thread 0x0000028949b0ce00 Implicit null exception at 0x0000028975bb76bd to 0x0000028975bb773d

ZGC Phase Switch (0 events):
No events

VM Operations (20 events):
Event: 8.045 Executing VM operation: G1CollectForAllocation (G1 Evacuation Pause) done
Event: 8.128 Executing VM operation: G1CollectForAllocation (G1 Evacuation Pause)
Event: 8.134 Executing VM operation: G1CollectForAllocation (G1 Evacuation Pause) done
Event: 8.363 Executing VM operation: G1CollectForAllocation (G1 Evacuation Pause)
Event: 8.372 Executing VM operation: G1CollectForAllocation (G1 Evacuation Pause) done
Event: 8.417 Executing VM operation: G1TryInitiateConcMark (G1 Humongous Allocation)
Event: 8.424 Executing VM operation: G1TryInitiateConcMark (G1 Humongous Allocation) done
Event: 8.470 Executing VM operation: G1PauseRemark
Event: 8.478 Executing VM operation: G1PauseRemark done
Event: 8.496 Executing VM operation: G1PauseCleanup
Event: 8.497 Executing VM operation: G1PauseCleanup done
Event: 8.629 Executing VM operation: G1CollectForAllocation (G1 Evacuation Pause)
Event: 8.636 Executing VM operation: G1CollectForAllocation (G1 Evacuation Pause) done
Event: 8.782 Executing VM operation: G1CollectForAllocation (G1 Evacuation Pause)
Event: 8.792 Executing VM operation: G1CollectForAllocation (G1 Evacuation Pause) done
Event: 9.091 Executing VM operation: G1CollectForAllocation (G1 Evacuation Pause)
Event: 9.101 Executing VM operation: G1CollectForAllocation (G1 Evacuation Pause) done
Event: 9.275 Executing VM operation: HandshakeAllThreads (Deoptimize)
Event: 9.275 Executing VM operation: HandshakeAllThreads (Deoptimize) done
Event: 9.318 Executing VM operation: G1TryInitiateConcMark (G1 Humongous Allocation)

Events (20 events):
Event: 8.478 Thread 0x000002897f1503c0 flushing nmethod 0x000002896ec5f290
Event: 8.478 Thread 0x000002897f1503c0 flushing nmethod 0x000002896ec92090
Event: 8.478 Thread 0x000002897f1503c0 flushing nmethod 0x000002896ecc2d10
Event: 8.478 Thread 0x000002897f1503c0 flushing nmethod 0x000002896f02bc10
Event: 8.478 Thread 0x000002897f1503c0 flushing nmethod 0x000002896e0dd210
Event: 8.478 Thread 0x000002897f1503c0 flushing nmethod 0x000002896e0e1310
Event: 8.478 Thread 0x000002897f1503c0 flushing nmethod 0x000002896e1c2f90
Event: 8.478 Thread 0x000002897f1503c0 flushing nmethod 0x000002896e233210
Event: 8.478 Thread 0x000002897f1503c0 flushing nmethod 0x000002896e253d10
Event: 8.478 Thread 0x000002897f1503c0 flushing nmethod 0x000002896e26cb90
Event: 8.478 Thread 0x000002897f1503c0 flushing nmethod 0x000002896e2eb390
Event: 8.478 Thread 0x000002897f1503c0 flushing nmethod 0x000002896e2f5a10
Event: 8.478 Thread 0x000002897f1503c0 flushing nmethod 0x000002896e301c10
Event: 8.478 Thread 0x000002897f1503c0 flushing nmethod 0x000002896e422a90
Event: 8.478 Thread 0x000002897f1503c0 flushing nmethod 0x000002896e450b90
Event: 8.478 Thread 0x000002897f1503c0 flushing nmethod 0x000002896e48c990
Event: 8.478 Thread 0x000002897f1503c0 flushing nmethod 0x000002896e60b610
Event: 8.478 Thread 0x000002897f1503c0 flushing nmethod 0x000002896e861b90
Event: 8.478 Thread 0x000002897f1503c0 flushing nmethod 0x000002896e8bd010
Event: 8.478 Thread 0x000002897f1503c0 flushing nmethod 0x000002896eed0d90


Dynamic libraries:
0x00007ff7001e0000 - 0x00007ff7001f0000 	C:\Program Files\Java\jdk-22\bin\java.EXE
0x00007ffd17580000 - 0x00007ffd177e7000 	C:\WINDOWS\SYSTEM32\ntdll.dll
0x00007ffd165a0000 - 0x00007ffd16669000 	C:\WINDOWS\System32\KERNEL32.DLL
0x00007ffd14b50000 - 0x00007ffd14f41000 	C:\WINDOWS\System32\KERNELBASE.dll
0x00007ffd15140000 - 0x00007ffd1528b000 	C:\WINDOWS\System32\ucrtbase.dll
0x00007ffcdd4c0000 - 0x00007ffcdd4d7000 	C:\Program Files\Java\jdk-22\bin\jli.dll
0x00007ffce6470000 - 0x00007ffce648b000 	C:\Program Files\Java\jdk-22\bin\VCRUNTIME140.dll
0x00007ffd15d70000 - 0x00007ffd15e2b000 	C:\WINDOWS\System32\ADVAPI32.dll
0x00007ffd15ad0000 - 0x00007ffd15b79000 	C:\WINDOWS\System32\msvcrt.dll
0x00007ffd15bc0000 - 0x00007ffd15c67000 	C:\WINDOWS\System32\sechost.dll
0x00007ffd17110000 - 0x00007ffd17228000 	C:\WINDOWS\System32\RPCRT4.dll
0x00007ffd15320000 - 0x00007ffd154e5000 	C:\WINDOWS\System32\USER32.dll
0x00007ffd14150000 - 0x00007ffd14177000 	C:\WINDOWS\System32\win32u.dll
0x00007ffcf87c0000 - 0x00007ffcf8a53000 	C:\WINDOWS\WinSxS\amd64_microsoft.windows.common-controls_6595b64144ccf1df_6.0.26100.8037_none_3e092faae333b53b\COMCTL32.dll
0x00007ffd17330000 - 0x00007ffd1735b000 	C:\WINDOWS\System32\GDI32.dll
0x00007ffd15010000 - 0x00007ffd1513b000 	C:\WINDOWS\System32\gdi32full.dll
0x00007ffd14180000 - 0x00007ffd14223000 	C:\WINDOWS\System32\msvcp_win.dll
0x00007ffd0d6f0000 - 0x00007ffd0d6fb000 	C:\WINDOWS\SYSTEM32\VERSION.dll
0x00007ffd16d50000 - 0x00007ffd16d81000 	C:\WINDOWS\System32\IMM32.DLL
0x00007ffd0d600000 - 0x00007ffd0d60c000 	C:\Program Files\Java\jdk-22\bin\vcruntime140_1.dll
0x00007ffc96370000 - 0x00007ffc963fe000 	C:\Program Files\Java\jdk-22\bin\msvcp140.dll
0x00007ffc17d80000 - 0x00007ffc18ac7000 	C:\Program Files\Java\jdk-22\bin\server\jvm.dll
0x00007ffd16a10000 - 0x00007ffd16a84000 	C:\WINDOWS\System32\WS2_32.dll
0x00007ffd13cc0000 - 0x00007ffd13d1e000 	C:\WINDOWS\SYSTEM32\POWRPROF.dll
0x00007ffd0cbf0000 - 0x00007ffd0cc25000 	C:\WINDOWS\SYSTEM32\WINMM.dll
0x00007ffd13ca0000 - 0x00007ffd13cb4000 	C:\WINDOWS\SYSTEM32\UMPDC.dll
0x00007ffd12b30000 - 0x00007ffd12b4b000 	C:\WINDOWS\SYSTEM32\kernel.appcore.dll
0x00007ffcec3e0000 - 0x00007ffcec3ea000 	C:\Program Files\Java\jdk-22\bin\jimage.dll
0x00007ffd099a0000 - 0x00007ffd09be2000 	C:\WINDOWS\SYSTEM32\DBGHELP.DLL
0x00007ffd16680000 - 0x00007ffd16a02000 	C:\WINDOWS\System32\combase.dll
0x00007ffd159e0000 - 0x00007ffd15ab7000 	C:\WINDOWS\System32\OLEAUT32.dll
0x00007ffcf4f60000 - 0x00007ffcf4f9b000 	C:\WINDOWS\SYSTEM32\dbgcore.DLL
0x00007ffd14aa0000 - 0x00007ffd14b45000 	C:\WINDOWS\System32\bcryptPrimitives.dll
0x00007ffcdce10000 - 0x00007ffcdce2e000 	C:\Program Files\Java\jdk-22\bin\java.dll
0x00007ffd15e30000 - 0x00007ffd1658f000 	C:\WINDOWS\System32\SHELL32.dll
0x00007ffd13e60000 - 0x00007ffd13fca000 	C:\WINDOWS\System32\wintypes.dll
0x00007ffd16f70000 - 0x00007ffd17105000 	C:\WINDOWS\System32\ole32.dll
0x00007ffd14230000 - 0x00007ffd14a94000 	C:\WINDOWS\System32\windows.storage.dll
0x00007ffd17230000 - 0x00007ffd17327000 	C:\WINDOWS\System32\SHCORE.dll
0x00007ffd15c70000 - 0x00007ffd15cd7000 	C:\WINDOWS\System32\shlwapi.dll
0x00007ffd13d80000 - 0x00007ffd13da9000 	C:\WINDOWS\SYSTEM32\profapi.dll
0x00007ffc887f0000 - 0x00007ffc888c7000 	C:\Program Files\Java\jdk-22\bin\jsvml.dll
0x00007ffcad9d0000 - 0x00007ffcad9e0000 	C:\Program Files\Java\jdk-22\bin\net.dll
0x00007ffd13160000 - 0x00007ffd131cb000 	C:\WINDOWS\system32\mswsock.dll
0x00007ffcaca30000 - 0x00007ffcaca46000 	C:\Program Files\Java\jdk-22\bin\nio.dll
0x00007ffcaca10000 - 0x00007ffcaca27000 	C:\Program Files\Java\jdk-22\bin\zip.dll
0x00007ffcd8d50000 - 0x00007ffcd8d95000 	C:\Users\Jay\.cache\opencode\bin\jdtls\config_win\org.eclipse.equinox.launcher\org.eclipse.equinox.launcher.win32.win32.x86_64_1.3.0.v20260203-2149\eclipse_11919.dll
0x00007ffcad9c0000 - 0x00007ffcad9ca000 	C:\Program Files\Java\jdk-22\bin\management.dll
0x00007ffcaca60000 - 0x00007ffcaca6b000 	C:\Program Files\Java\jdk-22\bin\management_ext.dll
0x00007ffd15ce0000 - 0x00007ffd15ce8000 	C:\WINDOWS\System32\PSAPI.DLL
0x00007ffc96360000 - 0x00007ffc96370000 	C:\Program Files\Java\jdk-22\bin\verify.dll
0x00007ffd13440000 - 0x00007ffd1345b000 	C:\WINDOWS\SYSTEM32\CRYPTSP.dll
0x00007ffd12b50000 - 0x00007ffd12b89000 	C:\WINDOWS\system32\rsaenh.dll
0x00007ffd13210000 - 0x00007ffd13242000 	C:\WINDOWS\SYSTEM32\USERENV.dll
0x00007ffd13d50000 - 0x00007ffd13d7a000 	C:\WINDOWS\SYSTEM32\bcrypt.dll
0x00007ffd13460000 - 0x00007ffd1346c000 	C:\WINDOWS\SYSTEM32\CRYPTBASE.dll
0x00007ffd125b0000 - 0x00007ffd125e3000 	C:\WINDOWS\SYSTEM32\IPHLPAPI.DLL
0x00007ffd15ac0000 - 0x00007ffd15aca000 	C:\WINDOWS\System32\NSI.dll
0x00007ffccf920000 - 0x00007ffccf969000 	C:\Users\Jay\AppData\Local\Temp\jna-74242\jna13107442832778547904.dll
0x00007ffd0cfe0000 - 0x00007ffd0d107000 	C:\WINDOWS\SYSTEM32\winhttp.dll
0x00007ffd0d700000 - 0x00007ffd0d71d000 	C:\WINDOWS\SYSTEM32\dhcpcsvc6.DLL
0x00007ffd0cdf0000 - 0x00007ffd0ce13000 	C:\WINDOWS\SYSTEM32\dhcpcsvc.DLL
0x00007ffc9ffa0000 - 0x00007ffc9ffae000 	C:\Program Files\Java\jdk-22\bin\sunmscapi.dll
0x00007ffd13fd0000 - 0x00007ffd14147000 	C:\WINDOWS\System32\CRYPT32.dll
0x00007ffd13660000 - 0x00007ffd13690000 	C:\WINDOWS\SYSTEM32\ncrypt.dll
0x00007ffd13610000 - 0x00007ffd1364f000 	C:\WINDOWS\SYSTEM32\NTASN1.dll
0x00007ffd125f0000 - 0x00007ffd1271a000 	C:\WINDOWS\SYSTEM32\DNSAPI.dll
0x00007ffcf7f20000 - 0x00007ffcf7f2b000 	C:\Windows\System32\rasadhlp.dll
0x00007ffd0a720000 - 0x00007ffd0a7a6000 	C:\WINDOWS\System32\fwpuclnt.dll
0x00007ffcaca00000 - 0x00007ffcaca09000 	C:\Program Files\Java\jdk-22\bin\extnet.dll

dbghelp: loaded successfully - version: 4.0.5 - missing functions: none
symbol engine: initialized successfully - sym options: 0x614 - pdb path: .;C:\Program Files\Java\jdk-22\bin;C:\WINDOWS\SYSTEM32;C:\WINDOWS\WinSxS\amd64_microsoft.windows.common-controls_6595b64144ccf1df_6.0.26100.8037_none_3e092faae333b53b;C:\Program Files\Java\jdk-22\bin\server;C:\Users\Jay\.cache\opencode\bin\jdtls\config_win\org.eclipse.equinox.launcher\org.eclipse.equinox.launcher.win32.win32.x86_64_1.3.0.v20260203-2149;C:\Users\Jay\AppData\Local\Temp\jna-74242

VM Arguments:
java_command: C:\Users\Jay\.cache\opencode\bin\jdtls\plugins\org.eclipse.equinox.launcher_1.7.100.v20251111-0406.jar -configuration C:\Users\Jay\.cache\opencode\bin\jdtls\config_win -data C:\Users\Jay\AppData\Local\Temp\opencode-jdtls-dataecpLi2 -Declipse.application=org.eclipse.jdt.ls.core.id1 -Dosgi.bundles.defaultStartLevel=4 -Declipse.product=org.eclipse.jdt.ls.core.product -Dlog.level=ALL --add-modules=ALL-SYSTEM --add-opens java.base/java.util=ALL-UNNAMED --add-opens java.base/java.lang=ALL-UNNAMED
java_class_path (initial): C:\Users\Jay\.cache\opencode\bin\jdtls\plugins\org.eclipse.equinox.launcher_1.7.100.v20251111-0406.jar
Launcher Type: SUN_STANDARD

[Global flags]
     intx CICompilerCount                          = 4                                         {product} {ergonomic}
     uint ConcGCThreads                            = 3                                         {product} {ergonomic}
     uint G1ConcRefinementThreads                  = 10                                        {product} {ergonomic}
   size_t G1HeapRegionSize                         = 1048576                                   {product} {ergonomic}
   size_t InitialHeapSize                          = 123731968                                 {product} {ergonomic}
   size_t MarkStackSize                            = 4194304                                   {product} {ergonomic}
   size_t MaxHeapSize                              = 1973420032                                {product} {ergonomic}
   size_t MaxNewSize                               = 1183842304                                {product} {ergonomic}
   size_t MinHeapDeltaBytes                        = 1048576                                   {product} {ergonomic}
   size_t MinHeapSize                              = 8388608                                   {product} {ergonomic}
    uintx NonNMethodCodeHeapSize                   = 5839372                                {pd product} {ergonomic}
    uintx NonProfiledCodeHeapSize                  = 122909434                              {pd product} {ergonomic}
    uintx ProfiledCodeHeapSize                     = 122909434                              {pd product} {ergonomic}
    uintx ReservedCodeCacheSize                    = 251658240                              {pd product} {ergonomic}
     bool SegmentedCodeCache                       = true                                      {product} {ergonomic}
   size_t SoftMaxHeapSize                          = 1973420032                             {manageable} {ergonomic}
     bool UseCompressedOops                        = true                           {product lp64_product} {ergonomic}
     bool UseG1GC                                  = true                                      {product} {ergonomic}
     bool UseLargePagesIndividualAllocation        = false                                  {pd product} {ergonomic}

Logging:
Log output configuration:
 #0: stdout all=warning uptime,level,tags foldmultilines=false
 #1: stderr all=off uptime,level,tags foldmultilines=false

Environment Variables:
JAVA_HOME=C:\Program Files\Java\jdk-22
CLASSPATH=C:\myPrograms\myProjects\lib\ojdbc8.jar
PATH=C:\Program Files\Common Files\Oracle\Java\javapath;C:\windows\system32;C:\windows;C:\windows\System32\Wbem;C:\windows\System32\WindowsPowerShell\v1.0\;C:\windows\System32\OpenSSH\;C:\Program Files (x86)\NVIDIA Corporation\PhysX\Common;C:\Program Files\NVIDIA Corporation\NVIDIA NvDLISR;C:\WINDOWS\system32;C:\WINDOWS;C:\WINDOWS\System32\Wbem;C:\WINDOWS\System32\WindowsPowerShell\v1.0\;C:\WINDOWS\System32\OpenSSH\;C:\MinGW\bin;C:\Program Files\dotnet\;C:\Program Files\HP\HP One Agent;C:\Program Files\Git\cmd;C:\WINDOWS\system32;C:\WINDOWS;C:\WINDOWS\System32\Wbem;C:\WINDOWS\System32\WindowsPowerShell\v1.0\;C:\WINDOWS\System32\OpenSSH\;C:\Program Files\Kubernetes\Minikube;C:\Jay;C:\Program Files\nodejs\;C:\Program Files\Docker\Docker\resources\bin;C:\Program Files\MySQL\MySQL Shell 8.0\bin\;C:\Users\Jay\bin;C:\Users\Jay\AppData\Local\Programs\Python\Python311\Scripts\;C:\Users\Jay\AppData\Local\Programs\Python\Python311\;C:\msys64\mingw64\bin;C:\Users\Jay\AppData\Local\Programs\Microsoft VS Code\bin;C:\Users\Jay\AppData\Local\Microsoft\WindowsApps;C:\Oracle\instantclient-basic-windows.x64-23.9.0.25.07;C:\Users\Jay\AppData\Local\Microsoft\WinGet\Packages\Kubernetes.kubectl_Microsoft.Winget.Source_8wekyb3d8bbwe;C:\Users\Jay\AppData\Local\Microsoft\WinGet\Packages\Kubernetes.kind_Microsoft.Winget.Source_8wekyb3d8bbwe;C:\Program Files\Java\jdk-22\bin;C:\maven-mvnd-1.0.2-windows-amd64\bin;C:\apache-ant-1.10.15\bin;C:\Users\Jay\AppData\Local\Python\bin;C:\Program Files\MySQL\MySQL Server 9.5\bin;C:\Users\Jay\AppData\Roaming\npm;C:\Users\Jay\.dotnet\tools;C:\apache-maven-3.9.14\bin;;C:\Users\Jay\AppData\Local\Programs\Warp\bin;
USERNAME=Jay
OS=Windows_NT
PROCESSOR_IDENTIFIER=AMD64 Family 25 Model 80 Stepping 0, AuthenticAMD
TMP=C:\Users\Jay\AppData\Local\Temp
TEMP=C:\Users\Jay\AppData\Local\Temp




Periodic native trim disabled

---------------  S Y S T E M  ---------------

OS:
 Windows 11 , 64 bit Build 26100 (10.0.26100.7920)
OS uptime: 0 days 2:29 hours
Hyper-V role detected

CPU: total 12 (initial active 12) (12 cores per cpu, 2 threads per core) family 25 model 80 stepping 0 microcode 0xa50000d, cx8, cmov, fxsr, ht, mmx, 3dnowpref, sse, sse2, sse3, ssse3, sse4a, sse4.1, sse4.2, popcnt, lzcnt, tsc, tscinvbit, avx, avx2, aes, erms, clmul, bmi1, bmi2, adx, sha, fma, vzeroupper, clflush, clflushopt, hv, rdtscp, rdpid, fsrm, f16c, cet_ss
Processor Information for processor 0
  Max Mhz: 3301, Current Mhz: 3301, Mhz Limit: 3301
Processor Information for processor 1
  Max Mhz: 3301, Current Mhz: 3301, Mhz Limit: 3301
Processor Information for processor 2
  Max Mhz: 3301, Current Mhz: 3301, Mhz Limit: 3301
Processor Information for processor 3
  Max Mhz: 3301, Current Mhz: 3301, Mhz Limit: 3301
Processor Information for processor 4
  Max Mhz: 3301, Current Mhz: 3301, Mhz Limit: 3301
Processor Information for processor 5
  Max Mhz: 3301, Current Mhz: 3301, Mhz Limit: 3301
Processor Information for processor 6
  Max Mhz: 3301, Current Mhz: 3301, Mhz Limit: 3301
Processor Information for processor 7
  Max Mhz: 3301, Current Mhz: 3301, Mhz Limit: 3301
Processor Information for processor 8
  Max Mhz: 3301, Current Mhz: 3301, Mhz Limit: 3301
Processor Information for processor 9
  Max Mhz: 3301, Current Mhz: 3301, Mhz Limit: 3301
Processor Information for processor 10
  Max Mhz: 3301, Current Mhz: 3301, Mhz Limit: 3301
Processor Information for processor 11
  Max Mhz: 3301, Current Mhz: 2011, Mhz Limit: 3301

Memory: 4k page, system-wide physical 7521M (418M free)
TotalPageFile size 31073M (AvailPageFile size 5M)
current process WorkingSet (physical memory assigned to process): 459M, peak: 459M
current process commit charge ("private bytes"): 469M, peak: 469M

vm_info: Java HotSpot(TM) 64-Bit Server VM (22.0.1+8-16) for windows-amd64 JRE (22.0.1+8-16), built on 2024-03-12T10:33:16Z by "mach5one" with MS VC++ 17.6 (VS2022)

END.
