#
# There is insufficient memory for the Java Runtime Environment to continue.
# Native memory allocation (mmap) failed to map 90177536 bytes. Error detail: G1 virtual space
# Possible reasons:
#   The system is out of physical RAM or swap space
#   This process is running with CompressedOops enabled, and the Java Heap may be blocking the growth of the native heap
# Possible solutions:
#   Reduce memory load on the system
#   Increase physical memory or swap space
#   Check if swap backing store is full
#   Decrease Java heap size (-Xmx/-Xms)
#   Decrease number of Java threads
#   Decrease Java thread stack sizes (-Xss)
#   Set larger code cache with -XX:ReservedCodeCacheSize=
#   JVM is running with Unscaled Compressed Oops mode in which the Java heap is
#     placed in the first 4GB address space. The Java Heap base address is the
#     maximum limit for the native heap growth. Please use -XX:HeapBaseMinAddress
#     to set the Java Heap base and to place the Java Heap above 4GB virtual address.
# This output file may be truncated or incomplete.
#
#  Out of Memory Error (os_windows.cpp:3631), pid=14932, tid=15236
#
# JRE version: Java(TM) SE Runtime Environment (22.0.1+8) (build 22.0.1+8-16)
# Java VM: Java HotSpot(TM) 64-Bit Server VM (22.0.1+8-16, mixed mode, sharing, tiered, compressed oops, compressed class ptrs, g1 gc, windows-amd64)
# No core dump will be written. Minidumps are not enabled by default on client versions of Windows
#

---------------  S U M M A R Y ------------

Command Line: C:\Users\Jay\.cache\opencode\bin\jdtls\plugins\org.eclipse.equinox.launcher_1.7.100.v20251111-0406.jar -configuration C:\Users\Jay\.cache\opencode\bin\jdtls\config_win -data C:\Users\Jay\AppData\Local\Temp\opencode-jdtls-dataKHQ4EZ -Declipse.application=org.eclipse.jdt.ls.core.id1 -Dosgi.bundles.defaultStartLevel=4 -Declipse.product=org.eclipse.jdt.ls.core.product -Dlog.level=ALL --add-modules=ALL-SYSTEM --add-opens java.base/java.util=ALL-UNNAMED --add-opens java.base/java.lang=ALL-UNNAMED

Host: AMD Ryzen 5 5600H with Radeon Graphics         , 12 cores, 7G,  Windows 11 , 64 bit Build 26100 (10.0.26100.7920)
Time: Wed Apr  8 12:24:12 2026 India Standard Time elapsed time: 9.354210 seconds (0d 0h 0m 9s)

---------------  T H R E A D  ---------------

Current thread (0x000001d08499f420):  VMThread "VM Thread"          [id=15236, stack(0x0000001ae7900000,0x0000001ae7a00000) (1024K)]

Stack: [0x0000001ae7900000,0x0000001ae7a00000]
Native frames: (J=compiled Java code, j=interpreted, Vv=VM code, C=native code)
V  [jvm.dll+0x6e2279]  (no source info available)
V  [jvm.dll+0x874e33]  (no source info available)
V  [jvm.dll+0x87725e]  (no source info available)
V  [jvm.dll+0x877933]  (no source info available)
V  [jvm.dll+0x27fd76]  (no source info available)
V  [jvm.dll+0x6de915]  (no source info available)
V  [jvm.dll+0x6d341a]  (no source info available)
V  [jvm.dll+0x3589da]  (no source info available)
V  [jvm.dll+0x360f06]  (no source info available)
V  [jvm.dll+0x3b3e2e]  (no source info available)
V  [jvm.dll+0x3b40d8]  (no source info available)
V  [jvm.dll+0x32c59c]  (no source info available)
V  [jvm.dll+0x32c627]  (no source info available)
V  [jvm.dll+0x37229c]  (no source info available)
V  [jvm.dll+0x370996]  (no source info available)
V  [jvm.dll+0x32bc87]  (no source info available)
V  [jvm.dll+0x370154]  (no source info available)
V  [jvm.dll+0x87d7d0]  (no source info available)
V  [jvm.dll+0x87eb57]  (no source info available)
V  [jvm.dll+0x87f0d0]  (no source info available)
V  [jvm.dll+0x87f373]  (no source info available)
V  [jvm.dll+0x81d44b]  (no source info available)
V  [jvm.dll+0x6e0915]  (no source info available)
C  [ucrtbase.dll+0x37b0]  (no source info available)
C  [KERNEL32.DLL+0x2e8d7]  (no source info available)
C  [ntdll.dll+0x8c48c]  (no source info available)

VM_Operation (0x0000001ae85fe260): G1CollectForAllocation, mode: safepoint, requested by thread 0x000001d0cabf3240


---------------  P R O C E S S  ---------------

Threads class SMR info:
_java_thread_list=0x000001d0caa51680, length=32, elements={
0x000001d0e5d2fd60, 0x000001d0849c24b0, 0x000001d0849c2f10, 0x000001d0849c8a80,
0x000001d0849cb400, 0x000001d0849cc7b0, 0x000001d0849cc120, 0x000001d0849deef0,
0x000001d0849e2650, 0x000001d0849ca050, 0x000001d0849cce40, 0x000001d0849ca6e0,
0x000001d0849cad70, 0x000001d0849cba90, 0x000001d0cabed660, 0x000001d0cabedcf0,
0x000001d0cabef0a0, 0x000001d0cabf0ae0, 0x000001d0cabf1170, 0x000001d0cabeea10,
0x000001d084d69b40, 0x000001d0cabf3240, 0x000001d0cabf1800, 0x000001d0cabefdc0,
0x000001d0cabf2bb0, 0x000001d0cabf1e90, 0x000001d0ccca3400, 0x000001d0cabf2520,
0x000001d0cabef730, 0x000001d0cabf38d0, 0x000001d0cabf0450, 0x000001d0cabf3f60
}

Java Threads: ( => current thread )
  0x000001d0e5d2fd60 JavaThread "main"                              [_thread_blocked, id=14780, stack(0x0000001ae7200000,0x0000001ae7300000) (1024K)]
  0x000001d0849c24b0 JavaThread "Reference Handler"          daemon [_thread_blocked, id=15212, stack(0x0000001ae7a00000,0x0000001ae7b00000) (1024K)]
  0x000001d0849c2f10 JavaThread "Finalizer"                  daemon [_thread_blocked, id=10156, stack(0x0000001ae7b00000,0x0000001ae7c00000) (1024K)]
  0x000001d0849c8a80 JavaThread "Signal Dispatcher"          daemon [_thread_blocked, id=27640, stack(0x0000001ae7c00000,0x0000001ae7d00000) (1024K)]
  0x000001d0849cb400 JavaThread "Attach Listener"            daemon [_thread_blocked, id=23524, stack(0x0000001ae7d00000,0x0000001ae7e00000) (1024K)]
  0x000001d0849cc7b0 JavaThread "Service Thread"             daemon [_thread_blocked, id=24208, stack(0x0000001ae7e00000,0x0000001ae7f00000) (1024K)]
  0x000001d0849cc120 JavaThread "Monitor Deflation Thread"   daemon [_thread_blocked, id=18120, stack(0x0000001ae7f00000,0x0000001ae8000000) (1024K)]
  0x000001d0849deef0 JavaThread "C2 CompilerThread0"         daemon [_thread_blocked, id=18104, stack(0x0000001ae8000000,0x0000001ae8100000) (1024K)]
  0x000001d0849e2650 JavaThread "C1 CompilerThread0"         daemon [_thread_blocked, id=18072, stack(0x0000001ae8100000,0x0000001ae8200000) (1024K)]
  0x000001d0849ca050 JavaThread "Notification Thread"        daemon [_thread_blocked, id=35692, stack(0x0000001ae8200000,0x0000001ae8300000) (1024K)]
  0x000001d0849cce40 JavaThread "Common-Cleaner"             daemon [_thread_blocked, id=27348, stack(0x0000001ae8300000,0x0000001ae8400000) (1024K)]
  0x000001d0849ca6e0 JavaThread "Active Thread: Equinox Container: 93f9c58e-8423-42fd-a643-b1f0e5f5ab3f"        [_thread_blocked, id=14516, stack(0x0000001ae8600000,0x0000001ae8700000) (1024K)]
  0x000001d0849cad70 JavaThread "Refresh Thread: Equinox Container: 93f9c58e-8423-42fd-a643-b1f0e5f5ab3f" daemon [_thread_blocked, id=14564, stack(0x0000001ae8d00000,0x0000001ae8e00000) (1024K)]
  0x000001d0849cba90 JavaThread "Framework Event Dispatcher: Equinox Container: 93f9c58e-8423-42fd-a643-b1f0e5f5ab3f" daemon [_thread_blocked, id=11968, stack(0x0000001ae8e00000,0x0000001ae8f00000) (1024K)]
  0x000001d0cabed660 JavaThread "Start Level: Equinox Container: 93f9c58e-8423-42fd-a643-b1f0e5f5ab3f" daemon [_thread_blocked, id=33264, stack(0x0000001ae8f00000,0x0000001ae9000000) (1024K)]
  0x000001d0cabedcf0 JavaThread "Bundle File Closer"         daemon [_thread_blocked, id=27420, stack(0x0000001ae9000000,0x0000001ae9100000) (1024K)]
  0x000001d0cabef0a0 JavaThread "SCR Component Actor"        daemon [_thread_blocked, id=30296, stack(0x0000001ae9400000,0x0000001ae9500000) (1024K)]
  0x000001d0cabf0ae0 JavaThread "Worker-JM"                         [_thread_blocked, id=34520, stack(0x0000001ae9500000,0x0000001ae9600000) (1024K)]
  0x000001d0cabf1170 JavaThread "Worker-0: Java indexing... "        [_thread_blocked, id=16028, stack(0x0000001ae9600000,0x0000001ae9700000) (1024K)]
  0x000001d0cabeea10 JavaThread "Worker-1"                          [_thread_blocked, id=23656, stack(0x0000001ae9700000,0x0000001ae9800000) (1024K)]
  0x000001d084d69b40 JavaThread "C2 CompilerThread1"         daemon [_thread_blocked, id=22832, stack(0x0000001ae8400000,0x0000001ae8500000) (1024K)]
  0x000001d0cabf3240 JavaThread "Java indexing"              daemon [_thread_blocked, id=24476, stack(0x0000001ae8500000,0x0000001ae8600000) (1024K)]
  0x000001d0cabf1800 JavaThread "JNA Cleaner"                daemon [_thread_blocked, id=24992, stack(0x0000001ae9a00000,0x0000001ae9b00000) (1024K)]
  0x000001d0cabefdc0 JavaThread "Worker-2"                          [_thread_blocked, id=12716, stack(0x0000001ae9d00000,0x0000001ae9e00000) (1024K)]
  0x000001d0cabf2bb0 JavaThread "Worker-3"                          [_thread_blocked, id=34764, stack(0x0000001ae9e00000,0x0000001ae9f00000) (1024K)]
  0x000001d0cabf1e90 JavaThread "pool-2-thread-1"                   [_thread_blocked, id=24684, stack(0x0000001ae9f00000,0x0000001aea000000) (1024K)]
  0x000001d0ccca3400 JavaThread "C2 CompilerThread2"         daemon [_thread_blocked, id=10176, stack(0x0000001aea000000,0x0000001aea100000) (1024K)]
  0x000001d0cabf2520 JavaThread "Worker-4: Initialize Workspace"        [_thread_blocked, id=24432, stack(0x0000001aea200000,0x0000001aea300000) (1024K)]
  0x000001d0cabef730 JavaThread "WorkspaceEventsHandler"            [_thread_blocked, id=13224, stack(0x0000001aea300000,0x0000001aea400000) (1024K)]
  0x000001d0cabf38d0 JavaThread "pool-1-thread-1"                   [_thread_blocked, id=30412, stack(0x0000001aea400000,0x0000001aea500000) (1024K)]
  0x000001d0cabf0450 JavaThread "Worker-5"                          [_thread_blocked, id=17416, stack(0x0000001aea500000,0x0000001aea600000) (1024K)]
  0x000001d0cabf3f60 JavaThread "Keep-Alive-Timer"           daemon [_thread_blocked, id=14208, stack(0x0000001aea600000,0x0000001aea700000) (1024K)]
Total: 32

Other Threads:
=>0x000001d08499f420 VMThread "VM Thread"                           [id=15236, stack(0x0000001ae7900000,0x0000001ae7a00000) (1024K)]
  0x000001d084988110 WatcherThread "VM Periodic Task Thread"        [id=28876, stack(0x0000001ae7800000,0x0000001ae7900000) (1024K)]
  0x000001d0e62df0b0 WorkerThread "GC Thread#0"                     [id=15132, stack(0x0000001ae7300000,0x0000001ae7400000) (1024K)]
  0x000001d0ca98cdd0 WorkerThread "GC Thread#1"                     [id=8320, stack(0x0000001ae8700000,0x0000001ae8800000) (1024K)]
  0x000001d0ca98d180 WorkerThread "GC Thread#2"                     [id=30360, stack(0x0000001ae8800000,0x0000001ae8900000) (1024K)]
  0x000001d0ca98d530 WorkerThread "GC Thread#3"                     [id=15328, stack(0x0000001ae8900000,0x0000001ae8a00000) (1024K)]
  0x000001d0ca9889e0 WorkerThread "GC Thread#4"                     [id=14532, stack(0x0000001ae8a00000,0x0000001ae8b00000) (1024K)]
  0x000001d0ca598e20 WorkerThread "GC Thread#5"                     [id=15332, stack(0x0000001ae8b00000,0x0000001ae8c00000) (1024K)]
  0x000001d0ca4bbb40 WorkerThread "GC Thread#6"                     [id=16496, stack(0x0000001ae8c00000,0x0000001ae8d00000) (1024K)]
  0x000001d0cb20e4e0 WorkerThread "GC Thread#7"                     [id=6072, stack(0x0000001ae9100000,0x0000001ae9200000) (1024K)]
  0x000001d0cb20e890 WorkerThread "GC Thread#8"                     [id=1472, stack(0x0000001ae9200000,0x0000001ae9300000) (1024K)]
  0x000001d0cb20ec40 WorkerThread "GC Thread#9"                     [id=15248, stack(0x0000001ae9300000,0x0000001ae9400000) (1024K)]
  0x000001d0e62f0a20 ConcurrentGCThread "G1 Main Marker"            [id=14944, stack(0x0000001ae7400000,0x0000001ae7500000) (1024K)]
  0x000001d0e62f1be0 WorkerThread "G1 Conc#0"                       [id=24052, stack(0x0000001ae7500000,0x0000001ae7600000) (1024K)]
  0x000001d0cc118460 WorkerThread "G1 Conc#1"                       [id=15016, stack(0x0000001ae9800000,0x0000001ae9900000) (1024K)]
  0x000001d0cc1196d0 WorkerThread "G1 Conc#2"                       [id=35292, stack(0x0000001ae9900000,0x0000001ae9a00000) (1024K)]
  0x000001d084855590 ConcurrentGCThread "G1 Refine#0"               [id=15780, stack(0x0000001ae7600000,0x0000001ae7700000) (1024K)]
  0x000001d084858de0 ConcurrentGCThread "G1 Service"                [id=21532, stack(0x0000001ae7700000,0x0000001ae7800000) (1024K)]
Total: 18

Threads with active compile tasks:
C2 CompilerThread0  9458 8572 % !   4       org.eclipse.jdt.internal.compiler.classfmt.ClassFileReader::<init> @ 81 (1968 bytes)
C1 CompilerThread0  9458 8961       2       org.eclipse.aether.util.graph.manager.ClassicDependencyManager::manageDependency (359 bytes)
C2 CompilerThread1  9458 8549 %     4       org.eclipse.jdt.internal.core.search.indexing.BinaryIndexer::extractReferenceFromConstantPool @ 15 (358 bytes)
C2 CompilerThread2  9458 8814       4       org.eclipse.jdt.internal.compiler.classfmt.MethodInfo::createMethod (710 bytes)
Total: 4

VM state: at safepoint (normal execution)

VM Mutex/Monitor currently owned by a thread:  ([mutex/lock_event])
[0x00007ffc189ebbb8] Threads_lock - owner thread: 0x000001d08499f420
[0x00007ffc189ebcb8] Heap_lock - owner thread: 0x000001d0cabf3240

Heap address: 0x000000008a600000, size: 1882 MB, Compressed Oops mode: 32-bit

CDS archive(s) mapped at: [0x000001d085000000-0x000001d085c60000-0x000001d085c60000), size 12976128, SharedBaseAddress: 0x000001d085000000, ArchiveRelocationMode: 1.
Compressed class space mapped at: 0x000001d086000000-0x000001d0c6000000, reserved size: 1073741824
Narrow klass base: 0x000001d085000000, Narrow klass shift: 0, Narrow klass range: 0x41000000

GC Precious Log:
 CardTable entry size: 512
 Card Set container configuration: InlinePtr #cards 5 size 8 Array Of Cards #cards 12 size 40 Howl #buckets 4 coarsen threshold 1843 Howl Bitmap #cards 512 size 80 coarsen threshold 460 Card regions per heap region 1 cards per card region 2048
 CPUs: 12 total, 12 available
 Memory: 7521M
 Large Page Support: Disabled
 NUMA Support: Disabled
 Compressed Oops: Enabled (32-bit)
 Heap Region Size: 1M
 Heap Min Capacity: 8M
 Heap Initial Capacity: 118M
 Heap Max Capacity: 1882M
 Pre-touch: Disabled
 Parallel Workers: 10
 Concurrent Workers: 3
 Concurrent Refinement Workers: 10
 Periodic GC: Disabled

Heap:
 garbage-first heap   total reserved 1927168K, committed 120832K, used 69632K [0x000000008a600000, 0x0000000100000000)
  region size 1024K, 4 young (4096K), 4 survivors (4096K)
 Metaspace       used 54845K, committed 56064K, reserved 1114112K
  class space    used 5976K, committed 6528K, reserved 1048576K

Heap Regions: E=young(eden), S=young(survivor), O=old, HS=humongous(starts), HC=humongous(continues), CS=collection set, F=free, TAMS=top-at-mark-start, PB=parsable bottom
|   0|0x000000008a600000, 0x000000008a700000, 0x000000008a700000|100%| O|  |TAMS 0x000000008a600000| PB 0x000000008a600000| Untracked |  0
|   1|0x000000008a700000, 0x000000008a800000, 0x000000008a800000|100%| O|  |TAMS 0x000000008a700000| PB 0x000000008a700000| Untracked |  0
|   2|0x000000008a800000, 0x000000008a900000, 0x000000008a900000|100%| O|  |TAMS 0x000000008a800000| PB 0x000000008a800000| Untracked |  0
|   3|0x000000008a900000, 0x000000008aa00000, 0x000000008aa00000|100%| O|  |TAMS 0x000000008a900000| PB 0x000000008a900000| Untracked |  0
|   4|0x000000008aa00000, 0x000000008ab00000, 0x000000008ab00000|100%| O|  |TAMS 0x000000008aa00000| PB 0x000000008aa00000| Untracked |  0
|   5|0x000000008ab00000, 0x000000008ac00000, 0x000000008ac00000|100%| O|  |TAMS 0x000000008ab00000| PB 0x000000008ab00000| Untracked |  0
|   6|0x000000008ac00000, 0x000000008ad00000, 0x000000008ad00000|100%|HS|  |TAMS 0x000000008ac00000| PB 0x000000008ac00000| Complete |  0
|   7|0x000000008ad00000, 0x000000008ae00000, 0x000000008ae00000|100%| O|  |TAMS 0x000000008ad00000| PB 0x000000008ad00000| Untracked |  0
|   8|0x000000008ae00000, 0x000000008af00000, 0x000000008af00000|100%| O|  |TAMS 0x000000008ae00000| PB 0x000000008ae00000| Untracked |  0
|   9|0x000000008af00000, 0x000000008b000000, 0x000000008b000000|100%| O|  |TAMS 0x000000008af00000| PB 0x000000008af00000| Untracked |  0
|  10|0x000000008b000000, 0x000000008b100000, 0x000000008b100000|100%| O|  |TAMS 0x000000008b000000| PB 0x000000008b000000| Untracked |  0
|  11|0x000000008b100000, 0x000000008b200000, 0x000000008b200000|100%| O|  |TAMS 0x000000008b100000| PB 0x000000008b100000| Untracked |  0
|  12|0x000000008b200000, 0x000000008b300000, 0x000000008b300000|100%| O|  |TAMS 0x000000008b200000| PB 0x000000008b200000| Untracked |  0
|  13|0x000000008b300000, 0x000000008b400000, 0x000000008b400000|100%| O|  |TAMS 0x000000008b300000| PB 0x000000008b300000| Untracked |  0
|  14|0x000000008b400000, 0x000000008b500000, 0x000000008b500000|100%| O|  |TAMS 0x000000008b400000| PB 0x000000008b400000| Untracked |  0
|  15|0x000000008b500000, 0x000000008b600000, 0x000000008b600000|100%| O|  |TAMS 0x000000008b500000| PB 0x000000008b500000| Untracked |  0
|  16|0x000000008b600000, 0x000000008b700000, 0x000000008b700000|100%| O|  |TAMS 0x000000008b600000| PB 0x000000008b600000| Untracked |  0
|  17|0x000000008b700000, 0x000000008b800000, 0x000000008b800000|100%| O|  |TAMS 0x000000008b700000| PB 0x000000008b700000| Untracked |  0
|  18|0x000000008b800000, 0x000000008b900000, 0x000000008b900000|100%| O|  |TAMS 0x000000008b800000| PB 0x000000008b800000| Untracked |  0
|  19|0x000000008b900000, 0x000000008ba00000, 0x000000008ba00000|100%|HS|  |TAMS 0x000000008b900000| PB 0x000000008b900000| Complete |  0
|  20|0x000000008ba00000, 0x000000008bb00000, 0x000000008bb00000|100%| O|  |TAMS 0x000000008ba00000| PB 0x000000008ba00000| Untracked |  0
|  21|0x000000008bb00000, 0x000000008bc00000, 0x000000008bc00000|100%| O|  |TAMS 0x000000008bb00000| PB 0x000000008bb00000| Untracked |  0
|  22|0x000000008bc00000, 0x000000008bd00000, 0x000000008bd00000|100%| O|  |TAMS 0x000000008bc00000| PB 0x000000008bc00000| Untracked |  0
|  23|0x000000008bd00000, 0x000000008be00000, 0x000000008be00000|100%| O|  |TAMS 0x000000008bd00000| PB 0x000000008bd00000| Untracked |  0
|  24|0x000000008be00000, 0x000000008bf00000, 0x000000008bf00000|100%| O|  |TAMS 0x000000008be00000| PB 0x000000008be00000| Untracked |  0
|  25|0x000000008bf00000, 0x000000008c000000, 0x000000008c000000|100%| O|  |TAMS 0x000000008bf00000| PB 0x000000008bf00000| Untracked |  0
|  26|0x000000008c000000, 0x000000008c100000, 0x000000008c100000|100%| O|  |TAMS 0x000000008c000000| PB 0x000000008c000000| Untracked |  0
|  27|0x000000008c100000, 0x000000008c200000, 0x000000008c200000|100%| O|  |TAMS 0x000000008c100000| PB 0x000000008c100000| Untracked |  0
|  28|0x000000008c200000, 0x000000008c300000, 0x000000008c300000|100%| O|  |TAMS 0x000000008c200000| PB 0x000000008c200000| Untracked |  0
|  29|0x000000008c300000, 0x000000008c400000, 0x000000008c400000|100%| O|  |TAMS 0x000000008c300000| PB 0x000000008c300000| Untracked |  0
|  30|0x000000008c400000, 0x000000008c500000, 0x000000008c500000|100%| O|  |TAMS 0x000000008c400000| PB 0x000000008c400000| Untracked |  0
|  31|0x000000008c500000, 0x000000008c600000, 0x000000008c600000|100%| O|  |TAMS 0x000000008c500000| PB 0x000000008c500000| Untracked |  0
|  32|0x000000008c600000, 0x000000008c700000, 0x000000008c700000|100%| O|  |TAMS 0x000000008c600000| PB 0x000000008c600000| Untracked |  0
|  33|0x000000008c700000, 0x000000008c800000, 0x000000008c800000|100%| O|  |TAMS 0x000000008c700000| PB 0x000000008c700000| Untracked |  0
|  34|0x000000008c800000, 0x000000008c900000, 0x000000008c900000|100%| O|  |TAMS 0x000000008c800000| PB 0x000000008c800000| Untracked |  0
|  35|0x000000008c900000, 0x000000008ca00000, 0x000000008ca00000|100%| O|  |TAMS 0x000000008c900000| PB 0x000000008c900000| Untracked |  0
|  36|0x000000008ca00000, 0x000000008cb00000, 0x000000008cb00000|100%| O|  |TAMS 0x000000008ca00000| PB 0x000000008ca00000| Untracked |  0
|  37|0x000000008cb00000, 0x000000008cc00000, 0x000000008cc00000|100%| O|  |TAMS 0x000000008cb00000| PB 0x000000008cb00000| Untracked |  0
|  38|0x000000008cc00000, 0x000000008cd00000, 0x000000008cd00000|100%| O|  |TAMS 0x000000008cc00000| PB 0x000000008cc00000| Untracked |  0
|  39|0x000000008cd00000, 0x000000008ce00000, 0x000000008ce00000|100%| O|  |TAMS 0x000000008cd00000| PB 0x000000008cd00000| Untracked |  0
|  40|0x000000008ce00000, 0x000000008cf00000, 0x000000008cf00000|100%| O|  |TAMS 0x000000008ce00000| PB 0x000000008ce00000| Untracked |  0
|  41|0x000000008cf00000, 0x000000008d000000, 0x000000008d000000|100%| O|  |TAMS 0x000000008cf00000| PB 0x000000008cf00000| Untracked |  0
|  42|0x000000008d000000, 0x000000008d000000, 0x000000008d100000|  0%| F|  |TAMS 0x000000008d000000| PB 0x000000008d000000| Untracked |  0
|  43|0x000000008d100000, 0x000000008d200000, 0x000000008d200000|100%| O|  |TAMS 0x000000008d100000| PB 0x000000008d100000| Untracked |  0
|  44|0x000000008d200000, 0x000000008d300000, 0x000000008d300000|100%| O|  |TAMS 0x000000008d200000| PB 0x000000008d200000| Untracked |  0
|  45|0x000000008d300000, 0x000000008d400000, 0x000000008d400000|100%| O|  |TAMS 0x000000008d300000| PB 0x000000008d300000| Untracked |  0
|  46|0x000000008d400000, 0x000000008d500000, 0x000000008d500000|100%| O|  |TAMS 0x000000008d400000| PB 0x000000008d400000| Untracked |  0
|  47|0x000000008d500000, 0x000000008d600000, 0x000000008d600000|100%| O|  |TAMS 0x000000008d500000| PB 0x000000008d500000| Untracked |  0
|  48|0x000000008d600000, 0x000000008d700000, 0x000000008d700000|100%| O|  |TAMS 0x000000008d600000| PB 0x000000008d600000| Untracked |  0
|  49|0x000000008d700000, 0x000000008d800000, 0x000000008d800000|100%| O|  |TAMS 0x000000008d700000| PB 0x000000008d700000| Untracked |  0
|  50|0x000000008d800000, 0x000000008d900000, 0x000000008d900000|100%| O|  |TAMS 0x000000008d800000| PB 0x000000008d800000| Untracked |  0
|  51|0x000000008d900000, 0x000000008d900000, 0x000000008da00000|  0%| F|  |TAMS 0x000000008d900000| PB 0x000000008d900000| Untracked |  0
|  52|0x000000008da00000, 0x000000008db00000, 0x000000008db00000|100%| O|  |TAMS 0x000000008da00000| PB 0x000000008da00000| Untracked |  0
|  53|0x000000008db00000, 0x000000008dc00000, 0x000000008dc00000|100%| O|  |TAMS 0x000000008db00000| PB 0x000000008db00000| Untracked |  0
|  54|0x000000008dc00000, 0x000000008dd00000, 0x000000008dd00000|100%| O|  |TAMS 0x000000008dc00000| PB 0x000000008dc00000| Untracked |  0
|  55|0x000000008dd00000, 0x000000008de00000, 0x000000008de00000|100%| O|  |TAMS 0x000000008dd00000| PB 0x000000008dd00000| Untracked |  0
|  56|0x000000008de00000, 0x000000008df00000, 0x000000008df00000|100%| O|  |TAMS 0x000000008de00000| PB 0x000000008de00000| Untracked |  0
|  57|0x000000008df00000, 0x000000008e000000, 0x000000008e000000|100%| O|  |TAMS 0x000000008df00000| PB 0x000000008df00000| Untracked |  0
|  58|0x000000008e000000, 0x000000008e100000, 0x000000008e100000|100%| O|  |TAMS 0x000000008e000000| PB 0x000000008e000000| Untracked |  0
|  59|0x000000008e100000, 0x000000008e200000, 0x000000008e200000|100%| O|  |TAMS 0x000000008e100000| PB 0x000000008e100000| Untracked |  0
|  60|0x000000008e200000, 0x000000008e300000, 0x000000008e300000|100%| O|  |TAMS 0x000000008e200000| PB 0x000000008e200000| Untracked |  0
|  61|0x000000008e300000, 0x000000008e400000, 0x000000008e400000|100%| O|  |TAMS 0x000000008e300000| PB 0x000000008e300000| Untracked |  0
|  62|0x000000008e400000, 0x000000008e500000, 0x000000008e500000|100%| O|  |TAMS 0x000000008e400000| PB 0x000000008e400000| Untracked |  0
|  63|0x000000008e500000, 0x000000008e600000, 0x000000008e600000|100%| O|  |TAMS 0x000000008e500000| PB 0x000000008e500000| Untracked |  0
|  64|0x000000008e600000, 0x000000008e700000, 0x000000008e700000|100%| O|  |TAMS 0x000000008e600000| PB 0x000000008e600000| Untracked |  0
|  65|0x000000008e700000, 0x000000008e800000, 0x000000008e800000|100%| O|  |TAMS 0x000000008e700000| PB 0x000000008e700000| Untracked |  0
|  66|0x000000008e800000, 0x000000008e800000, 0x000000008e900000|  0%| F|  |TAMS 0x000000008e800000| PB 0x000000008e800000| Untracked |  0
|  67|0x000000008e900000, 0x000000008e900000, 0x000000008ea00000|  0%| F|  |TAMS 0x000000008e900000| PB 0x000000008e900000| Untracked |  0
|  68|0x000000008ea00000, 0x000000008eb00000, 0x000000008eb00000|100%| S|CS|TAMS 0x000000008ea00000| PB 0x000000008ea00000| Complete |  0
|  69|0x000000008eb00000, 0x000000008ec00000, 0x000000008ec00000|100%| S|CS|TAMS 0x000000008eb00000| PB 0x000000008eb00000| Complete |  0
|  70|0x000000008ec00000, 0x000000008ed00000, 0x000000008ed00000|100%| S|CS|TAMS 0x000000008ec00000| PB 0x000000008ec00000| Complete |  0
|  71|0x000000008ed00000, 0x000000008ee00000, 0x000000008ee00000|100%| S|CS|TAMS 0x000000008ed00000| PB 0x000000008ed00000| Complete |  0
|  72|0x000000008ee00000, 0x000000008ee00000, 0x000000008ef00000|  0%| F|  |TAMS 0x000000008ee00000| PB 0x000000008ee00000| Untracked |  0
|  73|0x000000008ef00000, 0x000000008ef00000, 0x000000008f000000|  0%| F|  |TAMS 0x000000008ef00000| PB 0x000000008ef00000| Untracked |  0
|  74|0x000000008f000000, 0x000000008f000000, 0x000000008f100000|  0%| F|  |TAMS 0x000000008f000000| PB 0x000000008f000000| Untracked |  0
|  75|0x000000008f100000, 0x000000008f100000, 0x000000008f200000|  0%| F|  |TAMS 0x000000008f100000| PB 0x000000008f100000| Untracked |  0
|  76|0x000000008f200000, 0x000000008f200000, 0x000000008f300000|  0%| F|  |TAMS 0x000000008f200000| PB 0x000000008f200000| Untracked |  0
|  77|0x000000008f300000, 0x000000008f300000, 0x000000008f400000|  0%| F|  |TAMS 0x000000008f300000| PB 0x000000008f300000| Untracked |  0
|  78|0x000000008f400000, 0x000000008f400000, 0x000000008f500000|  0%| F|  |TAMS 0x000000008f400000| PB 0x000000008f400000| Untracked |  0
|  79|0x000000008f500000, 0x000000008f500000, 0x000000008f600000|  0%| F|  |TAMS 0x000000008f500000| PB 0x000000008f500000| Untracked |  0
|  80|0x000000008f600000, 0x000000008f600000, 0x000000008f700000|  0%| F|  |TAMS 0x000000008f600000| PB 0x000000008f600000| Untracked |  0
|  81|0x000000008f700000, 0x000000008f700000, 0x000000008f800000|  0%| F|  |TAMS 0x000000008f700000| PB 0x000000008f700000| Untracked |  0
|  82|0x000000008f800000, 0x000000008f800000, 0x000000008f900000|  0%| F|  |TAMS 0x000000008f800000| PB 0x000000008f800000| Untracked |  0
|  83|0x000000008f900000, 0x000000008f900000, 0x000000008fa00000|  0%| F|  |TAMS 0x000000008f900000| PB 0x000000008f900000| Untracked |  0
|  84|0x000000008fa00000, 0x000000008fa00000, 0x000000008fb00000|  0%| F|  |TAMS 0x000000008fa00000| PB 0x000000008fa00000| Untracked |  0
|  85|0x000000008fb00000, 0x000000008fb00000, 0x000000008fc00000|  0%| F|  |TAMS 0x000000008fb00000| PB 0x000000008fb00000| Untracked |  0
|  86|0x000000008fc00000, 0x000000008fc00000, 0x000000008fd00000|  0%| F|  |TAMS 0x000000008fc00000| PB 0x000000008fc00000| Untracked |  0
|  87|0x000000008fd00000, 0x000000008fd00000, 0x000000008fe00000|  0%| F|  |TAMS 0x000000008fd00000| PB 0x000000008fd00000| Untracked |  0
|  88|0x000000008fe00000, 0x000000008fe00000, 0x000000008ff00000|  0%| F|  |TAMS 0x000000008fe00000| PB 0x000000008fe00000| Untracked |  0
|  89|0x000000008ff00000, 0x000000008ff00000, 0x0000000090000000|  0%| F|  |TAMS 0x000000008ff00000| PB 0x000000008ff00000| Untracked |  0
|  90|0x0000000090000000, 0x0000000090000000, 0x0000000090100000|  0%| F|  |TAMS 0x0000000090000000| PB 0x0000000090000000| Untracked |  0
|  91|0x0000000090100000, 0x0000000090100000, 0x0000000090200000|  0%| F|  |TAMS 0x0000000090100000| PB 0x0000000090100000| Untracked |  0
|  92|0x0000000090200000, 0x0000000090200000, 0x0000000090300000|  0%| F|  |TAMS 0x0000000090200000| PB 0x0000000090200000| Untracked |  0
|  93|0x0000000090300000, 0x0000000090300000, 0x0000000090400000|  0%| F|  |TAMS 0x0000000090300000| PB 0x0000000090300000| Untracked |  0
|  94|0x0000000090400000, 0x0000000090400000, 0x0000000090500000|  0%| F|  |TAMS 0x0000000090400000| PB 0x0000000090400000| Untracked |  0
|  95|0x0000000090500000, 0x0000000090500000, 0x0000000090600000|  0%| F|  |TAMS 0x0000000090500000| PB 0x0000000090500000| Untracked |  0
|  96|0x0000000090600000, 0x0000000090600000, 0x0000000090700000|  0%| F|  |TAMS 0x0000000090600000| PB 0x0000000090600000| Untracked |  0
|  97|0x0000000090700000, 0x0000000090700000, 0x0000000090800000|  0%| F|  |TAMS 0x0000000090700000| PB 0x0000000090700000| Untracked |  0
|  98|0x0000000090800000, 0x0000000090800000, 0x0000000090900000|  0%| F|  |TAMS 0x0000000090800000| PB 0x0000000090800000| Untracked |  0
|  99|0x0000000090900000, 0x0000000090900000, 0x0000000090a00000|  0%| F|  |TAMS 0x0000000090900000| PB 0x0000000090900000| Untracked |  0
| 100|0x0000000090a00000, 0x0000000090a00000, 0x0000000090b00000|  0%| F|  |TAMS 0x0000000090a00000| PB 0x0000000090a00000| Untracked |  0
| 101|0x0000000090b00000, 0x0000000090b00000, 0x0000000090c00000|  0%| F|  |TAMS 0x0000000090b00000| PB 0x0000000090b00000| Untracked |  0
| 102|0x0000000090c00000, 0x0000000090c00000, 0x0000000090d00000|  0%| F|  |TAMS 0x0000000090c00000| PB 0x0000000090c00000| Untracked |  0
| 103|0x0000000090d00000, 0x0000000090d00000, 0x0000000090e00000|  0%| F|  |TAMS 0x0000000090d00000| PB 0x0000000090d00000| Untracked |  0
| 104|0x0000000090e00000, 0x0000000090e00000, 0x0000000090f00000|  0%| F|  |TAMS 0x0000000090e00000| PB 0x0000000090e00000| Untracked |  0
| 105|0x0000000090f00000, 0x0000000090f00000, 0x0000000091000000|  0%| F|  |TAMS 0x0000000090f00000| PB 0x0000000090f00000| Untracked |  0
| 106|0x0000000091000000, 0x0000000091000000, 0x0000000091100000|  0%| F|  |TAMS 0x0000000091000000| PB 0x0000000091000000| Untracked |  0
| 107|0x0000000091100000, 0x0000000091100000, 0x0000000091200000|  0%| F|  |TAMS 0x0000000091100000| PB 0x0000000091100000| Untracked |  0
| 108|0x0000000091200000, 0x0000000091200000, 0x0000000091300000|  0%| F|  |TAMS 0x0000000091200000| PB 0x0000000091200000| Untracked |  0
| 109|0x0000000091300000, 0x0000000091300000, 0x0000000091400000|  0%| F|  |TAMS 0x0000000091300000| PB 0x0000000091300000| Untracked |  0
| 110|0x0000000091400000, 0x0000000091400000, 0x0000000091500000|  0%| F|  |TAMS 0x0000000091400000| PB 0x0000000091400000| Untracked |  0
| 111|0x0000000091500000, 0x0000000091500000, 0x0000000091600000|  0%| F|  |TAMS 0x0000000091500000| PB 0x0000000091500000| Untracked |  0
| 112|0x0000000091600000, 0x0000000091600000, 0x0000000091700000|  0%| F|  |TAMS 0x0000000091600000| PB 0x0000000091600000| Untracked |  0
| 113|0x0000000091700000, 0x0000000091700000, 0x0000000091800000|  0%| F|  |TAMS 0x0000000091700000| PB 0x0000000091700000| Untracked |  0
| 114|0x0000000091800000, 0x0000000091800000, 0x0000000091900000|  0%| F|  |TAMS 0x0000000091800000| PB 0x0000000091800000| Untracked |  0
| 115|0x0000000091900000, 0x0000000091900000, 0x0000000091a00000|  0%| F|  |TAMS 0x0000000091900000| PB 0x0000000091900000| Untracked |  0
| 116|0x0000000091a00000, 0x0000000091a00000, 0x0000000091b00000|  0%| F|  |TAMS 0x0000000091a00000| PB 0x0000000091a00000| Untracked |  0
| 117|0x0000000091b00000, 0x0000000091b00000, 0x0000000091c00000|  0%| F|  |TAMS 0x0000000091b00000| PB 0x0000000091b00000| Untracked |  0

Card table byte_map: [0x000001d0ffc40000,0x000001d0ffff0000] _byte_map_base: 0x000001d0ff7ed000

Marking Bits: (CMBitMap*) 0x000001d0e62df6d0
 Bits: [0x000001d080000000, 0x000001d081d68000)

Polling page: 0x000001d0e5ff0000

Metaspace:

Usage:
  Non-class:     47.72 MB used.
      Class:      5.84 MB used.
       Both:     53.56 MB used.

Virtual space:
  Non-class space:       64.00 MB reserved,      48.38 MB ( 76%) committed,  1 nodes.
      Class space:        1.00 GB reserved,       6.38 MB ( <1%) committed,  1 nodes.
             Both:        1.06 GB reserved,      54.75 MB (  5%) committed. 

Chunk freelists:
   Non-Class:  14.83 MB
       Class:  9.58 MB
        Both:  24.41 MB

MaxMetaspaceSize: unlimited
CompressedClassSpaceSize: 1.00 GB
Initial GC threshold: 21.00 MB
Current GC threshold: 90.94 MB
CDS: on
 - commit_granule_bytes: 65536.
 - commit_granule_words: 8192.
 - virtual_space_node_default_size: 8388608.
 - enlarge_chunks_in_place: 1.
 - use_allocation_guard: 0.


Internal statistics:

num_allocs_failed_limit: 6.
num_arena_births: 838.
num_arena_deaths: 0.
num_vsnodes_births: 2.
num_vsnodes_deaths: 0.
num_space_committed: 876.
num_space_uncommitted: 0.
num_chunks_returned_to_freelist: 6.
num_chunks_taken_from_freelist: 3018.
num_chunk_merges: 3.
num_chunk_splits: 1924.
num_chunks_enlarged: 1173.
num_inconsistent_stats: 0.

CodeHeap 'non-profiled nmethods': size=120000Kb used=3840Kb max_used=4293Kb free=116159Kb
 bounds [0x000001d0f76d0000, 0x000001d0f7b10000, 0x000001d0fec00000]
CodeHeap 'profiled nmethods': size=120000Kb used=15343Kb max_used=16135Kb free=104657Kb
 bounds [0x000001d0efc00000, 0x000001d0f0bf0000, 0x000001d0f7130000]
CodeHeap 'non-nmethods': size=5760Kb used=1719Kb max_used=1755Kb free=4040Kb
 bounds [0x000001d0f7130000, 0x000001d0f73a0000, 0x000001d0f76d0000]
 total_blobs=8177 nmethods=7437 adapters=644
 compilation: enabled
              stopped_count=0, restarted_count=0
 full_count=0

Compilation events (20 events):
Event: 8.189 Thread 0x000001d0849e2650 nmethod 8955 0x000001d0efd9ec90 code [0x000001d0efd9ee60, 0x000001d0efd9f220]
Event: 8.189 Thread 0x000001d0849e2650 8954       2       org.eclipse.aether.internal.impl.collect.DependencyCollectorDelegate::createDependencyNode (62 bytes)
Event: 8.190 Thread 0x000001d0849e2650 nmethod 8954 0x000001d0f00c8290 code [0x000001d0f00c84c0, 0x000001d0f00c8b70]
Event: 8.190 Thread 0x000001d0849e2650 8951       2       org.apache.maven.model.interpolation.StringVisitorModelInterpolator$ModelVisitor::visit (47 bytes)
Event: 8.190 Thread 0x000001d0849e2650 nmethod 8951 0x000001d0f0160110 code [0x000001d0f01602e0, 0x000001d0f01605d0]
Event: 8.190 Thread 0x000001d0849e2650 8952       2       org.apache.maven.model.interpolation.StringVisitorModelInterpolator$ModelVisitor::visit (152 bytes)
Event: 8.191 Thread 0x000001d0849e2650 nmethod 8952 0x000001d0f0237890 code [0x000001d0f0237ac0, 0x000001d0f0238230]
Event: 8.191 Thread 0x000001d0849e2650 8953       2       org.apache.maven.model.interpolation.StringVisitorModelInterpolator$ModelVisitor::visit (47 bytes)
Event: 8.191 Thread 0x000001d0849e2650 nmethod 8953 0x000001d0f0564c10 code [0x000001d0f0564de0, 0x000001d0f05650d0]
Event: 8.192 Thread 0x000001d0849e2650 8956       2       org.eclipse.aether.resolution.ArtifactDescriptorRequest::setArtifact (7 bytes)
Event: 8.192 Thread 0x000001d0849e2650 nmethod 8956 0x000001d0efe64990 code [0x000001d0efe64b20, 0x000001d0efe64c78]
Event: 8.192 Thread 0x000001d0849e2650 8957       2       org.eclipse.aether.resolution.ArtifactDescriptorRequest::setRepositories (21 bytes)
Event: 8.193 Thread 0x000001d0849e2650 nmethod 8957 0x000001d0efe01910 code [0x000001d0efe01aa0, 0x000001d0efe01c80]
Event: 8.193 Thread 0x000001d0849e2650 8958       2       org.eclipse.aether.resolution.ArtifactDescriptorRequest::setRequestContext (19 bytes)
Event: 8.193 Thread 0x000001d0849e2650 nmethod 8958 0x000001d0efe73090 code [0x000001d0efe73240, 0x000001d0efe733e0]
Event: 8.193 Thread 0x000001d0849e2650 8959       2       org.eclipse.aether.resolution.ArtifactDescriptorRequest::setTrace (7 bytes)
Event: 8.193 Thread 0x000001d0849e2650 nmethod 8959 0x000001d0eff42990 code [0x000001d0eff42b20, 0x000001d0eff42c78]
Event: 8.196 Thread 0x000001d0849e2650 8960       2       org.eclipse.aether.resolution.ArtifactDescriptorRequest::<init> (18 bytes)
Event: 8.196 Thread 0x000001d0849e2650 nmethod 8960 0x000001d0eff84610 code [0x000001d0eff847c0, 0x000001d0eff849a0]
Event: 8.196 Thread 0x000001d0849e2650 8961       2       org.eclipse.aether.util.graph.manager.ClassicDependencyManager::manageDependency (359 bytes)

GC Heap History (20 events):
Event: 6.639 GC heap after
{Heap after GC invocations=17 (full 0):
 garbage-first heap   total reserved 1927168K, committed 71680K, used 34630K [0x000000008a600000, 0x0000000100000000)
  region size 1024K, 3 young (3072K), 3 survivors (3072K)
 Metaspace       used 51429K, committed 52544K, reserved 1114112K
  class space    used 5694K, committed 6144K, reserved 1048576K
}
Event: 7.157 GC heap before
{Heap before GC invocations=17 (full 0):
 garbage-first heap   total reserved 1927168K, committed 71680K, used 63302K [0x000000008a600000, 0x0000000100000000)
  region size 1024K, 31 young (31744K), 3 survivors (3072K)
 Metaspace       used 52802K, committed 54080K, reserved 1114112K
  class space    used 5836K, committed 6400K, reserved 1048576K
}
Event: 7.161 GC heap after
{Heap after GC invocations=18 (full 0):
 garbage-first heap   total reserved 1927168K, committed 71680K, used 38621K [0x000000008a600000, 0x0000000100000000)
  region size 1024K, 4 young (4096K), 4 survivors (4096K)
 Metaspace       used 52802K, committed 54080K, reserved 1114112K
  class space    used 5836K, committed 6400K, reserved 1048576K
}
Event: 7.410 GC heap before
{Heap before GC invocations=18 (full 0):
 garbage-first heap   total reserved 1927168K, committed 71680K, used 62173K [0x000000008a600000, 0x0000000100000000)
  region size 1024K, 28 young (28672K), 4 survivors (4096K)
 Metaspace       used 54181K, committed 55424K, reserved 1114112K
  class space    used 5955K, committed 6528K, reserved 1048576K
}
Event: 7.416 GC heap after
{Heap after GC invocations=19 (full 0):
 garbage-first heap   total reserved 1927168K, committed 71680K, used 40863K [0x000000008a600000, 0x0000000100000000)
  region size 1024K, 3 young (3072K), 3 survivors (3072K)
 Metaspace       used 54181K, committed 55424K, reserved 1114112K
  class space    used 5955K, committed 6528K, reserved 1048576K
}
Event: 7.563 GC heap before
{Heap before GC invocations=20 (full 0):
 garbage-first heap   total reserved 1927168K, committed 71680K, used 62367K [0x000000008a600000, 0x0000000100000000)
  region size 1024K, 25 young (25600K), 3 survivors (3072K)
 Metaspace       used 54363K, committed 55616K, reserved 1114112K
  class space    used 5968K, committed 6528K, reserved 1048576K
}
Event: 7.566 GC heap after
{Heap after GC invocations=21 (full 0):
 garbage-first heap   total reserved 1927168K, committed 71680K, used 43044K [0x000000008a600000, 0x0000000100000000)
  region size 1024K, 4 young (4096K), 4 survivors (4096K)
 Metaspace       used 54363K, committed 55616K, reserved 1114112K
  class space    used 5968K, committed 6528K, reserved 1048576K
}
Event: 7.657 GC heap before
{Heap before GC invocations=21 (full 0):
 garbage-first heap   total reserved 1927168K, committed 71680K, used 61476K [0x000000008a600000, 0x0000000100000000)
  region size 1024K, 23 young (23552K), 4 survivors (4096K)
 Metaspace       used 54560K, committed 55808K, reserved 1114112K
  class space    used 5975K, committed 6528K, reserved 1048576K
}
Event: 7.661 GC heap after
{Heap after GC invocations=22 (full 0):
 garbage-first heap   total reserved 1927168K, committed 71680K, used 45186K [0x000000008a600000, 0x0000000100000000)
  region size 1024K, 3 young (3072K), 3 survivors (3072K)
 Metaspace       used 54560K, committed 55808K, reserved 1114112K
  class space    used 5975K, committed 6528K, reserved 1048576K
}
Event: 7.726 GC heap before
{Heap before GC invocations=22 (full 0):
 garbage-first heap   total reserved 1927168K, committed 71680K, used 63618K [0x000000008a600000, 0x0000000100000000)
  region size 1024K, 21 young (21504K), 3 survivors (3072K)
 Metaspace       used 54616K, committed 55872K, reserved 1114112K
  class space    used 5975K, committed 6528K, reserved 1048576K
}
Event: 7.730 GC heap after
{Heap after GC invocations=23 (full 0):
 garbage-first heap   total reserved 1927168K, committed 71680K, used 48199K [0x000000008a600000, 0x0000000100000000)
  region size 1024K, 3 young (3072K), 3 survivors (3072K)
 Metaspace       used 54616K, committed 55872K, reserved 1114112K
  class space    used 5975K, committed 6528K, reserved 1048576K
}
Event: 7.789 GC heap before
{Heap before GC invocations=24 (full 0):
 garbage-first heap   total reserved 1927168K, committed 81920K, used 63559K [0x000000008a600000, 0x0000000100000000)
  region size 1024K, 18 young (18432K), 3 survivors (3072K)
 Metaspace       used 54630K, committed 55872K, reserved 1114112K
  class space    used 5975K, committed 6528K, reserved 1048576K
}
Event: 7.792 GC heap after
{Heap after GC invocations=25 (full 0):
 garbage-first heap   total reserved 1927168K, committed 98304K, used 50939K [0x000000008a600000, 0x0000000100000000)
  region size 1024K, 3 young (3072K), 3 survivors (3072K)
 Metaspace       used 54630K, committed 55872K, reserved 1114112K
  class space    used 5975K, committed 6528K, reserved 1048576K
}
Event: 7.912 GC heap before
{Heap before GC invocations=25 (full 0):
 garbage-first heap   total reserved 1927168K, committed 98304K, used 84731K [0x000000008a600000, 0x0000000100000000)
  region size 1024K, 37 young (37888K), 3 survivors (3072K)
 Metaspace       used 54742K, committed 55936K, reserved 1114112K
  class space    used 5975K, committed 6528K, reserved 1048576K
}
Event: 7.917 GC heap after
{Heap after GC invocations=26 (full 0):
 garbage-first heap   total reserved 1927168K, committed 98304K, used 55956K [0x000000008a600000, 0x0000000100000000)
  region size 1024K, 5 young (5120K), 5 survivors (5120K)
 Metaspace       used 54742K, committed 55936K, reserved 1114112K
  class space    used 5975K, committed 6528K, reserved 1048576K
}
Event: 8.007 GC heap before
{Heap before GC invocations=26 (full 0):
 garbage-first heap   total reserved 1927168K, committed 98304K, used 86676K [0x000000008a600000, 0x0000000100000000)
  region size 1024K, 35 young (35840K), 5 survivors (5120K)
 Metaspace       used 54773K, committed 56000K, reserved 1114112K
  class space    used 5976K, committed 6528K, reserved 1048576K
}
Event: 8.013 GC heap after
{Heap after GC invocations=27 (full 0):
 garbage-first heap   total reserved 1927168K, committed 98304K, used 61723K [0x000000008a600000, 0x0000000100000000)
  region size 1024K, 5 young (5120K), 5 survivors (5120K)
 Metaspace       used 54773K, committed 56000K, reserved 1114112K
  class space    used 5976K, committed 6528K, reserved 1048576K
}
Event: 8.108 GC heap before
{Heap before GC invocations=28 (full 0):
 garbage-first heap   total reserved 1927168K, committed 104448K, used 86299K [0x000000008a600000, 0x0000000100000000)
  region size 1024K, 29 young (29696K), 5 survivors (5120K)
 Metaspace       used 54808K, committed 56000K, reserved 1114112K
  class space    used 5976K, committed 6528K, reserved 1048576K
}
Event: 8.114 GC heap after
{Heap after GC invocations=29 (full 0):
 garbage-first heap   total reserved 1927168K, committed 104448K, used 65933K [0x000000008a600000, 0x0000000100000000)
  region size 1024K, 4 young (4096K), 4 survivors (4096K)
 Metaspace       used 54808K, committed 56000K, reserved 1114112K
  class space    used 5976K, committed 6528K, reserved 1048576K
}
Event: 8.196 GC heap before
{Heap before GC invocations=29 (full 0):
 garbage-first heap   total reserved 1927168K, committed 104448K, used 92557K [0x000000008a600000, 0x0000000100000000)
  region size 1024K, 30 young (30720K), 4 survivors (4096K)
 Metaspace       used 54845K, committed 56064K, reserved 1114112K
  class space    used 5976K, committed 6528K, reserved 1048576K
}

Dll operation events (13 events):
Event: 0.011 Loaded shared library C:\Program Files\Java\jdk-22\bin\java.dll
Event: 0.044 Loaded shared library C:\Program Files\Java\jdk-22\bin\jsvml.dll
Event: 0.061 Loaded shared library C:\Program Files\Java\jdk-22\bin\net.dll
Event: 0.064 Loaded shared library C:\Program Files\Java\jdk-22\bin\nio.dll
Event: 0.068 Loaded shared library C:\Program Files\Java\jdk-22\bin\zip.dll
Event: 0.156 Loaded shared library C:\Program Files\Java\jdk-22\bin\jimage.dll
Event: 0.878 Loaded shared library C:\Users\Jay\.cache\opencode\bin\jdtls\config_win\org.eclipse.equinox.launcher\org.eclipse.equinox.launcher.win32.win32.x86_64_1.3.0.v20260203-2149\eclipse_11919.dll
Event: 1.969 Loaded shared library C:\Program Files\Java\jdk-22\bin\management.dll
Event: 1.973 Loaded shared library C:\Program Files\Java\jdk-22\bin\management_ext.dll
Event: 2.072 Loaded shared library C:\Program Files\Java\jdk-22\bin\verify.dll
Event: 3.021 Loaded shared library C:\Users\Jay\AppData\Local\Temp\jna-74242\jna16164217461959659292.dll
Event: 3.336 Loaded shared library C:\Program Files\Java\jdk-22\bin\sunmscapi.dll
Event: 3.384 Loaded shared library C:\Program Files\Java\jdk-22\bin\extnet.dll

Deoptimization events (20 events):
Event: 7.966 Thread 0x000001d0cabf2520 Uncommon trap: trap_request=0xffffffde fr.pc=0x000001d0f78d2a14 relative=0x0000000000000674
Event: 7.966 Thread 0x000001d0cabf2520 Uncommon trap: reason=class_check action=maybe_recompile pc=0x000001d0f78d2a14 method=org.apache.maven.model.merge.ModelMerger.merge(Ljava/util/List;Ljava/util/List;Lorg/apache/maven/model/merge/ModelMerger$KeyComputer;Lorg/apache/maven/model/merge/ModelM
Event: 7.966 Thread 0x000001d0cabf2520 DEOPT PACKING pc=0x000001d0f78d2a14 sp=0x0000001aea2fc7a0
Event: 7.966 Thread 0x000001d0cabf2520 DEOPT UNPACKING pc=0x000001d0f71846a2 sp=0x0000001aea2fc710 mode 2
Event: 7.980 Thread 0x000001d0cabf2520 Uncommon trap: trap_request=0xffffffde fr.pc=0x000001d0f78d2a14 relative=0x0000000000000674
Event: 7.980 Thread 0x000001d0cabf2520 Uncommon trap: reason=class_check action=maybe_recompile pc=0x000001d0f78d2a14 method=org.apache.maven.model.merge.ModelMerger.merge(Ljava/util/List;Ljava/util/List;Lorg/apache/maven/model/merge/ModelMerger$KeyComputer;Lorg/apache/maven/model/merge/ModelM
Event: 7.980 Thread 0x000001d0cabf2520 DEOPT PACKING pc=0x000001d0f78d2a14 sp=0x0000001aea2fc320
Event: 7.980 Thread 0x000001d0cabf2520 DEOPT UNPACKING pc=0x000001d0f71846a2 sp=0x0000001aea2fc290 mode 2
Event: 8.061 Thread 0x000001d0cabf2520 Uncommon trap: trap_request=0xffffff45 fr.pc=0x000001d0f7727db0 relative=0x00000000000001f0
Event: 8.061 Thread 0x000001d0cabf2520 Uncommon trap: reason=unstable_if action=reinterpret pc=0x000001d0f7727db0 method=java.util.HashMap.getNode(Ljava/lang/Object;)Ljava/util/HashMap$Node; @ 66 c2
Event: 8.061 Thread 0x000001d0cabf2520 DEOPT PACKING pc=0x000001d0f7727db0 sp=0x0000001aea2fc770
Event: 8.061 Thread 0x000001d0cabf2520 DEOPT UNPACKING pc=0x000001d0f71846a2 sp=0x0000001aea2fc680 mode 2
Event: 8.077 Thread 0x000001d0cabf3240 Uncommon trap: trap_request=0xffffff6e fr.pc=0x000001d0f799c9f0 relative=0x00000000000003b0
Event: 8.077 Thread 0x000001d0cabf3240 Uncommon trap: reason=loop_limit_check action=maybe_recompile pc=0x000001d0f799c9f0 method=org.eclipse.jdt.core.compiler.CharOperation.concatWith([[CC)[C @ 121 c2
Event: 8.077 Thread 0x000001d0cabf3240 DEOPT PACKING pc=0x000001d0f799c9f0 sp=0x0000001ae85fe6a0
Event: 8.077 Thread 0x000001d0cabf3240 DEOPT UNPACKING pc=0x000001d0f71846a2 sp=0x0000001ae85fe650 mode 2
Event: 8.116 Thread 0x000001d0cabf2520 Uncommon trap: trap_request=0xffffff45 fr.pc=0x000001d0f77487dc relative=0x000000000000029c
Event: 8.116 Thread 0x000001d0cabf2520 Uncommon trap: reason=unstable_if action=reinterpret pc=0x000001d0f77487dc method=java.util.concurrent.ConcurrentHashMap.get(Ljava/lang/Object;)Ljava/lang/Object; @ 152 c2
Event: 8.116 Thread 0x000001d0cabf2520 DEOPT PACKING pc=0x000001d0f77487dc sp=0x0000001aea2fd0c0
Event: 8.116 Thread 0x000001d0cabf2520 DEOPT UNPACKING pc=0x000001d0f71846a2 sp=0x0000001aea2fd038 mode 2

Classes loaded (20 events):
Event: 7.198 Loading class sun/nio/ch/FileChannelImpl$Unmapper done
Event: 7.198 Loading class sun/nio/ch/FileChannelImpl$DefaultUnmapper done
Event: 7.198 Loading class sun/nio/ch/Util$4
Event: 7.199 Loading class sun/nio/ch/Util$4 done
Event: 7.208 Loading class java/nio/file/ClosedDirectoryStreamException
Event: 7.208 Loading class java/nio/file/ClosedDirectoryStreamException done
Event: 7.209 Loading class jdk/internal/jrtfs/JrtFileSystem
Event: 7.209 Loading class jdk/internal/jrtfs/JrtFileSystem done
Event: 7.209 Loading class jdk/internal/jrtfs/JrtPath
Event: 7.210 Loading class jdk/internal/jrtfs/JrtPath done
Event: 7.210 Loading class jdk/internal/jimage/ImageReader$Node
Event: 7.211 Loading class jdk/internal/jimage/ImageReader$Node done
Event: 7.218 Loading class java/nio/ByteBufferAsIntBufferL
Event: 7.219 Loading class java/nio/ByteBufferAsIntBufferL done
Event: 7.222 Loading class jdk/internal/jimage/ImageReader$Directory
Event: 7.222 Loading class jdk/internal/jimage/ImageReader$Directory done
Event: 7.319 Loading class java/nio/channels/Channels$ReadableByteChannelImpl
Event: 7.319 Loading class java/nio/channels/Channels$ReadableByteChannelImpl done
Event: 7.321 Loading class java/nio/channels/NonWritableChannelException
Event: 7.321 Loading class java/nio/channels/NonWritableChannelException done

Classes unloaded (0 events):
No events

Classes redefined (0 events):
No events

Internal exceptions (20 events):
Event: 6.438 Thread 0x000001d0cabf2520 Exception <a 'java/lang/NoSuchMethodError'{0x000000008dad5f78}: 'java.lang.Object java.lang.invoke.DirectMethodHandle$Holder.newInvokeSpecial(java.lang.Object, java.lang.Object, java.lang.Object, java.lang.Object, java.lang.Object, java.lang.Object, java.lang.Object, java.lang.Object)'> (0x000000008dad5f78) 
thrown [s\open\src\hotspot\share\interpreter\linkResolver.cpp, line 774]
Event: 6.441 Thread 0x000001d0cabf2520 Exception <a 'java/lang/NoSuchMethodError'{0x000000008daea068}: 'java.lang.Object java.lang.invoke.DirectMethodHandle$Holder.invokeStatic(java.lang.Object, java.lang.Object, int, java.lang.Object, java.lang.Object)'> (0x000000008daea068) 
thrown [s\open\src\hotspot\share\interpreter\linkResolver.cpp, line 774]
Event: 6.441 Thread 0x000001d0cabf2520 Exception <a 'java/lang/NoSuchMethodError'{0x000000008daf0750}: 'java.lang.Object java.lang.invoke.DirectMethodHandle$Holder.newInvokeSpecial(java.lang.Object, java.lang.Object, int)'> (0x000000008daf0750) 
thrown [s\open\src\hotspot\share\interpreter\linkResolver.cpp, line 774]
Event: 6.456 Thread 0x000001d0cabf2520 Exception <a 'java/lang/NoSuchMethodError'{0x000000008d95f268}: 'void java.lang.invoke.DirectMethodHandle$Holder.invokeStatic(java.lang.Object, int)'> (0x000000008d95f268) 
thrown [s\open\src\hotspot\share\interpreter\linkResolver.cpp, line 774]
Event: 6.537 Thread 0x000001d0cabf2520 Exception <a 'java/io/FileNotFoundException'{0x000000008d5e2510}> (0x000000008d5e2510) 
thrown [s\open\src\hotspot\share\prims\jni.cpp, line 520]
Event: 6.615 Thread 0x000001d0cabf2bb0 Exception <a 'sun/nio/fs/WindowsException'{0x000000008d3227f8}> (0x000000008d3227f8) 
thrown [s\open\src\hotspot\share\prims\jni.cpp, line 520]
Event: 6.615 Thread 0x000001d0cabf2bb0 Exception <a 'sun/nio/fs/WindowsException'{0x000000008d3230d8}> (0x000000008d3230d8) 
thrown [s\open\src\hotspot\share\prims\jni.cpp, line 520]
Event: 6.627 Thread 0x000001d0cabf2520 Exception <a 'java/lang/NoSuchMethodError'{0x000000008d358f50}: 'int java.lang.invoke.DirectMethodHandle$Holder.invokeSpecialIFC(java.lang.Object, java.lang.Object, java.lang.Object)'> (0x000000008d358f50) 
thrown [s\open\src\hotspot\share\interpreter\linkResolver.cpp, line 774]
Event: 6.628 Thread 0x000001d0cabf2bb0 Exception <a 'sun/nio/fs/WindowsException'{0x000000008d38d740}> (0x000000008d38d740) 
thrown [s\open\src\hotspot\share\prims\jni.cpp, line 520]
Event: 6.630 Thread 0x000001d0cabf2bb0 Exception <a 'sun/nio/fs/WindowsException'{0x000000008d392d90}> (0x000000008d392d90) 
thrown [s\open\src\hotspot\share\prims\jni.cpp, line 520]
Event: 6.633 Thread 0x000001d0cabf2bb0 Exception <a 'java/io/FileNotFoundException'{0x000000008d398828}> (0x000000008d398828) 
thrown [s\open\src\hotspot\share\prims\jni.cpp, line 520]
Event: 6.641 Thread 0x000001d0cabf2520 Exception <a 'java/lang/NoSuchMethodError'{0x0000000091b0b110}: 'java.lang.Object java.lang.invoke.Invokers$Holder.invoker(java.lang.Object, java.lang.Object, java.lang.Object, java.lang.Object, java.lang.Object, java.lang.Object, java.lang.Object, java.lang.Object, java.lang.Object, java.lang.Object, java.lang.Object, java.lang.Object, java.lang.Object)'> (0x0000000091b0b110) 
thrown [s\open\src\hotspot\share\interpreter\linkResolver.cpp, line 774]
Event: 6.642 Thread 0x000001d0cabf2520 Exception <a 'java/lang/NoSuchMethodError'{0x0000000091b145d8}: 'java.lang.Object java.lang.invoke.DelegatingMethodHandle$Holder.delegate(java.lang.Object, java.lang.Object, java.lang.Object, java.lang.Object, java.lang.Object, java.lang.Object, java.lang.Object, java.lang.Object, java.lang.Object, java.lang.Object, java.lang.Object, java.lang.Object, java.lang.Object)'> (0x0000000091b145d8) 
thrown [s\open\src\hotspot\share\interpreter\linkResolver.cpp, line 774]
Event: 6.642 Thread 0x000001d0cabf2bb0 Exception <a 'java/io/FileNotFoundException'{0x0000000091b4f650}> (0x0000000091b4f650) 
thrown [s\open\src\hotspot\share\prims\jni.cpp, line 520]
Event: 6.643 Thread 0x000001d0cabf2bb0 Exception <a 'java/io/FileNotFoundException'{0x0000000091b504d0}> (0x0000000091b504d0) 
thrown [s\open\src\hotspot\share\prims\jni.cpp, line 520]
Event: 6.643 Thread 0x000001d0cabf2bb0 Exception <a 'java/io/FileNotFoundException'{0x0000000091b51190}> (0x0000000091b51190) 
thrown [s\open\src\hotspot\share\prims\jni.cpp, line 520]
Event: 6.675 Thread 0x000001d0cabf2520 Implicit null exception at 0x000001d0f7a44483 to 0x000001d0f7a44aa4
Event: 6.697 Thread 0x000001d0cabf2520 Exception <a 'java/lang/NoSuchMethodError'{0x000000008e8c3488}: 'java.lang.Object java.lang.invoke.DirectMethodHandle$Holder.newInvokeSpecial(java.lang.Object, java.lang.Object, java.lang.Object, java.lang.Object, java.lang.Object, java.lang.Object, java.lang.Object)'> (0x000000008e8c3488) 
thrown [s\open\src\hotspot\share\interpreter\linkResolver.cpp, line 774]
Event: 7.201 Thread 0x000001d0cabf3240 Exception <a 'java/lang/NoSuchMethodError'{0x000000008e9cc5a8}: 'java.lang.Object java.lang.invoke.DelegatingMethodHandle$Holder.reinvoke_L(java.lang.Object, int, long, java.lang.Object, java.lang.Object, int, java.lang.Object)'> (0x000000008e9cc5a8) 
thrown [s\open\src\hotspot\share\interpreter\linkResolver.cpp, line 774]
Event: 7.625 Thread 0x000001d0cabf3240 Implicit null exception at 0x000001d0f7b00265 to 0x000001d0f7b00468

ZGC Phase Switch (0 events):
No events

VM Operations (20 events):
Event: 7.661 Executing VM operation: G1CollectForAllocation (G1 Evacuation Pause) done
Event: 7.726 Executing VM operation: G1CollectForAllocation (G1 Evacuation Pause)
Event: 7.730 Executing VM operation: G1CollectForAllocation (G1 Evacuation Pause) done
Event: 7.759 Executing VM operation: G1PauseRemark
Event: 7.765 Executing VM operation: G1PauseRemark done
Event: 7.774 Executing VM operation: G1PauseCleanup
Event: 7.775 Executing VM operation: G1PauseCleanup done
Event: 7.789 Executing VM operation: G1CollectForAllocation (G1 Evacuation Pause)
Event: 7.792 Executing VM operation: G1CollectForAllocation (G1 Evacuation Pause) done
Event: 7.911 Executing VM operation: G1CollectForAllocation (G1 Evacuation Pause)
Event: 7.917 Executing VM operation: G1CollectForAllocation (G1 Evacuation Pause) done
Event: 8.007 Executing VM operation: G1CollectForAllocation (G1 Evacuation Pause)
Event: 8.013 Executing VM operation: G1CollectForAllocation (G1 Evacuation Pause) done
Event: 8.049 Executing VM operation: G1PauseRemark
Event: 8.056 Executing VM operation: G1PauseRemark done
Event: 8.069 Executing VM operation: G1PauseCleanup
Event: 8.070 Executing VM operation: G1PauseCleanup done
Event: 8.108 Executing VM operation: G1CollectForAllocation (G1 Evacuation Pause)
Event: 8.114 Executing VM operation: G1CollectForAllocation (G1 Evacuation Pause) done
Event: 8.196 Executing VM operation: G1CollectForAllocation (G1 Evacuation Pause)

Events (20 events):
Event: 8.056 Thread 0x000001d08499f420 flushing nmethod 0x000001d0eff42990
Event: 8.056 Thread 0x000001d08499f420 flushing nmethod 0x000001d0eff54b10
Event: 8.056 Thread 0x000001d08499f420 flushing nmethod 0x000001d0eff55490
Event: 8.056 Thread 0x000001d08499f420 flushing nmethod 0x000001d0effe1990
Event: 8.056 Thread 0x000001d08499f420 flushing nmethod 0x000001d0f0237890
Event: 8.056 Thread 0x000001d08499f420 flushing nmethod 0x000001d0f0458010
Event: 8.056 Thread 0x000001d08499f420 flushing nmethod 0x000001d0f0564c10
Event: 8.056 Thread 0x000001d08499f420 flushing nmethod 0x000001d0f07ecf90
Event: 8.056 Thread 0x000001d08499f420 flushing nmethod 0x000001d0f0872590
Event: 8.056 Thread 0x000001d08499f420 flushing nmethod 0x000001d0f0872a90
Event: 8.056 Thread 0x000001d08499f420 flushing nmethod 0x000001d0f0876790
Event: 8.056 Thread 0x000001d08499f420 flushing nmethod 0x000001d0f0899110
Event: 8.056 Thread 0x000001d08499f420 flushing nmethod 0x000001d0f0b63d90
Event: 8.056 Thread 0x000001d08499f420 flushing nmethod 0x000001d0f0b98a90
Event: 8.056 Thread 0x000001d08499f420 flushing nmethod 0x000001d0f0b99710
Event: 8.056 Thread 0x000001d08499f420 flushing nmethod 0x000001d0f0b99c10
Event: 8.056 Thread 0x000001d08499f420 flushing nmethod 0x000001d0f0b9ae10
Event: 8.056 Thread 0x000001d08499f420 flushing nmethod 0x000001d0f0b9d010
Event: 8.056 Thread 0x000001d08499f420 flushing nmethod 0x000001d0f0b9e010
Event: 8.056 Thread 0x000001d08499f420 flushing nmethod 0x000001d0f0ba0910


Dynamic libraries:
0x00007ff7001e0000 - 0x00007ff7001f0000 	C:\Program Files\Java\jdk-22\bin\java.EXE
0x00007ffd17580000 - 0x00007ffd177e7000 	C:\WINDOWS\SYSTEM32\ntdll.dll
0x00007ffd165a0000 - 0x00007ffd16669000 	C:\WINDOWS\System32\KERNEL32.DLL
0x00007ffd14b50000 - 0x00007ffd14f41000 	C:\WINDOWS\System32\KERNELBASE.dll
0x00007ffd15140000 - 0x00007ffd1528b000 	C:\WINDOWS\System32\ucrtbase.dll
0x00007ffcdd4c0000 - 0x00007ffcdd4d7000 	C:\Program Files\Java\jdk-22\bin\jli.dll
0x00007ffce6470000 - 0x00007ffce648b000 	C:\Program Files\Java\jdk-22\bin\VCRUNTIME140.dll
0x00007ffd15d70000 - 0x00007ffd15e2b000 	C:\WINDOWS\System32\ADVAPI32.dll
0x00007ffd15ad0000 - 0x00007ffd15b79000 	C:\WINDOWS\System32\msvcrt.dll
0x00007ffd15bc0000 - 0x00007ffd15c67000 	C:\WINDOWS\System32\sechost.dll
0x00007ffd17110000 - 0x00007ffd17228000 	C:\WINDOWS\System32\RPCRT4.dll
0x00007ffd15320000 - 0x00007ffd154e5000 	C:\WINDOWS\System32\USER32.dll
0x00007ffd14150000 - 0x00007ffd14177000 	C:\WINDOWS\System32\win32u.dll
0x00007ffcf87c0000 - 0x00007ffcf8a53000 	C:\WINDOWS\WinSxS\amd64_microsoft.windows.common-controls_6595b64144ccf1df_6.0.26100.8037_none_3e092faae333b53b\COMCTL32.dll
0x00007ffd17330000 - 0x00007ffd1735b000 	C:\WINDOWS\System32\GDI32.dll
0x00007ffd15010000 - 0x00007ffd1513b000 	C:\WINDOWS\System32\gdi32full.dll
0x00007ffd14180000 - 0x00007ffd14223000 	C:\WINDOWS\System32\msvcp_win.dll
0x00007ffd0d6f0000 - 0x00007ffd0d6fb000 	C:\WINDOWS\SYSTEM32\VERSION.dll
0x00007ffd16d50000 - 0x00007ffd16d81000 	C:\WINDOWS\System32\IMM32.DLL
0x00007ffd0d600000 - 0x00007ffd0d60c000 	C:\Program Files\Java\jdk-22\bin\vcruntime140_1.dll
0x00007ffc96370000 - 0x00007ffc963fe000 	C:\Program Files\Java\jdk-22\bin\msvcp140.dll
0x00007ffc17d80000 - 0x00007ffc18ac7000 	C:\Program Files\Java\jdk-22\bin\server\jvm.dll
0x00007ffd16a10000 - 0x00007ffd16a84000 	C:\WINDOWS\System32\WS2_32.dll
0x00007ffd13cc0000 - 0x00007ffd13d1e000 	C:\WINDOWS\SYSTEM32\POWRPROF.dll
0x00007ffd0cbf0000 - 0x00007ffd0cc25000 	C:\WINDOWS\SYSTEM32\WINMM.dll
0x00007ffd13ca0000 - 0x00007ffd13cb4000 	C:\WINDOWS\SYSTEM32\UMPDC.dll
0x00007ffd12b30000 - 0x00007ffd12b4b000 	C:\WINDOWS\SYSTEM32\kernel.appcore.dll
0x00007ffcec3e0000 - 0x00007ffcec3ea000 	C:\Program Files\Java\jdk-22\bin\jimage.dll
0x00007ffd099a0000 - 0x00007ffd09be2000 	C:\WINDOWS\SYSTEM32\DBGHELP.DLL
0x00007ffd16680000 - 0x00007ffd16a02000 	C:\WINDOWS\System32\combase.dll
0x00007ffd159e0000 - 0x00007ffd15ab7000 	C:\WINDOWS\System32\OLEAUT32.dll
0x00007ffcf4f60000 - 0x00007ffcf4f9b000 	C:\WINDOWS\SYSTEM32\dbgcore.DLL
0x00007ffd14aa0000 - 0x00007ffd14b45000 	C:\WINDOWS\System32\bcryptPrimitives.dll
0x00007ffcdce10000 - 0x00007ffcdce2e000 	C:\Program Files\Java\jdk-22\bin\java.dll
0x00007ffd15e30000 - 0x00007ffd1658f000 	C:\WINDOWS\System32\SHELL32.dll
0x00007ffd13e60000 - 0x00007ffd13fca000 	C:\WINDOWS\System32\wintypes.dll
0x00007ffd16f70000 - 0x00007ffd17105000 	C:\WINDOWS\System32\ole32.dll
0x00007ffd14230000 - 0x00007ffd14a94000 	C:\WINDOWS\System32\windows.storage.dll
0x00007ffd17230000 - 0x00007ffd17327000 	C:\WINDOWS\System32\SHCORE.dll
0x00007ffd15c70000 - 0x00007ffd15cd7000 	C:\WINDOWS\System32\shlwapi.dll
0x00007ffd13d80000 - 0x00007ffd13da9000 	C:\WINDOWS\SYSTEM32\profapi.dll
0x00007ffc887f0000 - 0x00007ffc888c7000 	C:\Program Files\Java\jdk-22\bin\jsvml.dll
0x00007ffcad9d0000 - 0x00007ffcad9e0000 	C:\Program Files\Java\jdk-22\bin\net.dll
0x00007ffd13160000 - 0x00007ffd131cb000 	C:\WINDOWS\system32\mswsock.dll
0x00007ffcaca30000 - 0x00007ffcaca46000 	C:\Program Files\Java\jdk-22\bin\nio.dll
0x00007ffcaca10000 - 0x00007ffcaca27000 	C:\Program Files\Java\jdk-22\bin\zip.dll
0x00007ffcd8d50000 - 0x00007ffcd8d95000 	C:\Users\Jay\.cache\opencode\bin\jdtls\config_win\org.eclipse.equinox.launcher\org.eclipse.equinox.launcher.win32.win32.x86_64_1.3.0.v20260203-2149\eclipse_11919.dll
0x00007ffcad9c0000 - 0x00007ffcad9ca000 	C:\Program Files\Java\jdk-22\bin\management.dll
0x00007ffcaca60000 - 0x00007ffcaca6b000 	C:\Program Files\Java\jdk-22\bin\management_ext.dll
0x00007ffd15ce0000 - 0x00007ffd15ce8000 	C:\WINDOWS\System32\PSAPI.DLL
0x00007ffc96360000 - 0x00007ffc96370000 	C:\Program Files\Java\jdk-22\bin\verify.dll
0x00007ffd13440000 - 0x00007ffd1345b000 	C:\WINDOWS\SYSTEM32\CRYPTSP.dll
0x00007ffd12b50000 - 0x00007ffd12b89000 	C:\WINDOWS\system32\rsaenh.dll
0x00007ffd13210000 - 0x00007ffd13242000 	C:\WINDOWS\SYSTEM32\USERENV.dll
0x00007ffd13d50000 - 0x00007ffd13d7a000 	C:\WINDOWS\SYSTEM32\bcrypt.dll
0x00007ffd13460000 - 0x00007ffd1346c000 	C:\WINDOWS\SYSTEM32\CRYPTBASE.dll
0x00007ffd125b0000 - 0x00007ffd125e3000 	C:\WINDOWS\SYSTEM32\IPHLPAPI.DLL
0x00007ffd15ac0000 - 0x00007ffd15aca000 	C:\WINDOWS\System32\NSI.dll
0x00007ffccf920000 - 0x00007ffccf969000 	C:\Users\Jay\AppData\Local\Temp\jna-74242\jna16164217461959659292.dll
0x00007ffd0cfe0000 - 0x00007ffd0d107000 	C:\WINDOWS\SYSTEM32\winhttp.dll
0x00007ffd0d700000 - 0x00007ffd0d71d000 	C:\WINDOWS\SYSTEM32\dhcpcsvc6.DLL
0x00007ffd0cdf0000 - 0x00007ffd0ce13000 	C:\WINDOWS\SYSTEM32\dhcpcsvc.DLL
0x00007ffc9ffa0000 - 0x00007ffc9ffae000 	C:\Program Files\Java\jdk-22\bin\sunmscapi.dll
0x00007ffd13fd0000 - 0x00007ffd14147000 	C:\WINDOWS\System32\CRYPT32.dll
0x00007ffd13660000 - 0x00007ffd13690000 	C:\WINDOWS\SYSTEM32\ncrypt.dll
0x00007ffd13610000 - 0x00007ffd1364f000 	C:\WINDOWS\SYSTEM32\NTASN1.dll
0x00007ffd125f0000 - 0x00007ffd1271a000 	C:\WINDOWS\SYSTEM32\DNSAPI.dll
0x00007ffcf7f20000 - 0x00007ffcf7f2b000 	C:\Windows\System32\rasadhlp.dll
0x00007ffd0a720000 - 0x00007ffd0a7a6000 	C:\WINDOWS\System32\fwpuclnt.dll
0x00007ffcaca00000 - 0x00007ffcaca09000 	C:\Program Files\Java\jdk-22\bin\extnet.dll

dbghelp: loaded successfully - version: 4.0.5 - missing functions: none
symbol engine: initialized successfully - sym options: 0x614 - pdb path: .;C:\Program Files\Java\jdk-22\bin;C:\WINDOWS\SYSTEM32;C:\WINDOWS\WinSxS\amd64_microsoft.windows.common-controls_6595b64144ccf1df_6.0.26100.8037_none_3e092faae333b53b;C:\Program Files\Java\jdk-22\bin\server;C:\Users\Jay\.cache\opencode\bin\jdtls\config_win\org.eclipse.equinox.launcher\org.eclipse.equinox.launcher.win32.win32.x86_64_1.3.0.v20260203-2149;C:\Users\Jay\AppData\Local\Temp\jna-74242

VM Arguments:
java_command: C:\Users\Jay\.cache\opencode\bin\jdtls\plugins\org.eclipse.equinox.launcher_1.7.100.v20251111-0406.jar -configuration C:\Users\Jay\.cache\opencode\bin\jdtls\config_win -data C:\Users\Jay\AppData\Local\Temp\opencode-jdtls-dataKHQ4EZ -Declipse.application=org.eclipse.jdt.ls.core.id1 -Dosgi.bundles.defaultStartLevel=4 -Declipse.product=org.eclipse.jdt.ls.core.product -Dlog.level=ALL --add-modules=ALL-SYSTEM --add-opens java.base/java.util=ALL-UNNAMED --add-opens java.base/java.lang=ALL-UNNAMED
java_class_path (initial): C:\Users\Jay\.cache\opencode\bin\jdtls\plugins\org.eclipse.equinox.launcher_1.7.100.v20251111-0406.jar
Launcher Type: SUN_STANDARD

[Global flags]
     intx CICompilerCount                          = 4                                         {product} {ergonomic}
     uint ConcGCThreads                            = 3                                         {product} {ergonomic}
     uint G1ConcRefinementThreads                  = 10                                        {product} {ergonomic}
   size_t G1HeapRegionSize                         = 1048576                                   {product} {ergonomic}
   size_t InitialHeapSize                          = 123731968                                 {product} {ergonomic}
   size_t MarkStackSize                            = 4194304                                   {product} {ergonomic}
   size_t MaxHeapSize                              = 1973420032                                {product} {ergonomic}
   size_t MaxNewSize                               = 1183842304                                {product} {ergonomic}
   size_t MinHeapDeltaBytes                        = 1048576                                   {product} {ergonomic}
   size_t MinHeapSize                              = 8388608                                   {product} {ergonomic}
    uintx NonNMethodCodeHeapSize                   = 5839372                                {pd product} {ergonomic}
    uintx NonProfiledCodeHeapSize                  = 122909434                              {pd product} {ergonomic}
    uintx ProfiledCodeHeapSize                     = 122909434                              {pd product} {ergonomic}
    uintx ReservedCodeCacheSize                    = 251658240                              {pd product} {ergonomic}
     bool SegmentedCodeCache                       = true                                      {product} {ergonomic}
   size_t SoftMaxHeapSize                          = 1973420032                             {manageable} {ergonomic}
     bool UseCompressedOops                        = true                           {product lp64_product} {ergonomic}
     bool UseG1GC                                  = true                                      {product} {ergonomic}
     bool UseLargePagesIndividualAllocation        = false                                  {pd product} {ergonomic}

Logging:
Log output configuration:
 #0: stdout all=warning uptime,level,tags foldmultilines=false
 #1: stderr all=off uptime,level,tags foldmultilines=false

Environment Variables:
JAVA_HOME=C:\Program Files\Java\jdk-22
CLASSPATH=C:\myPrograms\myProjects\lib\ojdbc8.jar
PATH=C:\Program Files\Common Files\Oracle\Java\javapath;C:\windows\system32;C:\windows;C:\windows\System32\Wbem;C:\windows\System32\WindowsPowerShell\v1.0\;C:\windows\System32\OpenSSH\;C:\Program Files (x86)\NVIDIA Corporation\PhysX\Common;C:\Program Files\NVIDIA Corporation\NVIDIA NvDLISR;C:\WINDOWS\system32;C:\WINDOWS;C:\WINDOWS\System32\Wbem;C:\WINDOWS\System32\WindowsPowerShell\v1.0\;C:\WINDOWS\System32\OpenSSH\;C:\MinGW\bin;C:\Program Files\dotnet\;C:\Program Files\HP\HP One Agent;C:\Program Files\Git\cmd;C:\WINDOWS\system32;C:\WINDOWS;C:\WINDOWS\System32\Wbem;C:\WINDOWS\System32\WindowsPowerShell\v1.0\;C:\WINDOWS\System32\OpenSSH\;C:\Program Files\Kubernetes\Minikube;C:\Jay;C:\Program Files\nodejs\;C:\Program Files\Docker\Docker\resources\bin;C:\Program Files\MySQL\MySQL Shell 8.0\bin\;C:\Users\Jay\bin;C:\Users\Jay\AppData\Local\Programs\Python\Python311\Scripts\;C:\Users\Jay\AppData\Local\Programs\Python\Python311\;C:\msys64\mingw64\bin;C:\Users\Jay\AppData\Local\Programs\Microsoft VS Code\bin;C:\Users\Jay\AppData\Local\Microsoft\WindowsApps;C:\Oracle\instantclient-basic-windows.x64-23.9.0.25.07;C:\Users\Jay\AppData\Local\Microsoft\WinGet\Packages\Kubernetes.kubectl_Microsoft.Winget.Source_8wekyb3d8bbwe;C:\Users\Jay\AppData\Local\Microsoft\WinGet\Packages\Kubernetes.kind_Microsoft.Winget.Source_8wekyb3d8bbwe;C:\Program Files\Java\jdk-22\bin;C:\maven-mvnd-1.0.2-windows-amd64\bin;C:\apache-ant-1.10.15\bin;C:\Users\Jay\AppData\Local\Python\bin;C:\Program Files\MySQL\MySQL Server 9.5\bin;C:\Users\Jay\AppData\Roaming\npm;C:\Users\Jay\.dotnet\tools;C:\apache-maven-3.9.14\bin;;C:\Users\Jay\AppData\Local\Programs\Warp\bin;
USERNAME=Jay
OS=Windows_NT
PROCESSOR_IDENTIFIER=AMD64 Family 25 Model 80 Stepping 0, AuthenticAMD
TMP=C:\Users\Jay\AppData\Local\Temp
TEMP=C:\Users\Jay\AppData\Local\Temp




Periodic native trim disabled

---------------  S Y S T E M  ---------------

OS:
 Windows 11 , 64 bit Build 26100 (10.0.26100.7920)
OS uptime: 0 days 2:29 hours
Hyper-V role detected

CPU: total 12 (initial active 12) (12 cores per cpu, 2 threads per core) family 25 model 80 stepping 0 microcode 0xa50000d, cx8, cmov, fxsr, ht, mmx, 3dnowpref, sse, sse2, sse3, ssse3, sse4a, sse4.1, sse4.2, popcnt, lzcnt, tsc, tscinvbit, avx, avx2, aes, erms, clmul, bmi1, bmi2, adx, sha, fma, vzeroupper, clflush, clflushopt, hv, rdtscp, rdpid, fsrm, f16c, cet_ss
Processor Information for processor 0
  Max Mhz: 3301, Current Mhz: 2011, Mhz Limit: 3301
Processor Information for processor 1
  Max Mhz: 3301, Current Mhz: 2011, Mhz Limit: 3301
Processor Information for processor 2
  Max Mhz: 3301, Current Mhz: 3301, Mhz Limit: 3301
Processor Information for processor 3
  Max Mhz: 3301, Current Mhz: 2011, Mhz Limit: 3301
Processor Information for processor 4
  Max Mhz: 3301, Current Mhz: 2011, Mhz Limit: 3301
Processor Information for processor 5
  Max Mhz: 3301, Current Mhz: 2011, Mhz Limit: 3301
Processor Information for processor 6
  Max Mhz: 3301, Current Mhz: 3301, Mhz Limit: 3301
Processor Information for processor 7
  Max Mhz: 3301, Current Mhz: 2011, Mhz Limit: 3301
Processor Information for processor 8
  Max Mhz: 3301, Current Mhz: 2011, Mhz Limit: 3301
Processor Information for processor 9
  Max Mhz: 3301, Current Mhz: 2011, Mhz Limit: 3301
Processor Information for processor 10
  Max Mhz: 3301, Current Mhz: 2011, Mhz Limit: 3301
Processor Information for processor 11
  Max Mhz: 3301, Current Mhz: 2011, Mhz Limit: 3301

Memory: 4k page, system-wide physical 7521M (575M free)
TotalPageFile size 31073M (AvailPageFile size 6M)
current process WorkingSet (physical memory assigned to process): 326M, peak: 332M
current process commit charge ("private bytes"): 367M, peak: 459M

vm_info: Java HotSpot(TM) 64-Bit Server VM (22.0.1+8-16) for windows-amd64 JRE (22.0.1+8-16), built on 2024-03-12T10:33:16Z by "mach5one" with MS VC++ 17.6 (VS2022)

END.
