#
# There is insufficient memory for the Java Runtime Environment to continue.
# Native memory allocation (mmap) failed to map 31457280 bytes. Error detail: G1 virtual space
# Possible reasons:
#   The system is out of physical RAM or swap space
#   This process is running with CompressedOops enabled, and the Java Heap may be blocking the growth of the native heap
# Possible solutions:
#   Reduce memory load on the system
#   Increase physical memory or swap space
#   Check if swap backing store is full
#   Decrease Java heap size (-Xmx/-Xms)
#   Decrease number of Java threads
#   Decrease Java thread stack sizes (-Xss)
#   Set larger code cache with -XX:ReservedCodeCacheSize=
#   JVM is running with Unscaled Compressed Oops mode in which the Java heap is
#     placed in the first 4GB address space. The Java Heap base address is the
#     maximum limit for the native heap growth. Please use -XX:HeapBaseMinAddress
#     to set the Java Heap base and to place the Java Heap above 4GB virtual address.
# This output file may be truncated or incomplete.
#
#  Out of Memory Error (os_windows.cpp:3631), pid=22824, tid=22284
#
# JRE version: Java(TM) SE Runtime Environment (22.0.1+8) (build 22.0.1+8-16)
# Java VM: Java HotSpot(TM) 64-Bit Server VM (22.0.1+8-16, mixed mode, sharing, tiered, compressed oops, compressed class ptrs, g1 gc, windows-amd64)
# No core dump will be written. Minidumps are not enabled by default on client versions of Windows
#

---------------  S U M M A R Y ------------

Command Line: C:\Users\Jay\.cache\opencode\bin\jdtls\plugins\org.eclipse.equinox.launcher_1.7.100.v20251111-0406.jar -configuration C:\Users\Jay\.cache\opencode\bin\jdtls\config_win -data C:\Users\Jay\AppData\Local\Temp\opencode-jdtls-dataBWPsrL -Declipse.application=org.eclipse.jdt.ls.core.id1 -Dosgi.bundles.defaultStartLevel=4 -Declipse.product=org.eclipse.jdt.ls.core.product -Dlog.level=ALL --add-modules=ALL-SYSTEM --add-opens java.base/java.util=ALL-UNNAMED --add-opens java.base/java.lang=ALL-UNNAMED

Host: AMD Ryzen 5 5600H with Radeon Graphics         , 12 cores, 7G,  Windows 11 , 64 bit Build 26100 (10.0.26100.7920)
Time: Wed Apr  8 12:19:30 2026 India Standard Time elapsed time: 9.924300 seconds (0d 0h 0m 9s)

---------------  T H R E A D  ---------------

Current thread (0x00000204b72f4090):  VMThread "VM Thread"          [id=22284, stack(0x000000dc45e00000,0x000000dc45f00000) (1024K)]

Stack: [0x000000dc45e00000,0x000000dc45f00000]
Native frames: (J=compiled Java code, j=interpreted, Vv=VM code, C=native code)
V  [jvm.dll+0x6e2279]  (no source info available)
V  [jvm.dll+0x874e33]  (no source info available)
V  [jvm.dll+0x87725e]  (no source info available)
V  [jvm.dll+0x877933]  (no source info available)
V  [jvm.dll+0x27fd76]  (no source info available)
V  [jvm.dll+0x6de915]  (no source info available)
V  [jvm.dll+0x6d341a]  (no source info available)
V  [jvm.dll+0x3589da]  (no source info available)
V  [jvm.dll+0x360f06]  (no source info available)
V  [jvm.dll+0x3b3e2e]  (no source info available)
V  [jvm.dll+0x3b40d8]  (no source info available)
V  [jvm.dll+0x32c59c]  (no source info available)
V  [jvm.dll+0x32c627]  (no source info available)
V  [jvm.dll+0x37229c]  (no source info available)
V  [jvm.dll+0x370996]  (no source info available)
V  [jvm.dll+0x32bc87]  (no source info available)
V  [jvm.dll+0x370154]  (no source info available)
V  [jvm.dll+0x87d7d0]  (no source info available)
V  [jvm.dll+0x87eb57]  (no source info available)
V  [jvm.dll+0x87f0d0]  (no source info available)
V  [jvm.dll+0x87f373]  (no source info available)
V  [jvm.dll+0x81d44b]  (no source info available)
V  [jvm.dll+0x6e0915]  (no source info available)
C  [ucrtbase.dll+0x37b0]  (no source info available)
C  [KERNEL32.DLL+0x2e8d7]  (no source info available)
C  [ntdll.dll+0x8c48c]  (no source info available)

VM_Operation (0x000000dc469fde30): G1CollectForAllocation, mode: safepoint, requested by thread 0x00000204fe219c90


---------------  P R O C E S S  ---------------

Threads class SMR info:
_java_thread_list=0x00000204ff79ead0, length=31, elements={
0x00000204987f0650, 0x00000204b7315640, 0x00000204b73160a0, 0x00000204b7318fa0,
0x00000204b731b1c0, 0x00000204b731c2b0, 0x00000204b7325000, 0x00000204b73296a0,
0x00000204b74a0090, 0x00000204b75dcfa0, 0x00000204b76064e0, 0x00000204fd5f3040,
0x00000204fd16e870, 0x00000204fdb8b7b0, 0x00000204fdb8c630, 0x00000204fe01a470,
0x00000204fe218250, 0x00000204fe218f70, 0x00000204fe219600, 0x00000204fe217bc0,
0x00000204fe219c90, 0x00000204fe25d870, 0x00000204fe21a320, 0x00000204fe216ea0,
0x00000204fe217530, 0x00000204fec7d750, 0x00000204fec7c3a0, 0x00000204fec7dde0,
0x00000204fec7bd10, 0x00000204fec7e470, 0x00000204fec7aff0
}

Java Threads: ( => current thread )
  0x00000204987f0650 JavaThread "main"                              [_thread_blocked, id=22812, stack(0x000000dc45700000,0x000000dc45800000) (1024K)]
  0x00000204b7315640 JavaThread "Reference Handler"          daemon [_thread_blocked, id=13240, stack(0x000000dc45f00000,0x000000dc46000000) (1024K)]
  0x00000204b73160a0 JavaThread "Finalizer"                  daemon [_thread_blocked, id=22452, stack(0x000000dc46000000,0x000000dc46100000) (1024K)]
  0x00000204b7318fa0 JavaThread "Signal Dispatcher"          daemon [_thread_blocked, id=28132, stack(0x000000dc46100000,0x000000dc46200000) (1024K)]
  0x00000204b731b1c0 JavaThread "Attach Listener"            daemon [_thread_blocked, id=27256, stack(0x000000dc46200000,0x000000dc46300000) (1024K)]
  0x00000204b731c2b0 JavaThread "Service Thread"             daemon [_thread_blocked, id=4496, stack(0x000000dc46300000,0x000000dc46400000) (1024K)]
  0x00000204b7325000 JavaThread "Monitor Deflation Thread"   daemon [_thread_blocked, id=27468, stack(0x000000dc46400000,0x000000dc46500000) (1024K)]
  0x00000204b73296a0 JavaThread "C2 CompilerThread0"         daemon [_thread_blocked, id=16516, stack(0x000000dc46500000,0x000000dc46600000) (1024K)]
  0x00000204b74a0090 JavaThread "C1 CompilerThread0"         daemon [_thread_blocked, id=15976, stack(0x000000dc46600000,0x000000dc46700000) (1024K)]
  0x00000204b75dcfa0 JavaThread "Notification Thread"        daemon [_thread_blocked, id=24500, stack(0x000000dc46700000,0x000000dc46800000) (1024K)]
  0x00000204b76064e0 JavaThread "Common-Cleaner"             daemon [_thread_blocked, id=28852, stack(0x000000dc46800000,0x000000dc46900000) (1024K)]
  0x00000204fd5f3040 JavaThread "Active Thread: Equinox Container: af6c916b-158e-4f68-bb21-8dbf7aee48b2"        [_thread_blocked, id=32372, stack(0x000000dc46b00000,0x000000dc46c00000) (1024K)]
  0x00000204fd16e870 JavaThread "Refresh Thread: Equinox Container: af6c916b-158e-4f68-bb21-8dbf7aee48b2" daemon [_thread_blocked, id=28368, stack(0x000000dc47200000,0x000000dc47300000) (1024K)]
  0x00000204fdb8b7b0 JavaThread "Framework Event Dispatcher: Equinox Container: af6c916b-158e-4f68-bb21-8dbf7aee48b2" daemon [_thread_blocked, id=26232, stack(0x000000dc47300000,0x000000dc47400000) (1024K)]
  0x00000204fdb8c630 JavaThread "Start Level: Equinox Container: af6c916b-158e-4f68-bb21-8dbf7aee48b2" daemon [_thread_blocked, id=28176, stack(0x000000dc47400000,0x000000dc47500000) (1024K)]
  0x00000204fe01a470 JavaThread "Bundle File Closer"         daemon [_thread_blocked, id=35448, stack(0x000000dc47500000,0x000000dc47600000) (1024K)]
  0x00000204fe218250 JavaThread "SCR Component Actor"        daemon [_thread_blocked, id=23884, stack(0x000000dc47900000,0x000000dc47a00000) (1024K)]
  0x00000204fe218f70 JavaThread "Worker-JM"                         [_thread_blocked, id=34060, stack(0x000000dc47a00000,0x000000dc47b00000) (1024K)]
  0x00000204fe219600 JavaThread "Worker-0: Java indexing... "        [_thread_blocked, id=32460, stack(0x000000dc47b00000,0x000000dc47c00000) (1024K)]
  0x00000204fe217bc0 JavaThread "Worker-1: Initialize Workspace"        [_thread_blocked, id=17284, stack(0x000000dc47c00000,0x000000dc47d00000) (1024K)]
  0x00000204fe219c90 JavaThread "Java indexing"              daemon [_thread_blocked, id=23876, stack(0x000000dc46900000,0x000000dc46a00000) (1024K)]
  0x00000204fe25d870 JavaThread "C2 CompilerThread1"         daemon [_thread_blocked, id=5372, stack(0x000000dc46a00000,0x000000dc46b00000) (1024K)]
  0x00000204fe21a320 JavaThread "JNA Cleaner"                daemon [_thread_blocked, id=23320, stack(0x000000dc47f00000,0x000000dc48000000) (1024K)]
  0x00000204fe216ea0 JavaThread "Worker-2"                          [_thread_blocked, id=13944, stack(0x000000dc48200000,0x000000dc48300000) (1024K)]
  0x00000204fe217530 JavaThread "Worker-3"                          [_thread_blocked, id=5472, stack(0x000000dc48300000,0x000000dc48400000) (1024K)]
  0x00000204fec7d750 JavaThread "Worker-4"                          [_thread_blocked, id=25952, stack(0x000000dc48400000,0x000000dc48500000) (1024K)]
  0x00000204fec7c3a0 JavaThread "pool-2-thread-1"                   [_thread_blocked, id=10908, stack(0x000000dc48500000,0x000000dc48600000) (1024K)]
  0x00000204fec7dde0 JavaThread "Worker-5"                          [_thread_blocked, id=33384, stack(0x000000dc48600000,0x000000dc48700000) (1024K)]
  0x00000204fec7bd10 JavaThread "WorkspaceEventsHandler"            [_thread_blocked, id=8580, stack(0x000000dc48700000,0x000000dc48800000) (1024K)]
  0x00000204fec7e470 JavaThread "pool-1-thread-1"                   [_thread_blocked, id=32048, stack(0x000000dc48800000,0x000000dc48900000) (1024K)]
  0x00000204fec7aff0 JavaThread "Keep-Alive-Timer"           daemon [_thread_blocked, id=15340, stack(0x000000dc48a00000,0x000000dc48b00000) (1024K)]
Total: 31

Other Threads:
=>0x00000204b72f4090 VMThread "VM Thread"                           [id=22284, stack(0x000000dc45e00000,0x000000dc45f00000) (1024K)]
  0x00000204b72dccb0 WatcherThread "VM Periodic Task Thread"        [id=25884, stack(0x000000dc45d00000,0x000000dc45e00000) (1024K)]
  0x0000020498c1e900 WorkerThread "GC Thread#0"                     [id=31704, stack(0x000000dc45800000,0x000000dc45900000) (1024K)]
  0x00000204fd5ad280 WorkerThread "GC Thread#1"                     [id=23564, stack(0x000000dc46c00000,0x000000dc46d00000) (1024K)]
  0x00000204fd1a9d10 WorkerThread "GC Thread#2"                     [id=6304, stack(0x000000dc46d00000,0x000000dc46e00000) (1024K)]
  0x00000204fd1aa0c0 WorkerThread "GC Thread#3"                     [id=7332, stack(0x000000dc46e00000,0x000000dc46f00000) (1024K)]
  0x00000204fd5a9ed0 WorkerThread "GC Thread#4"                     [id=24284, stack(0x000000dc46f00000,0x000000dc47000000) (1024K)]
  0x00000204fd26d6e0 WorkerThread "GC Thread#5"                     [id=33980, stack(0x000000dc47000000,0x000000dc47100000) (1024K)]
  0x00000204fd26da90 WorkerThread "GC Thread#6"                     [id=28568, stack(0x000000dc47100000,0x000000dc47200000) (1024K)]
  0x00000204fd2feb60 WorkerThread "GC Thread#7"                     [id=31360, stack(0x000000dc47600000,0x000000dc47700000) (1024K)]
  0x00000204fdb7a4f0 WorkerThread "GC Thread#8"                     [id=24512, stack(0x000000dc47700000,0x000000dc47800000) (1024K)]
  0x00000204fdb1c700 WorkerThread "GC Thread#9"                     [id=14980, stack(0x000000dc47800000,0x000000dc47900000) (1024K)]
  0x0000020498c2f3f0 ConcurrentGCThread "G1 Main Marker"            [id=33684, stack(0x000000dc45900000,0x000000dc45a00000) (1024K)]
  0x0000020498c31b40 WorkerThread "G1 Conc#0"                       [id=24184, stack(0x000000dc45a00000,0x000000dc45b00000) (1024K)]
  0x00000204fe1f59a0 WorkerThread "G1 Conc#1"                       [id=27952, stack(0x000000dc47d00000,0x000000dc47e00000) (1024K)]
  0x00000204fe1f64b0 WorkerThread "G1 Conc#2"                       [id=8648, stack(0x000000dc47e00000,0x000000dc47f00000) (1024K)]
  0x0000020498c8e710 ConcurrentGCThread "G1 Refine#0"               [id=30960, stack(0x000000dc45b00000,0x000000dc45c00000) (1024K)]
  0x00000204b71b3190 ConcurrentGCThread "G1 Service"                [id=34012, stack(0x000000dc45c00000,0x000000dc45d00000) (1024K)]
Total: 18

Threads with active compile tasks:
C2 CompilerThread0  10043 8698 %     4       org.eclipse.jdt.internal.core.search.indexing.BinaryIndexer::extractReferenceFromConstantPool @ 15 (358 bytes)
C2 CompilerThread1  10043 8803 % !   4       org.eclipse.jdt.internal.compiler.classfmt.ClassFileReader::<init> @ 81 (1968 bytes)
Total: 2

VM state: at safepoint (normal execution)

VM Mutex/Monitor currently owned by a thread:  ([mutex/lock_event])
[0x00007ffc189ebbb8] Threads_lock - owner thread: 0x00000204b72f4090
[0x00007ffc189ebcb8] Heap_lock - owner thread: 0x00000204fe219c90

Heap address: 0x000000008a600000, size: 1882 MB, Compressed Oops mode: 32-bit

CDS archive(s) mapped at: [0x00000204b8000000-0x00000204b8c60000-0x00000204b8c60000), size 12976128, SharedBaseAddress: 0x00000204b8000000, ArchiveRelocationMode: 1.
Compressed class space mapped at: 0x00000204b9000000-0x00000204f9000000, reserved size: 1073741824
Narrow klass base: 0x00000204b8000000, Narrow klass shift: 0, Narrow klass range: 0x41000000

GC Precious Log:
 CardTable entry size: 512
 Card Set container configuration: InlinePtr #cards 5 size 8 Array Of Cards #cards 12 size 40 Howl #buckets 4 coarsen threshold 1843 Howl Bitmap #cards 512 size 80 coarsen threshold 460 Card regions per heap region 1 cards per card region 2048
 CPUs: 12 total, 12 available
 Memory: 7521M
 Large Page Support: Disabled
 NUMA Support: Disabled
 Compressed Oops: Enabled (32-bit)
 Heap Region Size: 1M
 Heap Min Capacity: 8M
 Heap Initial Capacity: 118M
 Heap Max Capacity: 1882M
 Pre-touch: Disabled
 Parallel Workers: 10
 Concurrent Workers: 3
 Concurrent Refinement Workers: 10
 Periodic GC: Disabled

Heap:
 garbage-first heap   total reserved 1927168K, committed 71680K, used 51377K [0x000000008a600000, 0x0000000100000000)
  region size 1024K, 3 young (3072K), 3 survivors (3072K)
 Metaspace       used 54749K, committed 55872K, reserved 1114112K
  class space    used 5980K, committed 6464K, reserved 1048576K

Heap Regions: E=young(eden), S=young(survivor), O=old, HS=humongous(starts), HC=humongous(continues), CS=collection set, F=free, TAMS=top-at-mark-start, PB=parsable bottom
|   0|0x000000008a600000, 0x000000008a700000, 0x000000008a700000|100%| O|  |TAMS 0x000000008a700000| PB 0x000000008a600000| Untracked |  0
|   1|0x000000008a700000, 0x000000008a800000, 0x000000008a800000|100%| O|  |TAMS 0x000000008a800000| PB 0x000000008a700000| Untracked |  0
|   2|0x000000008a800000, 0x000000008a900000, 0x000000008a900000|100%| O|  |TAMS 0x000000008a900000| PB 0x000000008a800000| Untracked |  0
|   3|0x000000008a900000, 0x000000008aa00000, 0x000000008aa00000|100%| O|  |TAMS 0x000000008aa00000| PB 0x000000008a900000| Untracked |  0
|   4|0x000000008aa00000, 0x000000008ab00000, 0x000000008ab00000|100%| O|  |TAMS 0x000000008ab00000| PB 0x000000008aa00000| Untracked |  0
|   5|0x000000008ab00000, 0x000000008ac00000, 0x000000008ac00000|100%| O|  |TAMS 0x000000008ac00000| PB 0x000000008ab00000| Untracked |  0
|   6|0x000000008ac00000, 0x000000008ad00000, 0x000000008ad00000|100%|HS|  |TAMS 0x000000008ad00000| PB 0x000000008ac00000| Complete |  0
|   7|0x000000008ad00000, 0x000000008ae00000, 0x000000008ae00000|100%| O|  |TAMS 0x000000008ae00000| PB 0x000000008ad00000| Untracked |  0
|   8|0x000000008ae00000, 0x000000008af00000, 0x000000008af00000|100%| O|  |TAMS 0x000000008af00000| PB 0x000000008ae00000| Untracked |  0
|   9|0x000000008af00000, 0x000000008b000000, 0x000000008b000000|100%| O|  |TAMS 0x000000008b000000| PB 0x000000008af00000| Untracked |  0
|  10|0x000000008b000000, 0x000000008b100000, 0x000000008b100000|100%| O|  |TAMS 0x000000008b100000| PB 0x000000008b000000| Untracked |  0
|  11|0x000000008b100000, 0x000000008b200000, 0x000000008b200000|100%| O|  |TAMS 0x000000008b200000| PB 0x000000008b100000| Untracked |  0
|  12|0x000000008b200000, 0x000000008b300000, 0x000000008b300000|100%| O|  |TAMS 0x000000008b300000| PB 0x000000008b200000| Untracked |  0
|  13|0x000000008b300000, 0x000000008b400000, 0x000000008b400000|100%| O|  |TAMS 0x000000008b400000| PB 0x000000008b300000| Untracked |  0
|  14|0x000000008b400000, 0x000000008b500000, 0x000000008b500000|100%| O|  |TAMS 0x000000008b400000| PB 0x000000008b400000| Untracked |  0
|  15|0x000000008b500000, 0x000000008b600000, 0x000000008b600000|100%| O|  |TAMS 0x000000008b600000| PB 0x000000008b500000| Untracked |  0
|  16|0x000000008b600000, 0x000000008b700000, 0x000000008b700000|100%| O|  |TAMS 0x000000008b700000| PB 0x000000008b600000| Untracked |  0
|  17|0x000000008b700000, 0x000000008b800000, 0x000000008b800000|100%| O|  |TAMS 0x000000008b800000| PB 0x000000008b700000| Untracked |  0
|  18|0x000000008b800000, 0x000000008b900000, 0x000000008b900000|100%| O|  |TAMS 0x000000008b900000| PB 0x000000008b800000| Untracked |  0
|  19|0x000000008b900000, 0x000000008ba00000, 0x000000008ba00000|100%| O|  |TAMS 0x000000008ba00000| PB 0x000000008b900000| Untracked |  0
|  20|0x000000008ba00000, 0x000000008bb00000, 0x000000008bb00000|100%| O|  |TAMS 0x000000008bb00000| PB 0x000000008ba00000| Untracked |  0
|  21|0x000000008bb00000, 0x000000008bc00000, 0x000000008bc00000|100%| O|  |TAMS 0x000000008bc00000| PB 0x000000008bb00000| Untracked |  0
|  22|0x000000008bc00000, 0x000000008bd00000, 0x000000008bd00000|100%| O|  |TAMS 0x000000008bd00000| PB 0x000000008bc00000| Untracked |  0
|  23|0x000000008bd00000, 0x000000008be00000, 0x000000008be00000|100%| O|  |TAMS 0x000000008be00000| PB 0x000000008bd00000| Untracked |  0
|  24|0x000000008be00000, 0x000000008bf00000, 0x000000008bf00000|100%| O|  |TAMS 0x000000008bf00000| PB 0x000000008be00000| Untracked |  0
|  25|0x000000008bf00000, 0x000000008c000000, 0x000000008c000000|100%| O|  |TAMS 0x000000008c000000| PB 0x000000008bf00000| Untracked |  0
|  26|0x000000008c000000, 0x000000008c100000, 0x000000008c100000|100%| O|  |TAMS 0x000000008c100000| PB 0x000000008c000000| Untracked |  0
|  27|0x000000008c100000, 0x000000008c200000, 0x000000008c200000|100%| O|  |TAMS 0x000000008c200000| PB 0x000000008c100000| Untracked |  0
|  28|0x000000008c200000, 0x000000008c300000, 0x000000008c300000|100%| O|  |TAMS 0x000000008c300000| PB 0x000000008c200000| Untracked |  0
|  29|0x000000008c300000, 0x000000008c400000, 0x000000008c400000|100%| O|  |TAMS 0x000000008c300000| PB 0x000000008c300000| Untracked |  0
|  30|0x000000008c400000, 0x000000008c500000, 0x000000008c500000|100%| O|  |TAMS 0x000000008c500000| PB 0x000000008c400000| Untracked |  0
|  31|0x000000008c500000, 0x000000008c600000, 0x000000008c600000|100%| O|  |TAMS 0x000000008c600000| PB 0x000000008c500000| Untracked |  0
|  32|0x000000008c600000, 0x000000008c700000, 0x000000008c700000|100%| O|  |TAMS 0x000000008c700000| PB 0x000000008c600000| Untracked |  0
|  33|0x000000008c700000, 0x000000008c800000, 0x000000008c800000|100%|HS|  |TAMS 0x000000008c800000| PB 0x000000008c700000| Complete |  0
|  34|0x000000008c800000, 0x000000008c900000, 0x000000008c900000|100%| O|  |TAMS 0x000000008c900000| PB 0x000000008c800000| Untracked |  0
|  35|0x000000008c900000, 0x000000008ca00000, 0x000000008ca00000|100%| O|  |TAMS 0x000000008ca00000| PB 0x000000008c900000| Untracked |  0
|  36|0x000000008ca00000, 0x000000008cb00000, 0x000000008cb00000|100%| O|  |TAMS 0x000000008cb00000| PB 0x000000008ca00000| Untracked |  0
|  37|0x000000008cb00000, 0x000000008cc00000, 0x000000008cc00000|100%| O|  |TAMS 0x000000008cc00000| PB 0x000000008cb00000| Untracked |  0
|  38|0x000000008cc00000, 0x000000008cd00000, 0x000000008cd00000|100%| O|  |TAMS 0x000000008cd00000| PB 0x000000008cc00000| Untracked |  0
|  39|0x000000008cd00000, 0x000000008ce00000, 0x000000008ce00000|100%| O|  |TAMS 0x000000008ce00000| PB 0x000000008cd00000| Untracked |  0
|  40|0x000000008ce00000, 0x000000008cf00000, 0x000000008cf00000|100%| O|  |TAMS 0x000000008cf00000| PB 0x000000008ce00000| Untracked |  0
|  41|0x000000008cf00000, 0x000000008d000000, 0x000000008d000000|100%| O|  |TAMS 0x000000008d000000| PB 0x000000008cf00000| Untracked |  0
|  42|0x000000008d000000, 0x000000008d100000, 0x000000008d100000|100%| O|  |TAMS 0x000000008d100000| PB 0x000000008d000000| Untracked |  0
|  43|0x000000008d100000, 0x000000008d200000, 0x000000008d200000|100%| O|  |TAMS 0x000000008d200000| PB 0x000000008d100000| Untracked |  0
|  44|0x000000008d200000, 0x000000008d300000, 0x000000008d300000|100%| O|  |TAMS 0x000000008d300000| PB 0x000000008d200000| Untracked |  0
|  45|0x000000008d300000, 0x000000008d300000, 0x000000008d400000|  0%| F|  |TAMS 0x000000008d300000| PB 0x000000008d300000| Untracked |  0
|  46|0x000000008d400000, 0x000000008d500000, 0x000000008d500000|100%| O|  |TAMS 0x000000008d400000| PB 0x000000008d400000| Untracked |  0
|  47|0x000000008d500000, 0x000000008d52c4c0, 0x000000008d600000| 17%| O|  |TAMS 0x000000008d500000| PB 0x000000008d500000| Untracked |  0
|  48|0x000000008d600000, 0x000000008d700000, 0x000000008d700000|100%| S|CS|TAMS 0x000000008d600000| PB 0x000000008d600000| Complete |  0
|  49|0x000000008d700000, 0x000000008d700000, 0x000000008d800000|  0%| F|  |TAMS 0x000000008d700000| PB 0x000000008d700000| Untracked |  0
|  50|0x000000008d800000, 0x000000008d800000, 0x000000008d900000|  0%| F|  |TAMS 0x000000008d800000| PB 0x000000008d800000| Untracked |  0
|  51|0x000000008d900000, 0x000000008da00000, 0x000000008da00000|100%| S|CS|TAMS 0x000000008d900000| PB 0x000000008d900000| Complete |  0
|  52|0x000000008da00000, 0x000000008db00000, 0x000000008db00000|100%| S|CS|TAMS 0x000000008da00000| PB 0x000000008da00000| Complete |  0
|  53|0x000000008db00000, 0x000000008db00000, 0x000000008dc00000|  0%| F|  |TAMS 0x000000008db00000| PB 0x000000008db00000| Untracked |  0
|  54|0x000000008dc00000, 0x000000008dc00000, 0x000000008dd00000|  0%| F|  |TAMS 0x000000008dc00000| PB 0x000000008dc00000| Untracked |  0
|  55|0x000000008dd00000, 0x000000008dd00000, 0x000000008de00000|  0%| F|  |TAMS 0x000000008dd00000| PB 0x000000008dd00000| Untracked |  0
|  56|0x000000008de00000, 0x000000008de00000, 0x000000008df00000|  0%| F|  |TAMS 0x000000008de00000| PB 0x000000008de00000| Untracked |  0
|  57|0x000000008df00000, 0x000000008df00000, 0x000000008e000000|  0%| F|  |TAMS 0x000000008df00000| PB 0x000000008df00000| Untracked |  0
|  58|0x000000008e000000, 0x000000008e000000, 0x000000008e100000|  0%| F|  |TAMS 0x000000008e000000| PB 0x000000008e000000| Untracked |  0
|  59|0x000000008e100000, 0x000000008e100000, 0x000000008e200000|  0%| F|  |TAMS 0x000000008e100000| PB 0x000000008e100000| Untracked |  0
|  60|0x000000008e200000, 0x000000008e200000, 0x000000008e300000|  0%| F|  |TAMS 0x000000008e200000| PB 0x000000008e200000| Untracked |  0
|  61|0x000000008e300000, 0x000000008e300000, 0x000000008e400000|  0%| F|  |TAMS 0x000000008e300000| PB 0x000000008e300000| Untracked |  0
|  62|0x000000008e400000, 0x000000008e400000, 0x000000008e500000|  0%| F|  |TAMS 0x000000008e400000| PB 0x000000008e400000| Untracked |  0
|  63|0x000000008e500000, 0x000000008e500000, 0x000000008e600000|  0%| F|  |TAMS 0x000000008e500000| PB 0x000000008e500000| Untracked |  0
|  64|0x000000008e600000, 0x000000008e600000, 0x000000008e700000|  0%| F|  |TAMS 0x000000008e600000| PB 0x000000008e600000| Untracked |  0
|  65|0x000000008e700000, 0x000000008e700000, 0x000000008e800000|  0%| F|  |TAMS 0x000000008e700000| PB 0x000000008e700000| Untracked |  0
|  66|0x000000008e800000, 0x000000008e800000, 0x000000008e900000|  0%| F|  |TAMS 0x000000008e800000| PB 0x000000008e800000| Untracked |  0
|  67|0x000000008e900000, 0x000000008e900000, 0x000000008ea00000|  0%| F|  |TAMS 0x000000008e900000| PB 0x000000008e900000| Untracked |  0
| 117|0x0000000091b00000, 0x0000000091b00000, 0x0000000091c00000|  0%| F|  |TAMS 0x0000000091b00000| PB 0x0000000091b00000| Untracked |  0
|1881|0x00000000fff00000, 0x0000000100000000, 0x0000000100000000|100%| O|  |TAMS 0x00000000fffb3440| PB 0x00000000fff00000| Untracked |  0

Card table byte_map: [0x00000204b2520000,0x00000204b28d0000] _byte_map_base: 0x00000204b20cd000

Marking Bits: (CMBitMap*) 0x0000020498c1ef20
 Bits: [0x00000204b28d0000, 0x00000204b4638000)

Polling page: 0x0000020498c90000

Metaspace:

Usage:
  Non-class:     47.63 MB used.
      Class:      5.84 MB used.
       Both:     53.47 MB used.

Virtual space:
  Non-class space:       64.00 MB reserved,      48.25 MB ( 75%) committed,  1 nodes.
      Class space:        1.00 GB reserved,       6.31 MB ( <1%) committed,  1 nodes.
             Both:        1.06 GB reserved,      54.56 MB (  5%) committed. 

Chunk freelists:
   Non-Class:  15.75 MB
       Class:  9.53 MB
        Both:  25.28 MB

MaxMetaspaceSize: unlimited
CompressedClassSpaceSize: 1.00 GB
Initial GC threshold: 21.00 MB
Current GC threshold: 90.56 MB
CDS: on
 - commit_granule_bytes: 65536.
 - commit_granule_words: 8192.
 - virtual_space_node_default_size: 8388608.
 - enlarge_chunks_in_place: 1.
 - use_allocation_guard: 0.


Internal statistics:

num_allocs_failed_limit: 6.
num_arena_births: 862.
num_arena_deaths: 26.
num_vsnodes_births: 2.
num_vsnodes_deaths: 0.
num_space_committed: 873.
num_space_uncommitted: 0.
num_chunks_returned_to_freelist: 41.
num_chunks_taken_from_freelist: 3054.
num_chunk_merges: 6.
num_chunk_splits: 1913.
num_chunks_enlarged: 1170.
num_inconsistent_stats: 0.

CodeHeap 'non-profiled nmethods': size=120000Kb used=3728Kb max_used=3729Kb free=116272Kb
 bounds [0x00000204a9fb0000, 0x00000204aa360000, 0x00000204b14e0000]
CodeHeap 'profiled nmethods': size=120000Kb used=15634Kb max_used=15634Kb free=104365Kb
 bounds [0x00000204a24e0000, 0x00000204a3430000, 0x00000204a9a10000]
CodeHeap 'non-nmethods': size=5760Kb used=1720Kb max_used=1754Kb free=4039Kb
 bounds [0x00000204a9a10000, 0x00000204a9c80000, 0x00000204a9fb0000]
 total_blobs=8296 nmethods=7555 adapters=645
 compilation: enabled
              stopped_count=0, restarted_count=0
 full_count=0

Compilation events (20 events):
Event: 8.446 Thread 0x00000204b74a0090 8807       3       org.apache.maven.repository.internal.DefaultModelCache$Key::<init> (96 bytes)
Event: 8.446 Thread 0x00000204b74a0090 nmethod 8807 0x00000204a3420e10 code [0x00000204a3421000, 0x00000204a3421408]
Event: 8.446 Thread 0x00000204b74a0090 8808       3       java.lang.StringBuilder::getChars (10 bytes)
Event: 8.446 Thread 0x00000204b74a0090 nmethod 8808 0x00000204a3421610 code [0x00000204a34217c0, 0x00000204a3421900]
Event: 8.446 Thread 0x00000204b74a0090 8809       3       java.lang.AbstractStringBuilder::getChars (69 bytes)
Event: 8.446 Thread 0x00000204b74a0090 nmethod 8809 0x00000204a3421990 code [0x00000204a3421ba0, 0x00000204a34220e0]
Event: 8.447 Thread 0x00000204fe25d870 nmethod 8802% 0x00000204aa1f6990 code [0x00000204aa1f6b60, 0x00000204aa1f6ff0]
Event: 8.447 Thread 0x00000204fe25d870 8803 % !   4       org.eclipse.jdt.internal.compiler.classfmt.ClassFileReader::<init> @ 81 (1968 bytes)
Event: 8.451 Thread 0x00000204b74a0090 8810       3       org.eclipse.aether.resolution.ArtifactRequest::<init> (36 bytes)
Event: 8.451 Thread 0x00000204b74a0090 nmethod 8810 0x00000204a3422310 code [0x00000204a3422520, 0x00000204a3422ba0]
Event: 8.454 Thread 0x00000204b74a0090 8811       3       org.eclipse.jdt.core.Signature::appendTypeSignature (9 bytes)
Event: 8.454 Thread 0x00000204b74a0090 nmethod 8811 0x00000204a3422d90 code [0x00000204a3422f40, 0x00000204a3423060]
Event: 8.454 Thread 0x00000204b74a0090 8812       3       org.eclipse.jdt.core.Signature::appendTypeSignature (513 bytes)
Event: 8.455 Thread 0x00000204b74a0090 nmethod 8812 0x00000204a3423110 code [0x00000204a34235a0, 0x00000204a3424d90]
Event: 8.455 Thread 0x00000204b74a0090 8815       3       org.eclipse.jdt.core.Signature::toCharArray (83 bytes)
Event: 8.456 Thread 0x00000204b74a0090 nmethod 8815 0x00000204a3425690 code [0x00000204a34258c0, 0x00000204a3425ed8]
Event: 8.456 Thread 0x00000204b74a0090 8813       3       org.apache.maven.model.merge.ModelMerger::mergeModelBase_DependencyManagement (49 bytes)
Event: 8.456 Thread 0x00000204b74a0090 nmethod 8813 0x00000204a3426110 code [0x00000204a34262e0, 0x00000204a3426860]
Event: 8.456 Thread 0x00000204b74a0090 8814       3       org.apache.maven.model.InputLocation::merge (121 bytes)
Event: 8.457 Thread 0x00000204b74a0090 nmethod 8814 0x00000204a3426a10 code [0x00000204a3426c40, 0x00000204a3427610]

GC Heap History (20 events):
Event: 5.981 GC heap after
{Heap after GC invocations=12 (full 0):
 garbage-first heap   total reserved 1927168K, committed 58368K, used 28609K [0x000000008a600000, 0x0000000100000000)
  region size 1024K, 2 young (2048K), 2 survivors (2048K)
 Metaspace       used 47986K, committed 49024K, reserved 1114112K
  class space    used 5350K, committed 5760K, reserved 1048576K
}
Event: 6.413 GC heap before
{Heap before GC invocations=12 (full 0):
 garbage-first heap   total reserved 1927168K, committed 58368K, used 49089K [0x000000008a600000, 0x0000000100000000)
  region size 1024K, 23 young (23552K), 2 survivors (2048K)
 Metaspace       used 50054K, committed 51072K, reserved 1114112K
  class space    used 5575K, committed 5952K, reserved 1048576K
}
Event: 6.418 GC heap after
{Heap after GC invocations=13 (full 0):
 garbage-first heap   total reserved 1927168K, committed 58368K, used 30871K [0x000000008a600000, 0x0000000100000000)
  region size 1024K, 3 young (3072K), 3 survivors (3072K)
 Metaspace       used 50054K, committed 51072K, reserved 1114112K
  class space    used 5575K, committed 5952K, reserved 1048576K
}
Event: 6.824 GC heap before
{Heap before GC invocations=14 (full 0):
 garbage-first heap   total reserved 1927168K, committed 58368K, used 50327K [0x000000008a600000, 0x0000000100000000)
  region size 1024K, 22 young (22528K), 3 survivors (3072K)
 Metaspace       used 50484K, committed 51456K, reserved 1114112K
  class space    used 5599K, committed 5952K, reserved 1048576K
}
Event: 6.828 GC heap after
{Heap after GC invocations=15 (full 0):
 garbage-first heap   total reserved 1927168K, committed 58368K, used 32564K [0x000000008a600000, 0x0000000100000000)
  region size 1024K, 2 young (2048K), 2 survivors (2048K)
 Metaspace       used 50484K, committed 51456K, reserved 1114112K
  class space    used 5599K, committed 5952K, reserved 1048576K
}
Event: 7.014 GC heap before
{Heap before GC invocations=15 (full 0):
 garbage-first heap   total reserved 1927168K, committed 58368K, used 52020K [0x000000008a600000, 0x0000000100000000)
  region size 1024K, 21 young (21504K), 2 survivors (2048K)
 Metaspace       used 50673K, committed 51648K, reserved 1114112K
  class space    used 5599K, committed 5952K, reserved 1048576K
}
Event: 7.018 GC heap after
{Heap after GC invocations=16 (full 0):
 garbage-first heap   total reserved 1927168K, committed 58368K, used 33902K [0x000000008a600000, 0x0000000100000000)
  region size 1024K, 3 young (3072K), 3 survivors (3072K)
 Metaspace       used 50673K, committed 51648K, reserved 1114112K
  class space    used 5599K, committed 5952K, reserved 1048576K
}
Event: 7.233 GC heap before
{Heap before GC invocations=16 (full 0):
 garbage-first heap   total reserved 1927168K, committed 58368K, used 50286K [0x000000008a600000, 0x0000000100000000)
  region size 1024K, 19 young (19456K), 3 survivors (3072K)
 Metaspace       used 51202K, committed 52288K, reserved 1114112K
  class space    used 5666K, committed 6080K, reserved 1048576K
}
Event: 7.237 GC heap after
{Heap after GC invocations=17 (full 0):
 garbage-first heap   total reserved 1927168K, committed 70656K, used 34565K [0x000000008a600000, 0x0000000100000000)
  region size 1024K, 2 young (2048K), 2 survivors (2048K)
 Metaspace       used 51202K, committed 52288K, reserved 1114112K
  class space    used 5666K, committed 6080K, reserved 1048576K
}
Event: 7.843 GC heap before
{Heap before GC invocations=18 (full 0):
 garbage-first heap   total reserved 1927168K, committed 70656K, used 63237K [0x000000008a600000, 0x0000000100000000)
  region size 1024K, 29 young (29696K), 2 survivors (2048K)
 Metaspace       used 52695K, committed 53824K, reserved 1114112K
  class space    used 5832K, committed 6272K, reserved 1048576K
}
Event: 7.846 GC heap after
{Heap after GC invocations=19 (full 0):
 garbage-first heap   total reserved 1927168K, committed 70656K, used 38083K [0x000000008a600000, 0x0000000100000000)
  region size 1024K, 4 young (4096K), 4 survivors (4096K)
 Metaspace       used 52695K, committed 53824K, reserved 1114112K
  class space    used 5832K, committed 6272K, reserved 1048576K
}
Event: 8.076 GC heap before
{Heap before GC invocations=19 (full 0):
 garbage-first heap   total reserved 1927168K, committed 70656K, used 60611K [0x000000008a600000, 0x0000000100000000)
  region size 1024K, 27 young (27648K), 4 survivors (4096K)
 Metaspace       used 53493K, committed 54656K, reserved 1114112K
  class space    used 5888K, committed 6336K, reserved 1048576K
}
Event: 8.080 GC heap after
{Heap after GC invocations=20 (full 0):
 garbage-first heap   total reserved 1927168K, committed 70656K, used 38956K [0x000000008a600000, 0x0000000100000000)
  region size 1024K, 2 young (2048K), 2 survivors (2048K)
 Metaspace       used 53493K, committed 54656K, reserved 1114112K
  class space    used 5888K, committed 6336K, reserved 1048576K
}
Event: 8.234 GC heap before
{Heap before GC invocations=20 (full 0):
 garbage-first heap   total reserved 1927168K, committed 70656K, used 61484K [0x000000008a600000, 0x0000000100000000)
  region size 1024K, 25 young (25600K), 2 survivors (2048K)
 Metaspace       used 54420K, committed 55616K, reserved 1114112K
  class space    used 5967K, committed 6464K, reserved 1048576K
}
Event: 8.237 GC heap after
{Heap after GC invocations=21 (full 0):
 garbage-first heap   total reserved 1927168K, committed 70656K, used 41898K [0x000000008a600000, 0x0000000100000000)
  region size 1024K, 4 young (4096K), 4 survivors (4096K)
 Metaspace       used 54420K, committed 55616K, reserved 1114112K
  class space    used 5967K, committed 6464K, reserved 1048576K
}
Event: 8.344 GC heap before
{Heap before GC invocations=22 (full 0):
 garbage-first heap   total reserved 1927168K, committed 70656K, used 61354K [0x000000008a600000, 0x0000000100000000)
  region size 1024K, 24 young (24576K), 4 survivors (4096K)
 Metaspace       used 54668K, committed 55808K, reserved 1114112K
  class space    used 5980K, committed 6464K, reserved 1048576K
}
Event: 8.349 GC heap after
{Heap after GC invocations=23 (full 0):
 garbage-first heap   total reserved 1927168K, committed 70656K, used 44485K [0x000000008a600000, 0x0000000100000000)
  region size 1024K, 3 young (3072K), 3 survivors (3072K)
 Metaspace       used 54668K, committed 55808K, reserved 1114112K
  class space    used 5980K, committed 6464K, reserved 1048576K
}
Event: 8.407 GC heap before
{Heap before GC invocations=23 (full 0):
 garbage-first heap   total reserved 1927168K, committed 70656K, used 62917K [0x000000008a600000, 0x0000000100000000)
  region size 1024K, 21 young (21504K), 3 survivors (3072K)
 Metaspace       used 54741K, committed 55872K, reserved 1114112K
  class space    used 5980K, committed 6464K, reserved 1048576K
}
Event: 8.412 GC heap after
{Heap after GC invocations=24 (full 0):
 garbage-first heap   total reserved 1927168K, committed 71680K, used 47821K [0x000000008a600000, 0x0000000100000000)
  region size 1024K, 3 young (3072K), 3 survivors (3072K)
 Metaspace       used 54741K, committed 55872K, reserved 1114112K
  class space    used 5980K, committed 6464K, reserved 1048576K
}
Event: 8.457 GC heap before
{Heap before GC invocations=24 (full 0):
 garbage-first heap   total reserved 1927168K, committed 71680K, used 64205K [0x000000008a600000, 0x0000000100000000)
  region size 1024K, 19 young (19456K), 3 survivors (3072K)
 Metaspace       used 54749K, committed 55872K, reserved 1114112K
  class space    used 5980K, committed 6464K, reserved 1048576K
}

Dll operation events (13 events):
Event: 0.010 Loaded shared library C:\Program Files\Java\jdk-22\bin\java.dll
Event: 0.040 Loaded shared library C:\Program Files\Java\jdk-22\bin\jsvml.dll
Event: 0.056 Loaded shared library C:\Program Files\Java\jdk-22\bin\net.dll
Event: 0.059 Loaded shared library C:\Program Files\Java\jdk-22\bin\nio.dll
Event: 0.065 Loaded shared library C:\Program Files\Java\jdk-22\bin\zip.dll
Event: 0.198 Loaded shared library C:\Program Files\Java\jdk-22\bin\jimage.dll
Event: 1.223 Loaded shared library C:\Users\Jay\.cache\opencode\bin\jdtls\config_win\org.eclipse.equinox.launcher\org.eclipse.equinox.launcher.win32.win32.x86_64_1.3.0.v20260203-2149\eclipse_11919.dll
Event: 2.602 Loaded shared library C:\Program Files\Java\jdk-22\bin\management.dll
Event: 2.607 Loaded shared library C:\Program Files\Java\jdk-22\bin\management_ext.dll
Event: 2.711 Loaded shared library C:\Program Files\Java\jdk-22\bin\verify.dll
Event: 3.918 Loaded shared library C:\Users\Jay\AppData\Local\Temp\jna-74242\jna3596106349192792637.dll
Event: 4.272 Loaded shared library C:\Program Files\Java\jdk-22\bin\sunmscapi.dll
Event: 4.419 Loaded shared library C:\Program Files\Java\jdk-22\bin\extnet.dll

Deoptimization events (20 events):
Event: 8.334 Thread 0x00000204fe219c90 Uncommon trap: trap_request=0xffffff6e fr.pc=0x00000204aa12ac24 relative=0x00000000000003e4
Event: 8.334 Thread 0x00000204fe219c90 Uncommon trap: reason=loop_limit_check action=maybe_recompile pc=0x00000204aa12ac24 method=org.eclipse.jdt.core.compiler.CharOperation.concatWithAll([[CC)[C @ 99 c2
Event: 8.334 Thread 0x00000204fe219c90 DEOPT PACKING pc=0x00000204aa12ac24 sp=0x000000dc469fe600
Event: 8.334 Thread 0x00000204fe219c90 DEOPT UNPACKING pc=0x00000204a9a646a2 sp=0x000000dc469fe5b0 mode 2
Event: 8.341 Thread 0x00000204fe219c90 DEOPT PACKING pc=0x00000204a33f4e51 sp=0x000000dc469fe7d0
Event: 8.341 Thread 0x00000204fe219c90 DEOPT UNPACKING pc=0x00000204a9a64e42 sp=0x000000dc469fdc28 mode 0
Event: 8.382 Thread 0x00000204fe217bc0 Uncommon trap: trap_request=0xffffff45 fr.pc=0x00000204a9fd4290 relative=0x00000000000001f0
Event: 8.382 Thread 0x00000204fe217bc0 Uncommon trap: reason=unstable_if action=reinterpret pc=0x00000204a9fd4290 method=java.lang.String.indexOf(II)I @ 4 c2
Event: 8.382 Thread 0x00000204fe217bc0 DEOPT PACKING pc=0x00000204a9fd4290 sp=0x000000dc47cfc7e0
Event: 8.382 Thread 0x00000204fe217bc0 DEOPT UNPACKING pc=0x00000204a9a646a2 sp=0x000000dc47cfc778 mode 2
Event: 8.387 Thread 0x00000204fe219c90 DEOPT PACKING pc=0x00000204a3350030 sp=0x000000dc469fe640
Event: 8.387 Thread 0x00000204fe219c90 DEOPT UNPACKING pc=0x00000204a9a64e42 sp=0x000000dc469fda88 mode 0
Event: 8.422 Thread 0x00000204fe219c90 DEOPT PACKING pc=0x00000204a308e044 sp=0x000000dc469fe320
Event: 8.422 Thread 0x00000204fe219c90 DEOPT UNPACKING pc=0x00000204a9a64e42 sp=0x000000dc469fd828 mode 0
Event: 8.432 Thread 0x00000204fe219c90 DEOPT PACKING pc=0x00000204a2658f29 sp=0x000000dc469fe560
Event: 8.432 Thread 0x00000204fe219c90 DEOPT UNPACKING pc=0x00000204a9a64e42 sp=0x000000dc469fd9b8 mode 0
Event: 8.432 Thread 0x00000204fe219c90 Uncommon trap: trap_request=0xffffff45 fr.pc=0x00000204aa1fe2c4 relative=0x0000000000000764
Event: 8.432 Thread 0x00000204fe219c90 Uncommon trap: reason=unstable_if action=reinterpret pc=0x00000204aa1fe2c4 method=org.eclipse.jdt.internal.core.search.indexing.BinaryIndexer.extractArgCount([C[CZ)I @ 206 c2
Event: 8.432 Thread 0x00000204fe219c90 DEOPT PACKING pc=0x00000204aa1fe2c4 sp=0x000000dc469fe550
Event: 8.432 Thread 0x00000204fe219c90 DEOPT UNPACKING pc=0x00000204a9a646a2 sp=0x000000dc469fe4a8 mode 2

Classes loaded (20 events):
Event: 7.999 Loading class sun/nio/ch/FileChannelImpl$Unmapper done
Event: 7.999 Loading class sun/nio/ch/FileChannelImpl$DefaultUnmapper done
Event: 8.000 Loading class sun/nio/ch/Util$4
Event: 8.000 Loading class sun/nio/ch/Util$4 done
Event: 8.005 Loading class java/nio/file/ClosedDirectoryStreamException
Event: 8.005 Loading class java/nio/file/ClosedDirectoryStreamException done
Event: 8.005 Loading class jdk/internal/jrtfs/JrtFileSystem
Event: 8.006 Loading class jdk/internal/jrtfs/JrtFileSystem done
Event: 8.006 Loading class jdk/internal/jrtfs/JrtPath
Event: 8.007 Loading class jdk/internal/jrtfs/JrtPath done
Event: 8.007 Loading class jdk/internal/jimage/ImageReader$Node
Event: 8.007 Loading class jdk/internal/jimage/ImageReader$Node done
Event: 8.011 Loading class java/nio/ByteBufferAsIntBufferL
Event: 8.012 Loading class java/nio/ByteBufferAsIntBufferL done
Event: 8.013 Loading class jdk/internal/jimage/ImageReader$Directory
Event: 8.014 Loading class jdk/internal/jimage/ImageReader$Directory done
Event: 8.095 Loading class java/nio/channels/Channels$ReadableByteChannelImpl
Event: 8.095 Loading class java/nio/channels/Channels$ReadableByteChannelImpl done
Event: 8.096 Loading class java/nio/channels/NonWritableChannelException
Event: 8.097 Loading class java/nio/channels/NonWritableChannelException done

Classes unloaded (13 events):
Event: 6.436 Thread 0x00000204b72f4090 Unloading class 0x00000204b9321c00 'java/lang/invoke/LambdaForm$MH+0x00000204b9321c00'
Event: 6.436 Thread 0x00000204b72f4090 Unloading class 0x00000204b9321000 'java/lang/invoke/LambdaForm$MH+0x00000204b9321000'
Event: 6.436 Thread 0x00000204b72f4090 Unloading class 0x00000204b9320800 'java/lang/invoke/LambdaForm$MH+0x00000204b9320800'
Event: 6.436 Thread 0x00000204b72f4090 Unloading class 0x00000204b9320000 'java/lang/invoke/LambdaForm$MH+0x00000204b9320000'
Event: 6.436 Thread 0x00000204b72f4090 Unloading class 0x00000204b931fc00 'java/lang/invoke/LambdaForm$DMH+0x00000204b931fc00'
Event: 6.436 Thread 0x00000204b72f4090 Unloading class 0x00000204b931f000 'java/lang/invoke/LambdaForm$MH+0x00000204b931f000'
Event: 6.436 Thread 0x00000204b72f4090 Unloading class 0x00000204b931b800 'java/lang/invoke/LambdaForm$MH+0x00000204b931b800'
Event: 6.436 Thread 0x00000204b72f4090 Unloading class 0x00000204b931b000 'java/lang/invoke/LambdaForm$MH+0x00000204b931b000'
Event: 6.436 Thread 0x00000204b72f4090 Unloading class 0x00000204b931a800 'java/lang/invoke/LambdaForm$MH+0x00000204b931a800'
Event: 6.436 Thread 0x00000204b72f4090 Unloading class 0x00000204b931a000 'java/lang/invoke/LambdaForm$MH+0x00000204b931a000'
Event: 6.436 Thread 0x00000204b72f4090 Unloading class 0x00000204b9319800 'java/lang/invoke/LambdaForm$MH+0x00000204b9319800'
Event: 6.436 Thread 0x00000204b72f4090 Unloading class 0x00000204b9319000 'java/lang/invoke/LambdaForm$MH+0x00000204b9319000'
Event: 6.436 Thread 0x00000204b72f4090 Unloading class 0x00000204b9318c00 'java/lang/invoke/LambdaForm$MH+0x00000204b9318c00'

Classes redefined (0 events):
No events

Internal exceptions (20 events):
Event: 7.163 Thread 0x00000204fe217bc0 Exception <a 'java/lang/NoSuchMethodError'{0x000000008d2b1f30}: 'java.lang.Object java.lang.invoke.Invokers$Holder.invoke_MT(java.lang.Object, java.lang.Object, java.lang.Object, java.lang.Object, java.lang.Object, java.lang.Object, java.lang.Object, java.lang.Object, java.lang.Object, java.lang.Object, java.lang.Object)'> (0x000000008d2b1f30) 
thrown [s\open\src\hotspot\share\interpreter\linkResolver.cpp, line 774]
Event: 7.177 Thread 0x00000204fe217bc0 Exception <a 'java/lang/NoSuchMethodError'{0x000000008d107f10}: 'java.lang.Object java.lang.invoke.DirectMethodHandle$Holder.newInvokeSpecial(java.lang.Object, java.lang.Object, java.lang.Object, java.lang.Object, java.lang.Object, java.lang.Object, java.lang.Object, java.lang.Object)'> (0x000000008d107f10) 
thrown [s\open\src\hotspot\share\interpreter\linkResolver.cpp, line 774]
Event: 7.181 Thread 0x00000204fe217bc0 Exception <a 'java/lang/NoSuchMethodError'{0x000000008d11bd98}: 'java.lang.Object java.lang.invoke.DirectMethodHandle$Holder.invokeStatic(java.lang.Object, java.lang.Object, int, java.lang.Object, java.lang.Object)'> (0x000000008d11bd98) 
thrown [s\open\src\hotspot\share\interpreter\linkResolver.cpp, line 774]
Event: 7.182 Thread 0x00000204fe217bc0 Exception <a 'java/lang/NoSuchMethodError'{0x000000008d122480}: 'java.lang.Object java.lang.invoke.DirectMethodHandle$Holder.newInvokeSpecial(java.lang.Object, java.lang.Object, int)'> (0x000000008d122480) 
thrown [s\open\src\hotspot\share\interpreter\linkResolver.cpp, line 774]
Event: 7.193 Thread 0x00000204fe217bc0 Exception <a 'java/lang/NoSuchMethodError'{0x000000008d1995a8}: 'void java.lang.invoke.DirectMethodHandle$Holder.invokeStatic(java.lang.Object, int)'> (0x000000008d1995a8) 
thrown [s\open\src\hotspot\share\interpreter\linkResolver.cpp, line 774]
Event: 7.269 Thread 0x00000204fe217bc0 Exception <a 'java/io/FileNotFoundException'{0x000000008e92fdf8}> (0x000000008e92fdf8) 
thrown [s\open\src\hotspot\share\prims\jni.cpp, line 520]
Event: 7.414 Thread 0x00000204fe217bc0 Exception <a 'java/lang/NoSuchMethodError'{0x000000008e864f70}: 'int java.lang.invoke.DirectMethodHandle$Holder.invokeSpecialIFC(java.lang.Object, java.lang.Object, java.lang.Object)'> (0x000000008e864f70) 
thrown [s\open\src\hotspot\share\interpreter\linkResolver.cpp, line 774]
Event: 7.424 Thread 0x00000204fe217bc0 Exception <a 'java/lang/NoSuchMethodError'{0x000000008e8bbda8}: 'java.lang.Object java.lang.invoke.Invokers$Holder.invoker(java.lang.Object, java.lang.Object, java.lang.Object, java.lang.Object, java.lang.Object, java.lang.Object, java.lang.Object, java.lang.Object, java.lang.Object, java.lang.Object, java.lang.Object, java.lang.Object, java.lang.Object)'> (0x000000008e8bbda8) 
thrown [s\open\src\hotspot\share\interpreter\linkResolver.cpp, line 774]
Event: 7.425 Thread 0x00000204fe217bc0 Exception <a 'java/lang/NoSuchMethodError'{0x000000008e8c5270}: 'java.lang.Object java.lang.invoke.DelegatingMethodHandle$Holder.delegate(java.lang.Object, java.lang.Object, java.lang.Object, java.lang.Object, java.lang.Object, java.lang.Object, java.lang.Object, java.lang.Object, java.lang.Object, java.lang.Object, java.lang.Object, java.lang.Object, java.lang.Object)'> (0x000000008e8c5270) 
thrown [s\open\src\hotspot\share\interpreter\linkResolver.cpp, line 774]
Event: 7.449 Thread 0x00000204fe217530 Exception <a 'sun/nio/fs/WindowsException'{0x000000008e6015e0}> (0x000000008e6015e0) 
thrown [s\open\src\hotspot\share\prims\jni.cpp, line 520]
Event: 7.450 Thread 0x00000204fe217530 Exception <a 'sun/nio/fs/WindowsException'{0x000000008e601ec0}> (0x000000008e601ec0) 
thrown [s\open\src\hotspot\share\prims\jni.cpp, line 520]
Event: 7.456 Thread 0x00000204fe217530 Exception <a 'sun/nio/fs/WindowsException'{0x000000008e61c9a0}> (0x000000008e61c9a0) 
thrown [s\open\src\hotspot\share\prims\jni.cpp, line 520]
Event: 7.458 Thread 0x00000204fe217530 Exception <a 'sun/nio/fs/WindowsException'{0x000000008e61dfe0}> (0x000000008e61dfe0) 
thrown [s\open\src\hotspot\share\prims\jni.cpp, line 520]
Event: 7.461 Thread 0x00000204fe217530 Exception <a 'java/io/FileNotFoundException'{0x000000008e6c6358}> (0x000000008e6c6358) 
thrown [s\open\src\hotspot\share\prims\jni.cpp, line 520]
Event: 7.466 Thread 0x00000204fe217530 Exception <a 'java/io/FileNotFoundException'{0x000000008e5622a8}> (0x000000008e5622a8) 
thrown [s\open\src\hotspot\share\prims\jni.cpp, line 520]
Event: 7.466 Thread 0x00000204fe217530 Exception <a 'java/io/FileNotFoundException'{0x000000008e563128}> (0x000000008e563128) 
thrown [s\open\src\hotspot\share\prims\jni.cpp, line 520]
Event: 7.466 Thread 0x00000204fe217530 Exception <a 'java/io/FileNotFoundException'{0x000000008e563de8}> (0x000000008e563de8) 
thrown [s\open\src\hotspot\share\prims\jni.cpp, line 520]
Event: 7.490 Thread 0x00000204fe217bc0 Exception <a 'java/lang/NoSuchMethodError'{0x000000008e4d7820}: 'java.lang.Object java.lang.invoke.DirectMethodHandle$Holder.newInvokeSpecial(java.lang.Object, java.lang.Object, java.lang.Object, java.lang.Object, java.lang.Object, java.lang.Object, java.lang.Object)'> (0x000000008e4d7820) 
thrown [s\open\src\hotspot\share\interpreter\linkResolver.cpp, line 774]
Event: 8.001 Thread 0x00000204fe219c90 Exception <a 'java/lang/NoSuchMethodError'{0x000000008dfe4280}: 'java.lang.Object java.lang.invoke.DelegatingMethodHandle$Holder.reinvoke_L(java.lang.Object, int, long, java.lang.Object, java.lang.Object, int, java.lang.Object)'> (0x000000008dfe4280) 
thrown [s\open\src\hotspot\share\interpreter\linkResolver.cpp, line 774]
Event: 8.330 Thread 0x00000204fe219c90 Implicit null exception at 0x00000204aa348d65 to 0x00000204aa348f68

ZGC Phase Switch (0 events):
No events

VM Operations (20 events):
Event: 7.990 Executing VM operation: HandshakeAllThreads (Deoptimize) done
Event: 8.013 Executing VM operation: HandshakeAllThreads (Deoptimize)
Event: 8.013 Executing VM operation: HandshakeAllThreads (Deoptimize) done
Event: 8.041 Executing VM operation: HandshakeAllThreads (Deoptimize)
Event: 8.041 Executing VM operation: HandshakeAllThreads (Deoptimize) done
Event: 8.076 Executing VM operation: G1CollectForAllocation (G1 Evacuation Pause)
Event: 8.080 Executing VM operation: G1CollectForAllocation (G1 Evacuation Pause) done
Event: 8.096 Executing VM operation: HandshakeAllThreads (Deoptimize)
Event: 8.096 Executing VM operation: HandshakeAllThreads (Deoptimize) done
Event: 8.234 Executing VM operation: G1CollectForAllocation (G1 Evacuation Pause)
Event: 8.237 Executing VM operation: G1CollectForAllocation (G1 Evacuation Pause) done
Event: 8.260 Executing VM operation: G1PauseRemark
Event: 8.267 Executing VM operation: G1PauseRemark done
Event: 8.275 Executing VM operation: G1PauseCleanup
Event: 8.275 Executing VM operation: G1PauseCleanup done
Event: 8.344 Executing VM operation: G1CollectForAllocation (G1 Evacuation Pause)
Event: 8.350 Executing VM operation: G1CollectForAllocation (G1 Evacuation Pause) done
Event: 8.407 Executing VM operation: G1CollectForAllocation (G1 Evacuation Pause)
Event: 8.412 Executing VM operation: G1CollectForAllocation (G1 Evacuation Pause) done
Event: 8.457 Executing VM operation: G1CollectForAllocation (G1 Evacuation Pause)

Events (20 events):
Event: 8.266 Thread 0x00000204b72f4090 flushing nmethod 0x00000204a2fb4d90
Event: 8.266 Thread 0x00000204b72f4090 flushing nmethod 0x00000204a31d4590
Event: 8.266 Thread 0x00000204b72f4090 flushing nmethod 0x00000204aa20da10
Event: 8.266 Thread 0x00000204b72f4090 flushing nmethod 0x00000204a2533510
Event: 8.266 Thread 0x00000204b72f4090 flushing nmethod 0x00000204a26c6a10
Event: 8.266 Thread 0x00000204b72f4090 flushing nmethod 0x00000204a283bc90
Event: 8.266 Thread 0x00000204b72f4090 flushing nmethod 0x00000204a29ab990
Event: 8.266 Thread 0x00000204b72f4090 flushing nmethod 0x00000204a2d26390
Event: 8.266 Thread 0x00000204b72f4090 flushing nmethod 0x00000204a2d3a890
Event: 8.266 Thread 0x00000204b72f4090 flushing nmethod 0x00000204aa1f2710
Event: 8.266 Thread 0x00000204b72f4090 flushing nmethod 0x00000204aa1f6210
Event: 8.266 Thread 0x00000204b72f4090 flushing nmethod 0x00000204a2584990
Event: 8.266 Thread 0x00000204b72f4090 flushing nmethod 0x00000204a2821e90
Event: 8.266 Thread 0x00000204b72f4090 flushing nmethod 0x00000204a2822210
Event: 8.266 Thread 0x00000204b72f4090 flushing nmethod 0x00000204a2825210
Event: 8.266 Thread 0x00000204b72f4090 flushing nmethod 0x00000204a2837610
Event: 8.266 Thread 0x00000204b72f4090 flushing nmethod 0x00000204a2a85910
Event: 8.266 Thread 0x00000204b72f4090 flushing nmethod 0x00000204a2a86190
Event: 8.266 Thread 0x00000204b72f4090 flushing nmethod 0x00000204a2ce3c10
Event: 8.266 Thread 0x00000204b72f4090 flushing nmethod 0x00000204a2ce7710


Dynamic libraries:
0x00007ff7001e0000 - 0x00007ff7001f0000 	C:\Program Files\Java\jdk-22\bin\java.EXE
0x00007ffd17580000 - 0x00007ffd177e7000 	C:\WINDOWS\SYSTEM32\ntdll.dll
0x00007ffd165a0000 - 0x00007ffd16669000 	C:\WINDOWS\System32\KERNEL32.DLL
0x00007ffd14b50000 - 0x00007ffd14f41000 	C:\WINDOWS\System32\KERNELBASE.dll
0x00007ffd15140000 - 0x00007ffd1528b000 	C:\WINDOWS\System32\ucrtbase.dll
0x00007ffce6470000 - 0x00007ffce648b000 	C:\Program Files\Java\jdk-22\bin\VCRUNTIME140.dll
0x00007ffcdd4c0000 - 0x00007ffcdd4d7000 	C:\Program Files\Java\jdk-22\bin\jli.dll
0x00007ffd15d70000 - 0x00007ffd15e2b000 	C:\WINDOWS\System32\ADVAPI32.dll
0x00007ffd15ad0000 - 0x00007ffd15b79000 	C:\WINDOWS\System32\msvcrt.dll
0x00007ffd15bc0000 - 0x00007ffd15c67000 	C:\WINDOWS\System32\sechost.dll
0x00007ffd17110000 - 0x00007ffd17228000 	C:\WINDOWS\System32\RPCRT4.dll
0x00007ffd15320000 - 0x00007ffd154e5000 	C:\WINDOWS\System32\USER32.dll
0x00007ffd14150000 - 0x00007ffd14177000 	C:\WINDOWS\System32\win32u.dll
0x00007ffcf87c0000 - 0x00007ffcf8a53000 	C:\WINDOWS\WinSxS\amd64_microsoft.windows.common-controls_6595b64144ccf1df_6.0.26100.8037_none_3e092faae333b53b\COMCTL32.dll
0x00007ffd17330000 - 0x00007ffd1735b000 	C:\WINDOWS\System32\GDI32.dll
0x00007ffd15010000 - 0x00007ffd1513b000 	C:\WINDOWS\System32\gdi32full.dll
0x00007ffd14180000 - 0x00007ffd14223000 	C:\WINDOWS\System32\msvcp_win.dll
0x00007ffd0d6f0000 - 0x00007ffd0d6fb000 	C:\WINDOWS\SYSTEM32\VERSION.dll
0x00007ffd16d50000 - 0x00007ffd16d81000 	C:\WINDOWS\System32\IMM32.DLL
0x00007ffd0d600000 - 0x00007ffd0d60c000 	C:\Program Files\Java\jdk-22\bin\vcruntime140_1.dll
0x00007ffc96370000 - 0x00007ffc963fe000 	C:\Program Files\Java\jdk-22\bin\msvcp140.dll
0x00007ffc17d80000 - 0x00007ffc18ac7000 	C:\Program Files\Java\jdk-22\bin\server\jvm.dll
0x00007ffd16a10000 - 0x00007ffd16a84000 	C:\WINDOWS\System32\WS2_32.dll
0x00007ffd13cc0000 - 0x00007ffd13d1e000 	C:\WINDOWS\SYSTEM32\POWRPROF.dll
0x00007ffd0cbf0000 - 0x00007ffd0cc25000 	C:\WINDOWS\SYSTEM32\WINMM.dll
0x00007ffd13ca0000 - 0x00007ffd13cb4000 	C:\WINDOWS\SYSTEM32\UMPDC.dll
0x00007ffd12b30000 - 0x00007ffd12b4b000 	C:\WINDOWS\SYSTEM32\kernel.appcore.dll
0x00007ffcec3e0000 - 0x00007ffcec3ea000 	C:\Program Files\Java\jdk-22\bin\jimage.dll
0x00007ffd099a0000 - 0x00007ffd09be2000 	C:\WINDOWS\SYSTEM32\DBGHELP.DLL
0x00007ffd16680000 - 0x00007ffd16a02000 	C:\WINDOWS\System32\combase.dll
0x00007ffd159e0000 - 0x00007ffd15ab7000 	C:\WINDOWS\System32\OLEAUT32.dll
0x00007ffcf4f60000 - 0x00007ffcf4f9b000 	C:\WINDOWS\SYSTEM32\dbgcore.DLL
0x00007ffd14aa0000 - 0x00007ffd14b45000 	C:\WINDOWS\System32\bcryptPrimitives.dll
0x00007ffcdce10000 - 0x00007ffcdce2e000 	C:\Program Files\Java\jdk-22\bin\java.dll
0x00007ffd15e30000 - 0x00007ffd1658f000 	C:\WINDOWS\System32\SHELL32.dll
0x00007ffd13e60000 - 0x00007ffd13fca000 	C:\WINDOWS\System32\wintypes.dll
0x00007ffd16f70000 - 0x00007ffd17105000 	C:\WINDOWS\System32\ole32.dll
0x00007ffd14230000 - 0x00007ffd14a94000 	C:\WINDOWS\System32\windows.storage.dll
0x00007ffd17230000 - 0x00007ffd17327000 	C:\WINDOWS\System32\SHCORE.dll
0x00007ffd15c70000 - 0x00007ffd15cd7000 	C:\WINDOWS\System32\shlwapi.dll
0x00007ffd13d80000 - 0x00007ffd13da9000 	C:\WINDOWS\SYSTEM32\profapi.dll
0x00007ffc887f0000 - 0x00007ffc888c7000 	C:\Program Files\Java\jdk-22\bin\jsvml.dll
0x00007ffcad9d0000 - 0x00007ffcad9e0000 	C:\Program Files\Java\jdk-22\bin\net.dll
0x00007ffd13160000 - 0x00007ffd131cb000 	C:\WINDOWS\system32\mswsock.dll
0x00007ffcaca30000 - 0x00007ffcaca46000 	C:\Program Files\Java\jdk-22\bin\nio.dll
0x00007ffcaca10000 - 0x00007ffcaca27000 	C:\Program Files\Java\jdk-22\bin\zip.dll
0x00007ffcd8d50000 - 0x00007ffcd8d95000 	C:\Users\Jay\.cache\opencode\bin\jdtls\config_win\org.eclipse.equinox.launcher\org.eclipse.equinox.launcher.win32.win32.x86_64_1.3.0.v20260203-2149\eclipse_11919.dll
0x00007ffcad9c0000 - 0x00007ffcad9ca000 	C:\Program Files\Java\jdk-22\bin\management.dll
0x00007ffcaca60000 - 0x00007ffcaca6b000 	C:\Program Files\Java\jdk-22\bin\management_ext.dll
0x00007ffd15ce0000 - 0x00007ffd15ce8000 	C:\WINDOWS\System32\PSAPI.DLL
0x00007ffc96360000 - 0x00007ffc96370000 	C:\Program Files\Java\jdk-22\bin\verify.dll
0x00007ffd13440000 - 0x00007ffd1345b000 	C:\WINDOWS\SYSTEM32\CRYPTSP.dll
0x00007ffd12b50000 - 0x00007ffd12b89000 	C:\WINDOWS\system32\rsaenh.dll
0x00007ffd13210000 - 0x00007ffd13242000 	C:\WINDOWS\SYSTEM32\USERENV.dll
0x00007ffd13d50000 - 0x00007ffd13d7a000 	C:\WINDOWS\SYSTEM32\bcrypt.dll
0x00007ffd13460000 - 0x00007ffd1346c000 	C:\WINDOWS\SYSTEM32\CRYPTBASE.dll
0x00007ffd125b0000 - 0x00007ffd125e3000 	C:\WINDOWS\SYSTEM32\IPHLPAPI.DLL
0x00007ffd15ac0000 - 0x00007ffd15aca000 	C:\WINDOWS\System32\NSI.dll
0x00007ffceb070000 - 0x00007ffceb0b9000 	C:\Users\Jay\AppData\Local\Temp\jna-74242\jna3596106349192792637.dll
0x00007ffd0cfe0000 - 0x00007ffd0d107000 	C:\WINDOWS\SYSTEM32\winhttp.dll
0x00007ffd0d700000 - 0x00007ffd0d71d000 	C:\WINDOWS\SYSTEM32\dhcpcsvc6.DLL
0x00007ffd0cdf0000 - 0x00007ffd0ce13000 	C:\WINDOWS\SYSTEM32\dhcpcsvc.DLL
0x00007ffc9ffa0000 - 0x00007ffc9ffae000 	C:\Program Files\Java\jdk-22\bin\sunmscapi.dll
0x00007ffd13fd0000 - 0x00007ffd14147000 	C:\WINDOWS\System32\CRYPT32.dll
0x00007ffd13660000 - 0x00007ffd13690000 	C:\WINDOWS\SYSTEM32\ncrypt.dll
0x00007ffd13610000 - 0x00007ffd1364f000 	C:\WINDOWS\SYSTEM32\NTASN1.dll
0x00007ffd125f0000 - 0x00007ffd1271a000 	C:\WINDOWS\SYSTEM32\DNSAPI.dll
0x00007ffcf7f20000 - 0x00007ffcf7f2b000 	C:\Windows\System32\rasadhlp.dll
0x00007ffd0a720000 - 0x00007ffd0a7a6000 	C:\WINDOWS\System32\fwpuclnt.dll
0x00007ffcaca00000 - 0x00007ffcaca09000 	C:\Program Files\Java\jdk-22\bin\extnet.dll

dbghelp: loaded successfully - version: 4.0.5 - missing functions: none
symbol engine: initialized successfully - sym options: 0x614 - pdb path: .;C:\Program Files\Java\jdk-22\bin;C:\WINDOWS\SYSTEM32;C:\WINDOWS\WinSxS\amd64_microsoft.windows.common-controls_6595b64144ccf1df_6.0.26100.8037_none_3e092faae333b53b;C:\Program Files\Java\jdk-22\bin\server;C:\Users\Jay\.cache\opencode\bin\jdtls\config_win\org.eclipse.equinox.launcher\org.eclipse.equinox.launcher.win32.win32.x86_64_1.3.0.v20260203-2149;C:\Users\Jay\AppData\Local\Temp\jna-74242

VM Arguments:
java_command: C:\Users\Jay\.cache\opencode\bin\jdtls\plugins\org.eclipse.equinox.launcher_1.7.100.v20251111-0406.jar -configuration C:\Users\Jay\.cache\opencode\bin\jdtls\config_win -data C:\Users\Jay\AppData\Local\Temp\opencode-jdtls-dataBWPsrL -Declipse.application=org.eclipse.jdt.ls.core.id1 -Dosgi.bundles.defaultStartLevel=4 -Declipse.product=org.eclipse.jdt.ls.core.product -Dlog.level=ALL --add-modules=ALL-SYSTEM --add-opens java.base/java.util=ALL-UNNAMED --add-opens java.base/java.lang=ALL-UNNAMED
java_class_path (initial): C:\Users\Jay\.cache\opencode\bin\jdtls\plugins\org.eclipse.equinox.launcher_1.7.100.v20251111-0406.jar
Launcher Type: SUN_STANDARD

[Global flags]
     intx CICompilerCount                          = 4                                         {product} {ergonomic}
     uint ConcGCThreads                            = 3                                         {product} {ergonomic}
     uint G1ConcRefinementThreads                  = 10                                        {product} {ergonomic}
   size_t G1HeapRegionSize                         = 1048576                                   {product} {ergonomic}
   size_t InitialHeapSize                          = 123731968                                 {product} {ergonomic}
   size_t MarkStackSize                            = 4194304                                   {product} {ergonomic}
   size_t MaxHeapSize                              = 1973420032                                {product} {ergonomic}
   size_t MaxNewSize                               = 1183842304                                {product} {ergonomic}
   size_t MinHeapDeltaBytes                        = 1048576                                   {product} {ergonomic}
   size_t MinHeapSize                              = 8388608                                   {product} {ergonomic}
    uintx NonNMethodCodeHeapSize                   = 5839372                                {pd product} {ergonomic}
    uintx NonProfiledCodeHeapSize                  = 122909434                              {pd product} {ergonomic}
    uintx ProfiledCodeHeapSize                     = 122909434                              {pd product} {ergonomic}
    uintx ReservedCodeCacheSize                    = 251658240                              {pd product} {ergonomic}
     bool SegmentedCodeCache                       = true                                      {product} {ergonomic}
   size_t SoftMaxHeapSize                          = 1973420032                             {manageable} {ergonomic}
     bool UseCompressedOops                        = true                           {product lp64_product} {ergonomic}
     bool UseG1GC                                  = true                                      {product} {ergonomic}
     bool UseLargePagesIndividualAllocation        = false                                  {pd product} {ergonomic}

Logging:
Log output configuration:
 #0: stdout all=warning uptime,level,tags foldmultilines=false
 #1: stderr all=off uptime,level,tags foldmultilines=false

Environment Variables:
JAVA_HOME=C:\Program Files\Java\jdk-22
CLASSPATH=C:\myPrograms\myProjects\lib\ojdbc8.jar
PATH=C:\Program Files\Common Files\Oracle\Java\javapath;C:\windows\system32;C:\windows;C:\windows\System32\Wbem;C:\windows\System32\WindowsPowerShell\v1.0\;C:\windows\System32\OpenSSH\;C:\Program Files (x86)\NVIDIA Corporation\PhysX\Common;C:\Program Files\NVIDIA Corporation\NVIDIA NvDLISR;C:\WINDOWS\system32;C:\WINDOWS;C:\WINDOWS\System32\Wbem;C:\WINDOWS\System32\WindowsPowerShell\v1.0\;C:\WINDOWS\System32\OpenSSH\;C:\MinGW\bin;C:\Program Files\dotnet\;C:\Program Files\HP\HP One Agent;C:\Program Files\Git\cmd;C:\WINDOWS\system32;C:\WINDOWS;C:\WINDOWS\System32\Wbem;C:\WINDOWS\System32\WindowsPowerShell\v1.0\;C:\WINDOWS\System32\OpenSSH\;C:\Program Files\Kubernetes\Minikube;C:\Jay;C:\Program Files\nodejs\;C:\Program Files\Docker\Docker\resources\bin;C:\Program Files\MySQL\MySQL Shell 8.0\bin\;C:\Users\Jay\bin;C:\Users\Jay\AppData\Local\Programs\Python\Python311\Scripts\;C:\Users\Jay\AppData\Local\Programs\Python\Python311\;C:\msys64\mingw64\bin;C:\Users\Jay\AppData\Local\Programs\Microsoft VS Code\bin;C:\Users\Jay\AppData\Local\Microsoft\WindowsApps;C:\Oracle\instantclient-basic-windows.x64-23.9.0.25.07;C:\Users\Jay\AppData\Local\Microsoft\WinGet\Packages\Kubernetes.kubectl_Microsoft.Winget.Source_8wekyb3d8bbwe;C:\Users\Jay\AppData\Local\Microsoft\WinGet\Packages\Kubernetes.kind_Microsoft.Winget.Source_8wekyb3d8bbwe;C:\Program Files\Java\jdk-22\bin;C:\maven-mvnd-1.0.2-windows-amd64\bin;C:\apache-ant-1.10.15\bin;C:\Users\Jay\AppData\Local\Python\bin;C:\Program Files\MySQL\MySQL Server 9.5\bin;C:\Users\Jay\AppData\Roaming\npm;C:\Users\Jay\.dotnet\tools;C:\apache-maven-3.9.14\bin;;C:\Users\Jay\AppData\Local\Programs\Warp\bin;
USERNAME=Jay
OS=Windows_NT
PROCESSOR_IDENTIFIER=AMD64 Family 25 Model 80 Stepping 0, AuthenticAMD
TMP=C:\Users\Jay\AppData\Local\Temp
TEMP=C:\Users\Jay\AppData\Local\Temp




Periodic native trim disabled

---------------  S Y S T E M  ---------------

OS:
 Windows 11 , 64 bit Build 26100 (10.0.26100.7920)
OS uptime: 0 days 2:24 hours
Hyper-V role detected

CPU: total 12 (initial active 12) (12 cores per cpu, 2 threads per core) family 25 model 80 stepping 0 microcode 0xa50000d, cx8, cmov, fxsr, ht, mmx, 3dnowpref, sse, sse2, sse3, ssse3, sse4a, sse4.1, sse4.2, popcnt, lzcnt, tsc, tscinvbit, avx, avx2, aes, erms, clmul, bmi1, bmi2, adx, sha, fma, vzeroupper, clflush, clflushopt, hv, rdtscp, rdpid, fsrm, f16c, cet_ss
Processor Information for processor 0
  Max Mhz: 3301, Current Mhz: 2011, Mhz Limit: 3301
Processor Information for processor 1
  Max Mhz: 3301, Current Mhz: 2011, Mhz Limit: 3301
Processor Information for processor 2
  Max Mhz: 3301, Current Mhz: 3301, Mhz Limit: 3301
Processor Information for processor 3
  Max Mhz: 3301, Current Mhz: 2011, Mhz Limit: 3301
Processor Information for processor 4
  Max Mhz: 3301, Current Mhz: 2011, Mhz Limit: 3301
Processor Information for processor 5
  Max Mhz: 3301, Current Mhz: 2011, Mhz Limit: 3301
Processor Information for processor 6
  Max Mhz: 3301, Current Mhz: 3301, Mhz Limit: 3301
Processor Information for processor 7
  Max Mhz: 3301, Current Mhz: 2011, Mhz Limit: 3301
Processor Information for processor 8
  Max Mhz: 3301, Current Mhz: 3301, Mhz Limit: 3301
Processor Information for processor 9
  Max Mhz: 3301, Current Mhz: 2011, Mhz Limit: 3301
Processor Information for processor 10
  Max Mhz: 3301, Current Mhz: 3301, Mhz Limit: 3301
Processor Information for processor 11
  Max Mhz: 3301, Current Mhz: 2011, Mhz Limit: 3301

Memory: 4k page, system-wide physical 7521M (574M free)
TotalPageFile size 31073M (AvailPageFile size 60M)
current process WorkingSet (physical memory assigned to process): 259M, peak: 259M
current process commit charge ("private bytes"): 290M, peak: 320M

vm_info: Java HotSpot(TM) 64-Bit Server VM (22.0.1+8-16) for windows-amd64 JRE (22.0.1+8-16), built on 2024-03-12T10:33:16Z by "mach5one" with MS VC++ 17.6 (VS2022)

END.
